BL51 BANKED LINKER/LOCATER V4.02                                                        11/08/2019  22:45:15  PAGE 1


BL51 BANKED LINKER/LOCATER V4.02, INVOKED BY:
C:\KEIL\C51\BIN\BL51.EXE .\exp_4_main.obj, .\LCD_hardware_functions.obj, .\LCD_routines.obj, .\LED_Control.obj, .\Output
>> s.obj, .\sector_reader.obj, .\SPI.obj, .\Timer0_hardware_delay_1ms.obj, .\UART.obj, .\SDCard.obj, .\Directory_Functio
>> ns_struct.obj, .\file_system.obj, .\print_bytes.obj, .\Long_Serial_In.obj TO exp4_project


MEMORY MODEL: SMALL


INPUT MODULES INCLUDED:
  .\exp_4_main.obj (EXP_4_MAIN)
  .\LCD_hardware_functions.obj (LCD_HARDWARE_FUNCTIONS)
  .\LCD_routines.obj (LCD_ROUTINES)
  .\LED_Control.obj (LED_CONTROL)
  .\Outputs.obj (OUTPUTS)
  .\sector_reader.obj (SECTOR_READER)
  .\SPI.obj (SPI)
  .\Timer0_hardware_delay_1ms.obj (TIMER0_HARDWARE_DELAY_1MS)
  .\UART.obj (UART)
  .\SDCard.obj (SDCARD)
  .\Directory_Functions_struct.obj (DIRECTORY_FUNCTIONS_STRUCT)
  .\file_system.obj (FILE_SYSTEM)
  .\print_bytes.obj (PRINT_BYTES)
  .\Long_Serial_In.obj (LONG_SERIAL_IN)
  C:\KEIL\C51\LIB\C51S.LIB (?C_STARTUP)
  C:\KEIL\C51\LIB\C51S.LIB (?C?CLDPTR)
  C:\KEIL\C51\LIB\C51S.LIB (?C?CLDOPTR)
  C:\KEIL\C51\LIB\C51S.LIB (?C?CILDOPTR)
  C:\KEIL\C51\LIB\C51S.LIB (?C?CSTPTR)
  C:\KEIL\C51\LIB\C51S.LIB (?C?CSTOPTR)
  C:\KEIL\C51\LIB\C51S.LIB (?C?UIDIV)
  C:\KEIL\C51\LIB\C51S.LIB (?C?ILDOPTR)
  C:\KEIL\C51\LIB\C51S.LIB (?C?ISTOPTR)
  C:\KEIL\C51\LIB\C51S.LIB (?C?LMUL)
  C:\KEIL\C51\LIB\C51S.LIB (?C?ULDIV)
  C:\KEIL\C51\LIB\C51S.LIB (?C?ULCMP)
  C:\KEIL\C51\LIB\C51S.LIB (?C?ULSHR)
  C:\KEIL\C51\LIB\C51S.LIB (?C?LSHL)
  C:\KEIL\C51\LIB\C51S.LIB (?C?LLDOPTR)
  C:\KEIL\C51\LIB\C51S.LIB (?C?LSTOPTR)
  C:\KEIL\C51\LIB\C51S.LIB (?C?LLDIDATA)
  C:\KEIL\C51\LIB\C51S.LIB (?C?LLDOPTR0)
  C:\KEIL\C51\LIB\C51S.LIB (PUTCHAR)
  C:\KEIL\C51\LIB\C51S.LIB (PRINTF)
  C:\KEIL\C51\LIB\C51S.LIB (GETCHAR)
  C:\KEIL\C51\LIB\C51S.LIB (ATOL)
  C:\KEIL\C51\LIB\C51S.LIB (?C?LNEG)
  C:\KEIL\C51\LIB\C51S.LIB (?C?LLDXDATA)
  C:\KEIL\C51\LIB\C51S.LIB (?C?LLDPDATA)
  C:\KEIL\C51\LIB\C51S.LIB (?C?LLDCODE)
  C:\KEIL\C51\LIB\C51S.LIB (?C?LLDIDATA0)
  C:\KEIL\C51\LIB\C51S.LIB (?C?LLDXDATA0)
  C:\KEIL\C51\LIB\C51S.LIB (?C?LLDPDATA0)
  C:\KEIL\C51\LIB\C51S.LIB (?C?LLDCODE0)
  C:\KEIL\C51\LIB\C51S.LIB (?C?LSTIDATA)
  C:\KEIL\C51\LIB\C51S.LIB (?C?LSTXDATA)
  C:\KEIL\C51\LIB\C51S.LIB (?C?LSTPDATA)
  C:\KEIL\C51\LIB\C51S.LIB (?C?PLDIIDATA)
BL51 BANKED LINKER/LOCATER V4.02                                                      11/08/2019  22:45:15  PAGE 2


  C:\KEIL\C51\LIB\C51S.LIB (?C?CCASE)
  C:\KEIL\C51\LIB\C51S.LIB (_GETKEY)
  C:\KEIL\C51\LIB\C51S.LIB (ISDIGIT)
  C:\KEIL\C51\LIB\C51S.LIB (ISSPACE)


LINK MAP OF MODULE:  exp4_project (EXP_4_MAIN)


            TYPE    BASE      LENGTH    RELOCATION   SEGMENT NAME
            -----------------------------------------------------

            * * * * * * *   D A T A   M E M O R Y   * * * * * * *
            REG     0000H     0008H     ABSOLUTE     "REG BANK 0"
            DATA    0008H     0001H     UNIT         ?DT?GETCHAR
            IDATA   0009H     0016H     UNIT         ?ID?DIRECTORY_FUNCTIONS_STRUCT
            IDATA   001FH     0001H     UNIT         ?ID?SDCARD
            BIT     0020H.0   0001H.1   UNIT         _BIT_GROUP_
            BIT     0021H.1   0000H.1   UNIT         ?BI?GETCHAR
                    0021H.2   0000H.6                *** GAP ***
            DATA    0022H     004EH     UNIT         _DATA_GROUP_
            IDATA   0070H     0001H     UNIT         ?STACK

            * * * * * * *  X D A T A   M E M O R Y  * * * * * * *
            XDATA   0000H     0200H     UNIT         ?XD?EXP_4_MAIN

            * * * * * * *   C O D E   M E M O R Y   * * * * * * *
            CODE    0000H     0003H     ABSOLUTE     
            CODE    0003H     0411H     UNIT         ?C?LIB_CODE
            CODE    0414H     03F6H     UNIT         ?PR?_MOUNT_DRIVE?FILE_SYSTEM
            CODE    080AH     03F2H     UNIT         ?PR?SD_CARD_INIT?SDCARD
            CODE    0BFCH     035CH     UNIT         ?PR?PRINTF?PRINTF
            CODE    0F58H     027DH     UNIT         ?PR?_READ_DIR_ENTRY?DIRECTORY_FUNCTIONS_STRUCT
            CODE    11D5H     020EH     UNIT         ?CO?SDCARD
            CODE    13E3H     01E6H     UNIT         ?PR?_PRINT_DIRECTORY?DIRECTORY_FUNCTIONS_STRUCT
            CODE    15C9H     01B6H     UNIT         ?PR?MAIN?EXP_4_MAIN
            CODE    177FH     0168H     UNIT         ?PR?_FIND_NEXT_CLUS?FILE_SYSTEM
            CODE    18E7H     0147H     UNIT         ?PR?_PRINT_FILE?FILE_SYSTEM
            CODE    1A2EH     0129H     UNIT         ?CO?FILE_SYSTEM
            CODE    1B57H     010BH     UNIT         ?PR?_SEND_COMMAND?SDCARD
            CODE    1C62H     00FFH     UNIT         ?PR?_READ_BLOCK?SDCARD
            CODE    1D61H     00DEH     UNIT         ?PR?_ATOL?ATOL
            CODE    1E3FH     00D1H     UNIT         ?PR?LONG_SERIAL_INPUT?LONG_SERIAL_IN
            CODE    1F10H     00B2H     UNIT         ?CO?EXP_4_MAIN
            CODE    1FC2H     0099H     UNIT         ?PR?_RESPONSE?SDCARD
            CODE    205BH     008CH     UNIT         ?PR?_SPI_MASTER_INIT?SPI
            CODE    20E7H     0085H     UNIT         ?PR?_LCD_PRINT?LCD_ROUTINES
            CODE    216CH     007CH     UNIT         ?PR?_FIRST_SECTOR?FILE_SYSTEM
            CODE    21E8H     0078H     UNIT         ?PR?_PRINT_16BYTES?PRINT_BYTES
            CODE    2260H     006EH     UNIT         ?PR?_PRINT_ERROR?SDCARD
            CODE    22CEH     0064H     UNIT         ?PR?_READ32?SECTOR_READER
            CODE    2332H     005FH     UNIT         ?PR?_PRINT_MEMORY?PRINT_BYTES
            CODE    2391H     0050H     UNIT         ?PR?_READ_SECTOR?SECTOR_READER
            CODE    23E1H     0045H     UNIT         ?CO?PRINT_BYTES
            CODE    2426H     0038H     UNIT         ?PR?LCD_INIT?LCD_ROUTINES
            CODE    245EH     0035H     UNIT         ?PR?_UART_INIT?UART
            CODE    2493H     0033H     UNIT         ?PR?_READ16?SECTOR_READER
BL51 BANKED LINKER/LOCATER V4.02                                                      11/08/2019  22:45:15  PAGE 3


            CODE    24C6H     0033H     UNIT         ?PR?_SPI_TRANSFER?SPI
            CODE    24F9H     002AH     UNIT         ?PR?_LCD_WRITE?LCD_HARDWARE_FUNCTIONS
            CODE    2523H     0027H     UNIT         ?PR?PUTCHAR?PUTCHAR
            CODE    254AH     0026H     UNIT         ?PR?_TIMER0_DELAY_1MS?TIMER0_HARDWARE_DELAY_1MS
            CODE    2570H     0020H     UNIT         ?PR?_UART_TRANSMIT?UART
            CODE    2590H     0013H     UNIT         ?PR?_ISSPACE?ISSPACE
            CODE    25A3H     0011H     UNIT         ?PR?GETCHAR?GETCHAR
            CODE    25B4H     000FH     UNIT         ?PR?_ISDIGIT?ISDIGIT
            CODE    25C3H     000DH     UNIT         ?CO?DIRECTORY_FUNCTIONS_STRUCT
            CODE    25D0H     000CH     UNIT         ?PR?_READ8?SECTOR_READER
            CODE    25DCH     000CH     UNIT         ?C_C51STARTUP
            CODE    25E8H     000AH     UNIT         ?PR?_GETKEY?_GETKEY
            CODE    25F2H     0008H     UNIT         ?PR?UART_RECEIVE?UART
            CODE    25FAH     0007H     UNIT         ?PR?EXPORT_DRIVE_VALUES?DIRECTORY_FUNCTIONS_STRUCT
            CODE    2601H     0005H     UNIT         ?PR?_LEDS_ON?LED_CONTROL
            CODE    2606H     0005H     UNIT         ?PR?_P3_CLEAR_BIT?OUTPUTS
            CODE    260BH     0005H     UNIT         ?PR?_SPI_SELECT_CLEAR?SPI
            CODE    2610H     0005H     UNIT         ?PR?RETURN_SD_CARD_TYPE?SDCARD
            CODE    2615H     0004H     UNIT         ?PR?_LEDS_OFF?LED_CONTROL
            CODE    2619H     0004H     UNIT         ?PR?_P2_SET_BIT?OUTPUTS
            CODE    261DH     0004H     UNIT         ?PR?_P3_SET_BIT?OUTPUTS
            CODE    2621H     0004H     UNIT         ?PR?_SPI_SELECT_SET?SPI
            CODE    2625H     0003H     UNIT         ?PR?_P0_OUTPUT_BITS?OUTPUTS



OVERLAY MAP OF MODULE:   exp4_project (EXP_4_MAIN)


SEGMENT                                                       BIT_GROUP          DATA_GROUP 
  +--> CALLED SEGMENT                                      START    LENGTH     START    LENGTH
----------------------------------------------------------------------------------------------
?C_C51STARTUP                                              -----    -----      -----    -----
  +--> ?PR?MAIN?EXP_4_MAIN

?PR?MAIN?EXP_4_MAIN                                        -----    -----      0022H    0011H
  +--> ?PR?_LEDS_ON?LED_CONTROL
  +--> ?PR?_P2_SET_BIT?OUTPUTS
  +--> ?PR?_TIMER0_DELAY_1MS?TIMER0_HARDWARE_DELAY_1MS
  +--> ?PR?_UART_INIT?UART
  +--> ?PR?LCD_INIT?LCD_ROUTINES
  +--> ?CO?EXP_4_MAIN
  +--> ?PR?_LCD_PRINT?LCD_ROUTINES
  +--> ?PR?PRINTF?PRINTF
  +--> ?PR?_SPI_MASTER_INIT?SPI
  +--> ?PR?_UART_TRANSMIT?UART
  +--> ?PR?SD_CARD_INIT?SDCARD
  +--> ?PR?_LEDS_OFF?LED_CONTROL
  +--> ?PR?_MOUNT_DRIVE?FILE_SYSTEM
  +--> ?PR?EXPORT_DRIVE_VALUES?DIRECTORY_FUNCTIONS_STRUCT
  +--> ?PR?_PRINT_DIRECTORY?DIRECTORY_FUNCTIONS_STRUCT
  +--> ?PR?LONG_SERIAL_INPUT?LONG_SERIAL_IN
  +--> ?PR?_READ_DIR_ENTRY?DIRECTORY_FUNCTIONS_STRUCT
  +--> ?PR?_FIRST_SECTOR?FILE_SYSTEM
  +--> ?PR?_PRINT_FILE?FILE_SYSTEM

?PR?LCD_INIT?LCD_ROUTINES                                  -----    -----      -----    -----
BL51 BANKED LINKER/LOCATER V4.02                                                      11/08/2019  22:45:15  PAGE 4


  +--> ?PR?_LCD_WRITE?LCD_HARDWARE_FUNCTIONS
  +--> ?PR?_TIMER0_DELAY_1MS?TIMER0_HARDWARE_DELAY_1MS

?PR?_LCD_WRITE?LCD_HARDWARE_FUNCTIONS                      -----    -----      0039H    0001H
  +--> ?PR?_P3_CLEAR_BIT?OUTPUTS
  +--> ?PR?_P3_SET_BIT?OUTPUTS
  +--> ?PR?_P0_OUTPUT_BITS?OUTPUTS

?PR?_LCD_PRINT?LCD_ROUTINES                                -----    -----      0033H    0006H
  +--> ?PR?_LCD_WRITE?LCD_HARDWARE_FUNCTIONS
  +--> ?PR?_TIMER0_DELAY_1MS?TIMER0_HARDWARE_DELAY_1MS

?PR?PRINTF?PRINTF                                          0020H.0  0001H.1    005BH    0014H
  +--> ?PR?PUTCHAR?PUTCHAR

?PR?_SPI_MASTER_INIT?SPI                                   -----    -----      0033H    0001H

?PR?SD_CARD_INIT?SDCARD                                    -----    -----      0033H    0014H
  +--> ?PR?_SPI_SELECT_SET?SPI
  +--> ?CO?SDCARD
  +--> ?PR?PRINTF?PRINTF
  +--> ?PR?_SPI_TRANSFER?SPI
  +--> ?PR?_LEDS_ON?LED_CONTROL
  +--> ?PR?_SPI_SELECT_CLEAR?SPI
  +--> ?PR?_SEND_COMMAND?SDCARD
  +--> ?PR?_RESPONSE?SDCARD
  +--> ?PR?_LEDS_OFF?LED_CONTROL
  +--> ?PR?PUTCHAR?PUTCHAR
  +--> ?PR?_PRINT_ERROR?SDCARD

?PR?_SEND_COMMAND?SDCARD                                   -----    -----      0066H    0009H
  +--> ?PR?_SPI_TRANSFER?SPI

?PR?_RESPONSE?SDCARD                                       -----    -----      0047H    0008H
  +--> ?PR?_SPI_TRANSFER?SPI

?PR?_PRINT_ERROR?SDCARD                                    -----    -----      0047H    0001H
  +--> ?CO?SDCARD
  +--> ?PR?PRINTF?PRINTF

?PR?_MOUNT_DRIVE?FILE_SYSTEM                               -----    -----      0033H    0028H
  +--> ?PR?EXPORT_DRIVE_VALUES?DIRECTORY_FUNCTIONS_STRUCT
  +--> ?CO?FILE_SYSTEM
  +--> ?PR?PRINTF?PRINTF
  +--> ?PR?_READ_SECTOR?SECTOR_READER
  +--> ?PR?_READ8?SECTOR_READER
  +--> ?PR?_READ32?SECTOR_READER
  +--> ?PR?_READ16?SECTOR_READER

?PR?_READ_SECTOR?SECTOR_READER                             -----    -----      005BH    000BH
  +--> ?PR?RETURN_SD_CARD_TYPE?SDCARD
  +--> ?PR?_SPI_SELECT_CLEAR?SPI
  +--> ?PR?_SEND_COMMAND?SDCARD
  +--> ?PR?_READ_BLOCK?SDCARD
  +--> ?PR?_SPI_SELECT_SET?SPI

?PR?_READ_BLOCK?SDCARD                                     -----    -----      0066H    000AH
BL51 BANKED LINKER/LOCATER V4.02                                                      11/08/2019  22:45:15  PAGE 5


  +--> ?PR?_SPI_TRANSFER?SPI

?PR?_READ32?SECTOR_READER                                  -----    -----      005BH    0008H

?PR?_READ16?SECTOR_READER                                  -----    -----      005BH    0005H

?PR?_PRINT_DIRECTORY?DIRECTORY_FUNCTIONS_STRUCT            -----    -----      0033H    001AH
  +--> ?PR?_READ_SECTOR?SECTOR_READER
  +--> ?PR?_READ8?SECTOR_READER
  +--> ?CO?DIRECTORY_FUNCTIONS_STRUCT
  +--> ?PR?PRINTF?PRINTF
  +--> ?PR?PUTCHAR?PUTCHAR

?PR?LONG_SERIAL_INPUT?LONG_SERIAL_IN                       -----    -----      0033H    0011H
  +--> ?PR?UART_RECEIVE?UART
  +--> ?PR?PUTCHAR?PUTCHAR
  +--> ?PR?_UART_TRANSMIT?UART
  +--> ?PR?_ATOL?ATOL

?PR?_ATOL?ATOL                                             0020H.0  0000H.1    0044H    0007H
  +--> ?PR?_ISSPACE?ISSPACE
  +--> ?PR?_ISDIGIT?ISDIGIT

?PR?_READ_DIR_ENTRY?DIRECTORY_FUNCTIONS_STRUCT             -----    -----      0033H    001EH
  +--> ?PR?_READ_SECTOR?SECTOR_READER
  +--> ?PR?_READ8?SECTOR_READER

?PR?_FIRST_SECTOR?FILE_SYSTEM                              -----    -----      0048H    0007H
  +--> ?PR?EXPORT_DRIVE_VALUES?DIRECTORY_FUNCTIONS_STRUCT

?PR?_PRINT_FILE?FILE_SYSTEM                                -----    -----      0033H    0015H
  +--> ?PR?EXPORT_DRIVE_VALUES?DIRECTORY_FUNCTIONS_STRUCT
  +--> ?CO?FILE_SYSTEM
  +--> ?PR?PRINTF?PRINTF
  +--> ?PR?_FIRST_SECTOR?FILE_SYSTEM
  +--> ?PR?_READ_SECTOR?SECTOR_READER
  +--> ?PR?_PRINT_MEMORY?PRINT_BYTES
  +--> ?PR?_FIND_NEXT_CLUS?FILE_SYSTEM
  +--> ?PR?GETCHAR?GETCHAR

?PR?_PRINT_MEMORY?PRINT_BYTES                              -----    -----      0048H    0008H
  +--> ?CO?PRINT_BYTES
  +--> ?PR?PRINTF?PRINTF
  +--> ?PR?_PRINT_16BYTES?PRINT_BYTES

?PR?_PRINT_16BYTES?PRINT_BYTES                             -----    -----      0050H    0005H
  +--> ?CO?PRINT_BYTES
  +--> ?PR?PRINTF?PRINTF
  +--> ?PR?_UART_TRANSMIT?UART

?PR?_FIND_NEXT_CLUS?FILE_SYSTEM                            -----    -----      0048H    0012H
  +--> ?PR?EXPORT_DRIVE_VALUES?DIRECTORY_FUNCTIONS_STRUCT
  +--> ?PR?_READ_SECTOR?SECTOR_READER
  +--> ?PR?_READ32?SECTOR_READER
  +--> ?PR?_READ16?SECTOR_READER
  +--> ?CO?FILE_SYSTEM
  +--> ?PR?PRINTF?PRINTF
BL51 BANKED LINKER/LOCATER V4.02                                                      11/08/2019  22:45:15  PAGE 6



?PR?GETCHAR?GETCHAR                                        -----    -----      -----    -----
  +--> ?PR?_GETKEY?_GETKEY
  +--> ?PR?PUTCHAR?PUTCHAR



SYMBOL TABLE OF MODULE:  exp4_project (EXP_4_MAIN)

  VALUE           TYPE          NAME
  ----------------------------------

  -------         MODULE        EXP_4_MAIN
  C:0000H         SYMBOL        _ICE_DUMMY_
  B:00D8H.2       PUBLIC        CCF2
  B:00D8H.3       PUBLIC        CCF3
  D:0080H         PUBLIC        P0
  B:00D8H.4       PUBLIC        CCF4
  D:0090H         PUBLIC        P1
  D:00A0H         PUBLIC        P2
  D:00B0H         PUBLIC        P3
  B:00B0H.4       PUBLIC        T0
  B:00D0H.6       PUBLIC        AC
  B:00B0H.5       PUBLIC        T1
  B:00B0H.7       PUBLIC        nRD
  B:0090H.0       PUBLIC        T2
  B:00A8H.7       PUBLIC        EA
  B:00A8H.6       PUBLIC        EC
  B:00D8H.7       PUBLIC        CF
  B:00B0H.2       PUBLIC        nINT0
  B:0098H.7       PUBLIC        FE
  B:00B0H.3       PUBLIC        nINT1
  D:00A8H         PUBLIC        IEN0
  B:00B0H.0       PUBLIC        RxD
  B:0090H.0       PUBLIC        P1_0
  B:00B0H.1       PUBLIC        TxD
  B:0090H.3       PUBLIC        CEX0
  B:0090H.1       PUBLIC        P1_1
  B:0090H.4       PUBLIC        CEX1
  B:0090H.2       PUBLIC        P1_2
  B:00C8H.0       PUBLIC        CP
  B:0090H.3       PUBLIC        P1_3
  B:00B0H.2       PUBLIC        P3_2
  B:00D8H.6       PUBLIC        CR
  B:00B0H.3       PUBLIC        P3_3
  B:00C8H.6       PUBLIC        EXF2
  D:00B8H         PUBLIC        IPL0
  B:00B0H.4       PUBLIC        P3_4
  B:00B0H.5       PUBLIC        P3_5
  B:00B0H.6       PUBLIC        nWR
  B:00A8H.4       PUBLIC        ES
  B:0098H.0       PUBLIC        RI
  B:00D0H.7       PUBLIC        CY
  B:0098H.1       PUBLIC        TI
  D:008FH         PUBLIC        CKCON0
  C:1FB6H         PUBLIC        LCD_str_start
  B:00B8H.1       PUBLIC        PT0L
BL51 BANKED LINKER/LOCATER V4.02                                                      11/08/2019  22:45:15  PAGE 7


  B:00B8H.3       PUBLIC        PT1L
  B:00B8H.5       PUBLIC        PT2L
  B:0090H.1       PUBLIC        T2EX
  D:00D8H         PUBLIC        CCON
  B:00B0H.6       PUBLIC        RS
  B:00B8H.0       PUBLIC        PX0L
  B:00D0H.2       PUBLIC        OV
  B:0090H.1       PUBLIC        SS
  B:00B8H.2       PUBLIC        PX1L
  C:15C9H         PUBLIC        main
  B:00C8H.5       PUBLIC        RCLK
  B:00C8H.4       PUBLIC        TCLK
  B:00B8H.6       PUBLIC        PPCL
  B:00A0H.4       PUBLIC        REDLED
  D:0098H         PUBLIC        SCON
  B:00A0H.6       PUBLIC        YELLOWLED
  B:0090H.4       PUBLIC        nCS0
  B:0080H.0       PUBLIC        AD0
  D:0088H         PUBLIC        TCON
  B:0080H.1       PUBLIC        AD1
  B:0080H.2       PUBLIC        AD2
  B:00B0H.1       PUBLIC        per_RxD
  B:00C8H.1       PUBLIC        CnT2
  B:0080H.3       PUBLIC        AD3
  B:0090H.5       PUBLIC        MISO
  B:0090H.7       PUBLIC        MOSI
  B:0080H.4       PUBLIC        AD4
  B:00B0H.0       PUBLIC        per_TxD
  B:0080H.5       PUBLIC        AD5
  B:0080H.6       PUBLIC        AD6
  B:0080H.7       PUBLIC        AD7
  B:00A0H.0       PUBLIC        AD8
  B:00A0H.1       PUBLIC        AD9
  B:0088H.1       PUBLIC        IE0
  B:00A0H.7       PUBLIC        AMBERLED
  B:0088H.3       PUBLIC        IE1
  D:008EH         PUBLIC        AUXR
  B:00B0H.7       PUBLIC        E
  B:00A0H.5       PUBLIC        GREENLED
  B:00A8H.1       PUBLIC        ET0
  B:00A8H.3       PUBLIC        ET1
  B:0088H.5       PUBLIC        TF0
  B:00A8H.5       PUBLIC        ET2
  B:0088H.7       PUBLIC        TF1
  B:00C8H.7       PUBLIC        TF2
  B:0098H.2       PUBLIC        RB8
  B:00A8H.0       PUBLIC        EX0
  B:0088H.0       PUBLIC        IT0
  B:0098H.3       PUBLIC        TB8
  B:00A8H.2       PUBLIC        EX1
  B:0088H.2       PUBLIC        IT1
  B:00D0H.0       PUBLIC        P
  B:0098H.7       PUBLIC        SM0
  B:0090H.2       PUBLIC        ECI
  B:0098H.6       PUBLIC        SM1
  B:0098H.5       PUBLIC        SM2
  B:00D0H.3       PUBLIC        RS0
BL51 BANKED LINKER/LOCATER V4.02                                                      11/08/2019  22:45:15  PAGE 8


  B:0088H.4       PUBLIC        TR0
  B:00D0H.4       PUBLIC        RS1
  B:0090H.6       PUBLIC        per_SCLK
  B:0088H.6       PUBLIC        TR1
  B:00C8H.2       PUBLIC        TR2
  B:00A0H.0       PUBLIC        SW1
  B:00A0H.1       PUBLIC        SW2
  B:00A0H.2       PUBLIC        SW3
  B:00A0H.3       PUBLIC        SW4
  B:0090H.6       PUBLIC        SCK
  B:0090H.7       PUBLIC        per_MOSI
  B:0090H.5       PUBLIC        per_MISO
  B:00C8H.3       PUBLIC        EXEN2
  B:0098H.4       PUBLIC        REN
  B:00A0H.2       PUBLIC        AD10
  B:00A0H.3       PUBLIC        AD11
  D:00C8H         PUBLIC        T2CON
  B:00A0H.4       PUBLIC        AD12
  B:00A0H.5       PUBLIC        AD13
  B:00A0H.6       PUBLIC        AD14
  B:00A0H.7       PUBLIC        AD15
  X:0000H         PUBLIC        buf1
  B:00B8H.4       PUBLIC        PLS
  B:00D0H.5       PUBLIC        F0
  B:00D0H.1       PUBLIC        F1
  D:00D0H         PUBLIC        PSW
  B:00D8H.0       PUBLIC        CCF0
  B:00D8H.1       PUBLIC        CCF1
  -------         PROC          MAIN
  -------         DO            MAIN
  D:0022H         SYMBOL        error_flag
  D:0023H         SYMBOL        entry_num
  D:0027H         SYMBOL        cwd_entries
  D:002BH         SYMBOL        cwd
  D:002FH         SYMBOL        clus
  -------         ENDDO         clus
  C:15C9H         LINE#         19
  C:15C9H         LINE#         20
  C:15C9H         LINE#         25
  C:15CCH         LINE#         26
  C:15CCH         LINE#         27
  C:15CCH         LINE#         28
  C:15CFH         LINE#         29
  C:15CFH         LINE#         30
  C:15CFH         LINE#         31
  C:15CFH         LINE#         32
  C:15CFH         LINE#         33
  C:15CFH         LINE#         35
  C:15D4H         LINE#         36
  C:15D9H         LINE#         38
  C:15E0H         LINE#         39
  C:15E7H         LINE#         41
  C:15EAH         LINE#         42
  C:15F7H         LINE#         43
  C:1600H         LINE#         46
  C:160DH         LINE#         47
  C:1611H         LINE#         48
BL51 BANKED LINKER/LOCATER V4.02                                                      11/08/2019  22:45:15  PAGE 9


  C:1611H         LINE#         49
  C:1616H         LINE#         50
  C:161BH         LINE#         51
  C:161DH         LINE#         52
  C:161DH         LINE#         53
  C:1622H         LINE#         55
  C:1627H         LINE#         56
  C:162BH         LINE#         57
  C:162BH         LINE#         58
  C:1630H         LINE#         59
  C:1635H         LINE#         60
  C:1637H         LINE#         61
  C:1637H         LINE#         62
  C:163CH         LINE#         63
  C:1649H         LINE#         64
  C:164DH         LINE#         65
  C:164DH         LINE#         66
  C:1652H         LINE#         67
  C:1657H         LINE#         68
  C:1659H         LINE#         69
  C:1659H         LINE#         71
  C:1662H         LINE#         72
  C:166CH         LINE#         73
  C:166CH         LINE#         74
  C:1675H         LINE#         75
  C:167AH         LINE#         76
  C:167FH         LINE#         77
  C:1681H         LINE#         79
  C:1681H         LINE#         80
  C:168AH         LINE#         81
  C:168CH         LINE#         82
  C:168CH         LINE#         84
  C:1695H         LINE#         85
  C:16A6H         LINE#         87
  C:16A6H         LINE#         88
  C:16A6H         LINE#         89
  C:16C0H         LINE#         90
  C:16C9H         LINE#         91
  C:16D4H         LINE#         92
  C:16E5H         LINE#         93
  C:16FAH         LINE#         95
  C:1710H         LINE#         96
  C:1710H         LINE#         97
  C:172DH         LINE#         98
  C:1738H         LINE#         99
  C:1738H         LINE#         100
  C:174AH         LINE#         101
  C:175CH         LINE#         102
  C:175FH         LINE#         104
  C:175FH         LINE#         105
  C:1770H         LINE#         106
  C:1770H         LINE#         107
  C:1773H         LINE#         109
  C:1773H         LINE#         110
  C:177CH         LINE#         111
  C:177CH         LINE#         112
  -------         ENDPROC       MAIN
BL51 BANKED LINKER/LOCATER V4.02                                                      11/08/2019  22:45:15  PAGE 10


  -------         ENDMOD        EXP_4_MAIN

  -------         MODULE        LCD_HARDWARE_FUNCTIONS
  C:0000H         SYMBOL        _ICE_DUMMY_
  B:00D8H.2       PUBLIC        CCF2
  B:00D8H.3       PUBLIC        CCF3
  D:0080H         PUBLIC        P0
  B:00D8H.4       PUBLIC        CCF4
  D:0090H         PUBLIC        P1
  D:00A0H         PUBLIC        P2
  D:00B0H         PUBLIC        P3
  B:00B0H.4       PUBLIC        T0
  B:00D0H.6       PUBLIC        AC
  B:00B0H.5       PUBLIC        T1
  B:00B0H.7       PUBLIC        nRD
  B:0090H.0       PUBLIC        T2
  B:00A8H.7       PUBLIC        EA
  B:00A8H.6       PUBLIC        EC
  B:00D8H.7       PUBLIC        CF
  B:00B0H.2       PUBLIC        nINT0
  B:0098H.7       PUBLIC        FE
  B:00B0H.3       PUBLIC        nINT1
  D:00A8H         PUBLIC        IEN0
  B:00B0H.0       PUBLIC        RxD
  B:0090H.0       PUBLIC        P1_0
  B:00B0H.1       PUBLIC        TxD
  B:0090H.3       PUBLIC        CEX0
  B:0090H.1       PUBLIC        P1_1
  B:0090H.4       PUBLIC        CEX1
  B:0090H.2       PUBLIC        P1_2
  B:00C8H.0       PUBLIC        CP
  B:0090H.3       PUBLIC        P1_3
  B:00B0H.2       PUBLIC        P3_2
  B:00D8H.6       PUBLIC        CR
  B:00B0H.3       PUBLIC        P3_3
  B:00C8H.6       PUBLIC        EXF2
  D:00B8H         PUBLIC        IPL0
  B:00B0H.4       PUBLIC        P3_4
  B:00B0H.5       PUBLIC        P3_5
  B:00B0H.6       PUBLIC        nWR
  B:00A8H.4       PUBLIC        ES
  B:0098H.0       PUBLIC        RI
  B:00D0H.7       PUBLIC        CY
  B:0098H.1       PUBLIC        TI
  B:00B8H.1       PUBLIC        PT0L
  C:24F9H         PUBLIC        _LCD_Write
  B:00B8H.3       PUBLIC        PT1L
  B:00B8H.5       PUBLIC        PT2L
  B:0090H.1       PUBLIC        T2EX
  D:00D8H         PUBLIC        CCON
  B:00B0H.6       PUBLIC        RS
  B:00B8H.0       PUBLIC        PX0L
  B:00D0H.2       PUBLIC        OV
  B:0090H.1       PUBLIC        SS
  B:00B8H.2       PUBLIC        PX1L
  B:00C8H.5       PUBLIC        RCLK
  B:00C8H.4       PUBLIC        TCLK
BL51 BANKED LINKER/LOCATER V4.02                                                      11/08/2019  22:45:15  PAGE 11


  B:00B8H.6       PUBLIC        PPCL
  B:00A0H.4       PUBLIC        REDLED
  D:0098H         PUBLIC        SCON
  B:00A0H.6       PUBLIC        YELLOWLED
  B:0090H.4       PUBLIC        nCS0
  B:0080H.0       PUBLIC        AD0
  D:0088H         PUBLIC        TCON
  B:0080H.1       PUBLIC        AD1
  B:0080H.2       PUBLIC        AD2
  B:00B0H.1       PUBLIC        per_RxD
  B:00C8H.1       PUBLIC        CnT2
  B:0080H.3       PUBLIC        AD3
  B:0090H.5       PUBLIC        MISO
  B:0090H.7       PUBLIC        MOSI
  B:0080H.4       PUBLIC        AD4
  B:00B0H.0       PUBLIC        per_TxD
  B:0080H.5       PUBLIC        AD5
  B:0080H.6       PUBLIC        AD6
  B:0080H.7       PUBLIC        AD7
  B:00A0H.0       PUBLIC        AD8
  B:00A0H.1       PUBLIC        AD9
  B:0088H.1       PUBLIC        IE0
  B:00A0H.7       PUBLIC        AMBERLED
  B:0088H.3       PUBLIC        IE1
  B:00B0H.7       PUBLIC        E
  B:00A0H.5       PUBLIC        GREENLED
  B:00A8H.1       PUBLIC        ET0
  B:00A8H.3       PUBLIC        ET1
  B:0088H.5       PUBLIC        TF0
  B:00A8H.5       PUBLIC        ET2
  B:0088H.7       PUBLIC        TF1
  B:00C8H.7       PUBLIC        TF2
  B:0098H.2       PUBLIC        RB8
  B:00A8H.0       PUBLIC        EX0
  B:0088H.0       PUBLIC        IT0
  B:0098H.3       PUBLIC        TB8
  B:00A8H.2       PUBLIC        EX1
  B:0088H.2       PUBLIC        IT1
  B:00D0H.0       PUBLIC        P
  B:0098H.7       PUBLIC        SM0
  B:0090H.2       PUBLIC        ECI
  B:0098H.6       PUBLIC        SM1
  B:0098H.5       PUBLIC        SM2
  B:00D0H.3       PUBLIC        RS0
  B:0088H.4       PUBLIC        TR0
  B:00D0H.4       PUBLIC        RS1
  B:0090H.6       PUBLIC        per_SCLK
  B:0088H.6       PUBLIC        TR1
  B:00C8H.2       PUBLIC        TR2
  B:00A0H.0       PUBLIC        SW1
  B:00A0H.1       PUBLIC        SW2
  B:00A0H.2       PUBLIC        SW3
  B:00A0H.3       PUBLIC        SW4
  B:0090H.6       PUBLIC        SCK
  B:0090H.7       PUBLIC        per_MOSI
  B:0090H.5       PUBLIC        per_MISO
  B:00C8H.3       PUBLIC        EXEN2
BL51 BANKED LINKER/LOCATER V4.02                                                      11/08/2019  22:45:15  PAGE 12


  B:0098H.4       PUBLIC        REN
  B:00A0H.2       PUBLIC        AD10
  B:00A0H.3       PUBLIC        AD11
  D:00C8H         PUBLIC        T2CON
  B:00A0H.4       PUBLIC        AD12
  B:00A0H.5       PUBLIC        AD13
  B:00A0H.6       PUBLIC        AD14
  B:00A0H.7       PUBLIC        AD15
  B:00B8H.4       PUBLIC        PLS
  B:00D0H.5       PUBLIC        F0
  B:00D0H.1       PUBLIC        F1
  D:00D0H         PUBLIC        PSW
  B:00D8H.0       PUBLIC        CCF0
  B:00D8H.1       PUBLIC        CCF1
  -------         PROC          _LCD_WRITE
  D:0007H         SYMBOL        RegSelect
  D:0039H         SYMBOL        LCD_Data
  C:24F9H         LINE#         14
  C:24FBH         LINE#         15
  C:24FBH         LINE#         16
  C:24FEH         LINE#         17
  C:24FEH         LINE#         18
  C:2503H         LINE#         19
  C:2505H         LINE#         21
  C:2505H         LINE#         22
  C:250AH         LINE#         23
  C:250AH         LINE#         24
  C:250FH         LINE#         25
  C:2514H         LINE#         26
  C:2519H         LINE#         27
  C:251EH         LINE#         28
  -------         ENDPROC       _LCD_WRITE
  -------         ENDMOD        LCD_HARDWARE_FUNCTIONS

  -------         MODULE        LCD_ROUTINES
  C:0000H         SYMBOL        _ICE_DUMMY_
  B:00D8H.2       PUBLIC        CCF2
  B:00D8H.3       PUBLIC        CCF3
  D:0080H         PUBLIC        P0
  B:00D8H.4       PUBLIC        CCF4
  D:0090H         PUBLIC        P1
  D:00A0H         PUBLIC        P2
  D:00B0H         PUBLIC        P3
  B:00B0H.4       PUBLIC        T0
  B:00D0H.6       PUBLIC        AC
  B:00B0H.5       PUBLIC        T1
  B:00B0H.7       PUBLIC        nRD
  B:0090H.0       PUBLIC        T2
  B:00A8H.7       PUBLIC        EA
  B:00A8H.6       PUBLIC        EC
  B:00D8H.7       PUBLIC        CF
  B:00B0H.2       PUBLIC        nINT0
  B:0098H.7       PUBLIC        FE
  B:00B0H.3       PUBLIC        nINT1
  D:00A8H         PUBLIC        IEN0
  B:00B0H.0       PUBLIC        RxD
  B:00B0H.1       PUBLIC        TxD
BL51 BANKED LINKER/LOCATER V4.02                                                      11/08/2019  22:45:15  PAGE 13


  B:0090H.3       PUBLIC        CEX0
  B:0090H.4       PUBLIC        CEX1
  B:00C8H.0       PUBLIC        CP
  B:00D8H.6       PUBLIC        CR
  B:00C8H.6       PUBLIC        EXF2
  D:00B8H         PUBLIC        IPL0
  B:00B0H.6       PUBLIC        nWR
  B:00A8H.4       PUBLIC        ES
  B:0098H.0       PUBLIC        RI
  B:00D0H.7       PUBLIC        CY
  B:0098H.1       PUBLIC        TI
  B:00B8H.1       PUBLIC        PT0L
  B:00B8H.3       PUBLIC        PT1L
  B:00B8H.5       PUBLIC        PT2L
  B:0090H.1       PUBLIC        T2EX
  D:00D8H         PUBLIC        CCON
  B:00B8H.0       PUBLIC        PX0L
  B:00D0H.2       PUBLIC        OV
  B:0090H.1       PUBLIC        SS
  B:00B8H.2       PUBLIC        PX1L
  B:00C8H.5       PUBLIC        RCLK
  B:00C8H.4       PUBLIC        TCLK
  B:00B8H.6       PUBLIC        PPCL
  D:0098H         PUBLIC        SCON
  B:0080H.0       PUBLIC        AD0
  D:0088H         PUBLIC        TCON
  B:0080H.1       PUBLIC        AD1
  B:0080H.2       PUBLIC        AD2
  B:00C8H.1       PUBLIC        CnT2
  B:0080H.3       PUBLIC        AD3
  B:0090H.5       PUBLIC        MISO
  B:0090H.7       PUBLIC        MOSI
  B:0080H.4       PUBLIC        AD4
  B:0080H.5       PUBLIC        AD5
  B:0080H.6       PUBLIC        AD6
  B:0080H.7       PUBLIC        AD7
  B:00A0H.0       PUBLIC        AD8
  B:00A0H.1       PUBLIC        AD9
  B:0088H.1       PUBLIC        IE0
  B:0088H.3       PUBLIC        IE1
  C:20E7H         PUBLIC        _LCD_print
  B:00A8H.1       PUBLIC        ET0
  C:2426H         PUBLIC        LCD_Init
  B:00A8H.3       PUBLIC        ET1
  B:0088H.5       PUBLIC        TF0
  B:00A8H.5       PUBLIC        ET2
  B:0088H.7       PUBLIC        TF1
  B:00C8H.7       PUBLIC        TF2
  B:0098H.2       PUBLIC        RB8
  B:00A8H.0       PUBLIC        EX0
  B:0088H.0       PUBLIC        IT0
  B:0098H.3       PUBLIC        TB8
  B:00A8H.2       PUBLIC        EX1
  B:0088H.2       PUBLIC        IT1
  B:00D0H.0       PUBLIC        P
  B:0098H.7       PUBLIC        SM0
  B:0090H.2       PUBLIC        ECI
BL51 BANKED LINKER/LOCATER V4.02                                                      11/08/2019  22:45:15  PAGE 14


  B:0098H.6       PUBLIC        SM1
  B:0098H.5       PUBLIC        SM2
  B:00D0H.3       PUBLIC        RS0
  B:0088H.4       PUBLIC        TR0
  B:00D0H.4       PUBLIC        RS1
  B:0088H.6       PUBLIC        TR1
  B:00C8H.2       PUBLIC        TR2
  B:0090H.6       PUBLIC        SCK
  B:00C8H.3       PUBLIC        EXEN2
  B:0098H.4       PUBLIC        REN
  B:00A0H.2       PUBLIC        AD10
  B:00A0H.3       PUBLIC        AD11
  D:00C8H         PUBLIC        T2CON
  B:00A0H.4       PUBLIC        AD12
  B:00A0H.5       PUBLIC        AD13
  B:00A0H.6       PUBLIC        AD14
  B:00A0H.7       PUBLIC        AD15
  B:00B8H.4       PUBLIC        PLS
  B:00D0H.5       PUBLIC        F0
  B:00D0H.1       PUBLIC        F1
  D:00D0H         PUBLIC        PSW
  B:00D8H.0       PUBLIC        CCF0
  B:00D8H.1       PUBLIC        CCF1
  -------         PROC          LCD_INIT
  C:2426H         LINE#         14
  C:2426H         LINE#         15
  C:2426H         LINE#         16
  C:242DH         LINE#         17
  C:2434H         LINE#         18
  C:243BH         LINE#         19
  C:2442H         LINE#         20
  C:2449H         LINE#         21
  C:2450H         LINE#         22
  C:2457H         LINE#         23
  -------         ENDPROC       LCD_INIT
  -------         PROC          _LCD_PRINT
  D:0007H         SYMBOL        address
  D:0033H         SYMBOL        num_bytes
  D:0034H         SYMBOL        array_name_p
  -------         DO            array_name_p
  D:0037H         SYMBOL        index
  D:0038H         SYMBOL        character
  -------         ENDDO         character
  C:20E7H         LINE#         28
  C:20EFH         LINE#         29
  C:20EFH         LINE#         31
  C:20F3H         LINE#         32
  C:20F3H         LINE#         33
  C:20FCH         LINE#         34
  C:2103H         LINE#         35
  C:2103H         LINE#         36
  C:2107H         LINE#         37
  C:2107H         LINE#         38
  C:2109H         LINE#         39
  C:2119H         LINE#         40
  C:211DH         LINE#         41
  C:211DH         LINE#         42
BL51 BANKED LINKER/LOCATER V4.02                                                      11/08/2019  22:45:15  PAGE 15


  C:2123H         LINE#         43
  C:212AH         LINE#         44
  C:212CH         LINE#         45
  C:213DH         LINE#         46
  C:213FH         LINE#         47
  C:213FH         LINE#         49
  C:213FH         LINE#         50
  C:2149H         LINE#         51
  C:2149H         LINE#         52
  C:215AH         LINE#         53
  C:2160H         LINE#         54
  C:2167H         LINE#         55
  C:216BH         LINE#         56
  C:216BH         LINE#         57
  -------         ENDPROC       _LCD_PRINT
  -------         ENDMOD        LCD_ROUTINES

  -------         MODULE        LED_CONTROL
  C:0000H         SYMBOL        _ICE_DUMMY_
  B:00D8H.2       PUBLIC        CCF2
  B:00D8H.3       PUBLIC        CCF3
  D:0080H         PUBLIC        P0
  B:00D8H.4       PUBLIC        CCF4
  D:0090H         PUBLIC        P1
  D:00A0H         PUBLIC        P2
  D:00B0H         PUBLIC        P3
  B:00B0H.4       PUBLIC        T0
  B:00D0H.6       PUBLIC        AC
  B:00B0H.5       PUBLIC        T1
  B:00B0H.7       PUBLIC        nRD
  B:0090H.0       PUBLIC        T2
  B:00A8H.7       PUBLIC        EA
  C:2601H         PUBLIC        _LEDS_ON
  B:00A8H.6       PUBLIC        EC
  B:00D8H.7       PUBLIC        CF
  B:00B0H.2       PUBLIC        nINT0
  B:0098H.7       PUBLIC        FE
  B:00B0H.3       PUBLIC        nINT1
  D:00A8H         PUBLIC        IEN0
  B:00B0H.0       PUBLIC        RxD
  B:0090H.0       PUBLIC        P1_0
  B:00B0H.1       PUBLIC        TxD
  B:0090H.3       PUBLIC        CEX0
  B:0090H.1       PUBLIC        P1_1
  B:0090H.4       PUBLIC        CEX1
  B:0090H.2       PUBLIC        P1_2
  B:00C8H.0       PUBLIC        CP
  B:0090H.3       PUBLIC        P1_3
  B:00B0H.2       PUBLIC        P3_2
  B:00D8H.6       PUBLIC        CR
  B:00B0H.3       PUBLIC        P3_3
  B:00C8H.6       PUBLIC        EXF2
  D:00B8H         PUBLIC        IPL0
  B:00B0H.4       PUBLIC        P3_4
  B:00B0H.5       PUBLIC        P3_5
  B:00B0H.6       PUBLIC        nWR
  B:00A8H.4       PUBLIC        ES
BL51 BANKED LINKER/LOCATER V4.02                                                      11/08/2019  22:45:15  PAGE 16


  B:0098H.0       PUBLIC        RI
  B:00D0H.7       PUBLIC        CY
  B:0098H.1       PUBLIC        TI
  B:00B8H.1       PUBLIC        PT0L
  B:00B8H.3       PUBLIC        PT1L
  B:00B8H.5       PUBLIC        PT2L
  B:0090H.1       PUBLIC        T2EX
  D:00D8H         PUBLIC        CCON
  B:00B0H.6       PUBLIC        RS
  B:00B8H.0       PUBLIC        PX0L
  B:00D0H.2       PUBLIC        OV
  B:0090H.1       PUBLIC        SS
  B:00B8H.2       PUBLIC        PX1L
  B:00C8H.5       PUBLIC        RCLK
  B:00C8H.4       PUBLIC        TCLK
  B:00B8H.6       PUBLIC        PPCL
  B:00A0H.4       PUBLIC        REDLED
  D:0098H         PUBLIC        SCON
  B:00A0H.6       PUBLIC        YELLOWLED
  B:0090H.4       PUBLIC        nCS0
  B:0080H.0       PUBLIC        AD0
  D:0088H         PUBLIC        TCON
  B:0080H.1       PUBLIC        AD1
  B:0080H.2       PUBLIC        AD2
  B:00B0H.1       PUBLIC        per_RxD
  B:00C8H.1       PUBLIC        CnT2
  B:0080H.3       PUBLIC        AD3
  B:0090H.5       PUBLIC        MISO
  B:0090H.7       PUBLIC        MOSI
  B:0080H.4       PUBLIC        AD4
  B:00B0H.0       PUBLIC        per_TxD
  B:0080H.5       PUBLIC        AD5
  B:0080H.6       PUBLIC        AD6
  B:0080H.7       PUBLIC        AD7
  B:00A0H.0       PUBLIC        AD8
  B:00A0H.1       PUBLIC        AD9
  B:0088H.1       PUBLIC        IE0
  B:00A0H.7       PUBLIC        AMBERLED
  B:0088H.3       PUBLIC        IE1
  B:00B0H.7       PUBLIC        E
  C:2615H         PUBLIC        _LEDS_OFF
  B:00A0H.5       PUBLIC        GREENLED
  B:00A8H.1       PUBLIC        ET0
  B:00A8H.3       PUBLIC        ET1
  B:0088H.5       PUBLIC        TF0
  B:00A8H.5       PUBLIC        ET2
  B:0088H.7       PUBLIC        TF1
  B:00C8H.7       PUBLIC        TF2
  B:0098H.2       PUBLIC        RB8
  B:00A8H.0       PUBLIC        EX0
  B:0088H.0       PUBLIC        IT0
  B:0098H.3       PUBLIC        TB8
  B:00A8H.2       PUBLIC        EX1
  B:0088H.2       PUBLIC        IT1
  B:00D0H.0       PUBLIC        P
  B:0098H.7       PUBLIC        SM0
  B:0090H.2       PUBLIC        ECI
BL51 BANKED LINKER/LOCATER V4.02                                                      11/08/2019  22:45:15  PAGE 17


  B:0098H.6       PUBLIC        SM1
  B:0098H.5       PUBLIC        SM2
  B:00D0H.3       PUBLIC        RS0
  B:0088H.4       PUBLIC        TR0
  B:00D0H.4       PUBLIC        RS1
  B:0090H.6       PUBLIC        per_SCLK
  B:0088H.6       PUBLIC        TR1
  B:00C8H.2       PUBLIC        TR2
  B:00A0H.0       PUBLIC        SW1
  B:00A0H.1       PUBLIC        SW2
  B:00A0H.2       PUBLIC        SW3
  B:00A0H.3       PUBLIC        SW4
  B:0090H.6       PUBLIC        SCK
  B:0090H.7       PUBLIC        per_MOSI
  B:0090H.5       PUBLIC        per_MISO
  B:00C8H.3       PUBLIC        EXEN2
  B:0098H.4       PUBLIC        REN
  B:00A0H.2       PUBLIC        AD10
  B:00A0H.3       PUBLIC        AD11
  D:00C8H         PUBLIC        T2CON
  B:00A0H.4       PUBLIC        AD12
  B:00A0H.5       PUBLIC        AD13
  B:00A0H.6       PUBLIC        AD14
  B:00A0H.7       PUBLIC        AD15
  B:00B8H.4       PUBLIC        PLS
  B:00D0H.5       PUBLIC        F0
  B:00D0H.1       PUBLIC        F1
  D:00D0H         PUBLIC        PSW
  B:00D8H.0       PUBLIC        CCF0
  B:00D8H.1       PUBLIC        CCF1
  -------         PROC          _LEDS_ON
  D:0007H         SYMBOL        LED_mask
  C:2601H         LINE#         13
  C:2601H         LINE#         14
  C:2601H         LINE#         15
  C:2605H         LINE#         16
  -------         ENDPROC       _LEDS_ON
  -------         PROC          _LEDS_OFF
  D:0007H         SYMBOL        LED_mask
  C:2615H         LINE#         26
  C:2615H         LINE#         27
  C:2615H         LINE#         28
  C:2618H         LINE#         29
  -------         ENDPROC       _LEDS_OFF
  -------         ENDMOD        LED_CONTROL

  -------         MODULE        OUTPUTS
  C:0000H         SYMBOL        _ICE_DUMMY_
  B:00D8H.2       PUBLIC        CCF2
  B:00D8H.3       PUBLIC        CCF3
  D:0080H         PUBLIC        P0
  B:00D8H.4       PUBLIC        CCF4
  D:0090H         PUBLIC        P1
  D:00A0H         PUBLIC        P2
  D:00B0H         PUBLIC        P3
  B:00B0H.4       PUBLIC        T0
  B:00D0H.6       PUBLIC        AC
BL51 BANKED LINKER/LOCATER V4.02                                                      11/08/2019  22:45:15  PAGE 18


  B:00B0H.5       PUBLIC        T1
  B:00B0H.7       PUBLIC        nRD
  B:0090H.0       PUBLIC        T2
  B:00A8H.7       PUBLIC        EA
  B:00A8H.6       PUBLIC        EC
  B:00D8H.7       PUBLIC        CF
  C:2625H         PUBLIC        _P0_output_bits
  B:00B0H.2       PUBLIC        nINT0
  B:0098H.7       PUBLIC        FE
  B:00B0H.3       PUBLIC        nINT1
  D:00A8H         PUBLIC        IEN0
  B:00B0H.0       PUBLIC        RxD
  B:0090H.0       PUBLIC        P1_0
  B:00B0H.1       PUBLIC        TxD
  B:0090H.3       PUBLIC        CEX0
  B:0090H.1       PUBLIC        P1_1
  B:0090H.4       PUBLIC        CEX1
  B:0090H.2       PUBLIC        P1_2
  B:00C8H.0       PUBLIC        CP
  B:0090H.3       PUBLIC        P1_3
  B:00B0H.2       PUBLIC        P3_2
  B:00D8H.6       PUBLIC        CR
  B:00B0H.3       PUBLIC        P3_3
  B:00C8H.6       PUBLIC        EXF2
  D:00B8H         PUBLIC        IPL0
  B:00B0H.4       PUBLIC        P3_4
  B:00B0H.5       PUBLIC        P3_5
  B:00B0H.6       PUBLIC        nWR
  B:00A8H.4       PUBLIC        ES
  B:0098H.0       PUBLIC        RI
  B:00D0H.7       PUBLIC        CY
  B:0098H.1       PUBLIC        TI
  B:00B8H.1       PUBLIC        PT0L
  B:00B8H.3       PUBLIC        PT1L
  B:00B8H.5       PUBLIC        PT2L
  B:0090H.1       PUBLIC        T2EX
  D:00D8H         PUBLIC        CCON
  B:00B0H.6       PUBLIC        RS
  B:00B8H.0       PUBLIC        PX0L
  B:00D0H.2       PUBLIC        OV
  B:0090H.1       PUBLIC        SS
  B:00B8H.2       PUBLIC        PX1L
  B:00C8H.5       PUBLIC        RCLK
  B:00C8H.4       PUBLIC        TCLK
  B:00B8H.6       PUBLIC        PPCL
  C:2619H         PUBLIC        _P2_set_bit
  C:261DH         PUBLIC        _P3_set_bit
  B:00A0H.4       PUBLIC        REDLED
  D:0098H         PUBLIC        SCON
  B:00A0H.6       PUBLIC        YELLOWLED
  B:0090H.4       PUBLIC        nCS0
  B:0080H.0       PUBLIC        AD0
  D:0088H         PUBLIC        TCON
  B:0080H.1       PUBLIC        AD1
  B:0080H.2       PUBLIC        AD2
  B:00B0H.1       PUBLIC        per_RxD
  B:00C8H.1       PUBLIC        CnT2
BL51 BANKED LINKER/LOCATER V4.02                                                      11/08/2019  22:45:15  PAGE 19


  B:0080H.3       PUBLIC        AD3
  B:0090H.5       PUBLIC        MISO
  B:0090H.7       PUBLIC        MOSI
  B:0080H.4       PUBLIC        AD4
  B:00B0H.0       PUBLIC        per_TxD
  B:0080H.5       PUBLIC        AD5
  B:0080H.6       PUBLIC        AD6
  B:0080H.7       PUBLIC        AD7
  B:00A0H.0       PUBLIC        AD8
  B:00A0H.1       PUBLIC        AD9
  B:0088H.1       PUBLIC        IE0
  B:00A0H.7       PUBLIC        AMBERLED
  B:0088H.3       PUBLIC        IE1
  B:00B0H.7       PUBLIC        E
  B:00A0H.5       PUBLIC        GREENLED
  B:00A8H.1       PUBLIC        ET0
  B:00A8H.3       PUBLIC        ET1
  B:0088H.5       PUBLIC        TF0
  B:00A8H.5       PUBLIC        ET2
  B:0088H.7       PUBLIC        TF1
  B:00C8H.7       PUBLIC        TF2
  B:0098H.2       PUBLIC        RB8
  B:00A8H.0       PUBLIC        EX0
  B:0088H.0       PUBLIC        IT0
  B:0098H.3       PUBLIC        TB8
  B:00A8H.2       PUBLIC        EX1
  B:0088H.2       PUBLIC        IT1
  B:00D0H.0       PUBLIC        P
  B:0098H.7       PUBLIC        SM0
  B:0090H.2       PUBLIC        ECI
  B:0098H.6       PUBLIC        SM1
  B:0098H.5       PUBLIC        SM2
  B:00D0H.3       PUBLIC        RS0
  B:0088H.4       PUBLIC        TR0
  B:00D0H.4       PUBLIC        RS1
  B:0090H.6       PUBLIC        per_SCLK
  B:0088H.6       PUBLIC        TR1
  B:00C8H.2       PUBLIC        TR2
  B:00A0H.0       PUBLIC        SW1
  B:00A0H.1       PUBLIC        SW2
  B:00A0H.2       PUBLIC        SW3
  B:00A0H.3       PUBLIC        SW4
  B:0090H.6       PUBLIC        SCK
  B:0090H.7       PUBLIC        per_MOSI
  B:0090H.5       PUBLIC        per_MISO
  B:00C8H.3       PUBLIC        EXEN2
  B:0098H.4       PUBLIC        REN
  B:00A0H.2       PUBLIC        AD10
  B:00A0H.3       PUBLIC        AD11
  D:00C8H         PUBLIC        T2CON
  B:00A0H.4       PUBLIC        AD12
  B:00A0H.5       PUBLIC        AD13
  B:00A0H.6       PUBLIC        AD14
  B:00A0H.7       PUBLIC        AD15
  C:2606H         PUBLIC        _P3_clear_bit
  B:00B8H.4       PUBLIC        PLS
  B:00D0H.5       PUBLIC        F0
BL51 BANKED LINKER/LOCATER V4.02                                                      11/08/2019  22:45:15  PAGE 20


  B:00D0H.1       PUBLIC        F1
  D:00D0H         PUBLIC        PSW
  B:00D8H.0       PUBLIC        CCF0
  B:00D8H.1       PUBLIC        CCF1
  -------         PROC          _P0_OUTPUT_BITS
  D:0007H         SYMBOL        Port_Data
  C:2625H         LINE#         14
  C:2625H         LINE#         15
  C:2625H         LINE#         16
  C:2627H         LINE#         17
  -------         ENDPROC       _P0_OUTPUT_BITS
  -------         PROC          _P3_CLEAR_BIT
  D:0007H         SYMBOL        Bit_Data
  C:2606H         LINE#         60
  C:2606H         LINE#         61
  C:2606H         LINE#         62
  C:260AH         LINE#         63
  -------         ENDPROC       _P3_CLEAR_BIT
  -------         PROC          _P2_SET_BIT
  D:0007H         SYMBOL        Bit_Data
  C:2619H         LINE#         81
  C:2619H         LINE#         82
  C:2619H         LINE#         83
  C:261CH         LINE#         84
  -------         ENDPROC       _P2_SET_BIT
  -------         PROC          _P3_SET_BIT
  D:0007H         SYMBOL        Bit_Data
  C:261DH         LINE#         86
  C:261DH         LINE#         87
  C:261DH         LINE#         88
  C:2620H         LINE#         89
  -------         ENDPROC       _P3_SET_BIT
  -------         ENDMOD        OUTPUTS

  -------         MODULE        SECTOR_READER
  C:0000H         SYMBOL        _ICE_DUMMY_
  B:00D8H.2       PUBLIC        CCF2
  B:00D8H.3       PUBLIC        CCF3
  D:0080H         PUBLIC        P0
  B:00D8H.4       PUBLIC        CCF4
  D:0090H         PUBLIC        P1
  D:00A0H         PUBLIC        P2
  D:00B0H         PUBLIC        P3
  B:00B0H.4       PUBLIC        T0
  B:00D0H.6       PUBLIC        AC
  B:00B0H.5       PUBLIC        T1
  B:00B0H.7       PUBLIC        nRD
  B:0090H.0       PUBLIC        T2
  B:00A8H.7       PUBLIC        EA
  B:00A8H.6       PUBLIC        EC
  B:00D8H.7       PUBLIC        CF
  B:00B0H.2       PUBLIC        nINT0
  B:0098H.7       PUBLIC        FE
  B:00B0H.3       PUBLIC        nINT1
  D:00A8H         PUBLIC        IEN0
  B:00B0H.0       PUBLIC        RxD
  B:0090H.0       PUBLIC        P1_0
BL51 BANKED LINKER/LOCATER V4.02                                                      11/08/2019  22:45:15  PAGE 21


  B:00B0H.1       PUBLIC        TxD
  B:0090H.3       PUBLIC        CEX0
  B:0090H.1       PUBLIC        P1_1
  B:0090H.4       PUBLIC        CEX1
  B:0090H.2       PUBLIC        P1_2
  B:00C8H.0       PUBLIC        CP
  B:0090H.3       PUBLIC        P1_3
  B:00B0H.2       PUBLIC        P3_2
  B:00D8H.6       PUBLIC        CR
  B:00B0H.3       PUBLIC        P3_3
  B:00C8H.6       PUBLIC        EXF2
  D:00B8H         PUBLIC        IPL0
  B:00B0H.4       PUBLIC        P3_4
  B:00B0H.5       PUBLIC        P3_5
  B:00B0H.6       PUBLIC        nWR
  B:00A8H.4       PUBLIC        ES
  B:0098H.0       PUBLIC        RI
  B:00D0H.7       PUBLIC        CY
  B:0098H.1       PUBLIC        TI
  B:00B8H.1       PUBLIC        PT0L
  B:00B8H.3       PUBLIC        PT1L
  B:00B8H.5       PUBLIC        PT2L
  B:0090H.1       PUBLIC        T2EX
  D:00D8H         PUBLIC        CCON
  B:00B0H.6       PUBLIC        RS
  B:00B8H.0       PUBLIC        PX0L
  B:00D0H.2       PUBLIC        OV
  B:0090H.1       PUBLIC        SS
  B:00B8H.2       PUBLIC        PX1L
  B:00C8H.5       PUBLIC        RCLK
  B:00C8H.4       PUBLIC        TCLK
  B:00B8H.6       PUBLIC        PPCL
  C:2391H         PUBLIC        _Read_Sector
  B:00A0H.4       PUBLIC        REDLED
  D:0098H         PUBLIC        SCON
  B:00A0H.6       PUBLIC        YELLOWLED
  B:0090H.4       PUBLIC        nCS0
  B:0080H.0       PUBLIC        AD0
  D:0088H         PUBLIC        TCON
  C:25D0H         PUBLIC        _read8
  B:0080H.1       PUBLIC        AD1
  B:0080H.2       PUBLIC        AD2
  B:00B0H.1       PUBLIC        per_RxD
  B:00C8H.1       PUBLIC        CnT2
  B:0080H.3       PUBLIC        AD3
  B:0090H.5       PUBLIC        MISO
  B:0090H.7       PUBLIC        MOSI
  B:0080H.4       PUBLIC        AD4
  B:00B0H.0       PUBLIC        per_TxD
  B:0080H.5       PUBLIC        AD5
  B:0080H.6       PUBLIC        AD6
  B:0080H.7       PUBLIC        AD7
  B:00A0H.0       PUBLIC        AD8
  B:00A0H.1       PUBLIC        AD9
  B:0088H.1       PUBLIC        IE0
  B:00A0H.7       PUBLIC        AMBERLED
  B:0088H.3       PUBLIC        IE1
BL51 BANKED LINKER/LOCATER V4.02                                                      11/08/2019  22:45:15  PAGE 22


  B:00B0H.7       PUBLIC        E
  B:00A0H.5       PUBLIC        GREENLED
  B:00A8H.1       PUBLIC        ET0
  B:00A8H.3       PUBLIC        ET1
  B:0088H.5       PUBLIC        TF0
  B:00A8H.5       PUBLIC        ET2
  B:0088H.7       PUBLIC        TF1
  B:00C8H.7       PUBLIC        TF2
  B:0098H.2       PUBLIC        RB8
  B:00A8H.0       PUBLIC        EX0
  B:0088H.0       PUBLIC        IT0
  B:0098H.3       PUBLIC        TB8
  B:00A8H.2       PUBLIC        EX1
  B:0088H.2       PUBLIC        IT1
  B:00D0H.0       PUBLIC        P
  B:0098H.7       PUBLIC        SM0
  B:0090H.2       PUBLIC        ECI
  B:0098H.6       PUBLIC        SM1
  B:0098H.5       PUBLIC        SM2
  B:00D0H.3       PUBLIC        RS0
  B:0088H.4       PUBLIC        TR0
  B:00D0H.4       PUBLIC        RS1
  B:0090H.6       PUBLIC        per_SCLK
  B:0088H.6       PUBLIC        TR1
  B:00C8H.2       PUBLIC        TR2
  B:00A0H.0       PUBLIC        SW1
  B:00A0H.1       PUBLIC        SW2
  B:00A0H.2       PUBLIC        SW3
  B:00A0H.3       PUBLIC        SW4
  B:0090H.6       PUBLIC        SCK
  B:0090H.7       PUBLIC        per_MOSI
  B:0090H.5       PUBLIC        per_MISO
  C:22CEH         PUBLIC        _read32
  B:00C8H.3       PUBLIC        EXEN2
  C:2493H         PUBLIC        _read16
  B:0098H.4       PUBLIC        REN
  B:00A0H.2       PUBLIC        AD10
  B:00A0H.3       PUBLIC        AD11
  D:00C8H         PUBLIC        T2CON
  B:00A0H.4       PUBLIC        AD12
  B:00A0H.5       PUBLIC        AD13
  B:00A0H.6       PUBLIC        AD14
  B:00A0H.7       PUBLIC        AD15
  B:00B8H.4       PUBLIC        PLS
  B:00D0H.5       PUBLIC        F0
  B:00D0H.1       PUBLIC        F1
  D:00D0H         PUBLIC        PSW
  B:00D8H.0       PUBLIC        CCF0
  B:00D8H.1       PUBLIC        CCF1
  -------         PROC          _READ_SECTOR
  D:005BH         SYMBOL        sector_number
  D:005FH         SYMBOL        sector_size
  D:0061H         SYMBOL        data_array
  -------         DO            data_array
  D:0064H         SYMBOL        SD_type
  D:0065H         SYMBOL        error_flag
  -------         ENDDO         error_flag
BL51 BANKED LINKER/LOCATER V4.02                                                      11/08/2019  22:45:15  PAGE 23


  C:2391H         LINE#         7
  C:2399H         LINE#         8
  C:2399H         LINE#         10
  C:239EH         LINE#         11
  C:23A3H         LINE#         12
  C:23C1H         LINE#         13
  C:23D2H         LINE#         14
  C:23D7H         LINE#         16
  C:23DEH         LINE#         17
  C:23E0H         LINE#         18
  -------         ENDPROC       _READ_SECTOR
  -------         PROC          _READ8
  D:0006H         SYMBOL        offset
  D:0001H         SYMBOL        data_array
  C:25D0H         LINE#         21
  C:25D0H         LINE#         22
  C:25D0H         LINE#         23
  C:25D3H         LINE#         24
  C:25DBH         LINE#         25
  -------         ENDPROC       _READ8
  -------         PROC          _READ16
  D:005BH         SYMBOL        offset
  D:005DH         SYMBOL        data_array
  -------         DO            data_array
  D:0004H         SYMBOL        ret_val
  -------         ENDDO         ret_val
  C:2493H         LINE#         28
  C:249DH         LINE#         29
  C:249DH         LINE#         31
  C:24A0H         LINE#         32
  C:24A3H         LINE#         33
  C:24B3H         LINE#         34
  C:24B6H         LINE#         35
  C:24C3H         LINE#         36
  C:24C5H         LINE#         37
  -------         ENDPROC       _READ16
  -------         PROC          _READ32
  D:005BH         SYMBOL        offset
  D:0001H         SYMBOL        data_array
  -------         DO            data_array
  D:005DH         SYMBOL        ret_val
  D:0061H         SYMBOL        temp
  D:0062H         SYMBOL        i
  -------         ENDDO         i
  C:22CEH         LINE#         40
  C:22D2H         LINE#         41
  C:22D2H         LINE#         44
  C:22D5H         LINE#         45
  C:22DEH         LINE#         46
  C:22E0H         LINE#         47
  C:22E0H         LINE#         48
  C:22FAH         LINE#         49
  C:230FH         LINE#         50
  C:2322H         LINE#         51
  C:2329H         LINE#         52
  C:2331H         LINE#         53
  -------         ENDPROC       _READ32
BL51 BANKED LINKER/LOCATER V4.02                                                      11/08/2019  22:45:15  PAGE 24


  -------         ENDMOD        SECTOR_READER

  -------         MODULE        SPI
  C:0000H         SYMBOL        _ICE_DUMMY_
  B:00D8H.2       PUBLIC        CCF2
  B:00D8H.3       PUBLIC        CCF3
  D:0080H         PUBLIC        P0
  B:00D8H.4       PUBLIC        CCF4
  D:0090H         PUBLIC        P1
  D:00A0H         PUBLIC        P2
  D:00B0H         PUBLIC        P3
  B:00B0H.4       PUBLIC        T0
  B:00D0H.6       PUBLIC        AC
  B:00B0H.5       PUBLIC        T1
  B:00B0H.7       PUBLIC        nRD
  D:00C3H         PUBLIC        SPCON
  B:0090H.0       PUBLIC        T2
  B:00A8H.7       PUBLIC        EA
  B:00A8H.6       PUBLIC        EC
  B:00D8H.7       PUBLIC        CF
  B:00B0H.2       PUBLIC        nINT0
  B:0098H.7       PUBLIC        FE
  B:00B0H.3       PUBLIC        nINT1
  D:00C4H         PUBLIC        SPSTA
  D:00A8H         PUBLIC        IEN0
  B:00B0H.0       PUBLIC        RxD
  B:0090H.0       PUBLIC        P1_0
  B:00B0H.1       PUBLIC        TxD
  B:0090H.3       PUBLIC        CEX0
  B:0090H.1       PUBLIC        P1_1
  B:0090H.4       PUBLIC        CEX1
  B:0090H.2       PUBLIC        P1_2
  B:00C8H.0       PUBLIC        CP
  C:205BH         PUBLIC        _SPI_Master_Init
  B:0090H.3       PUBLIC        P1_3
  B:00B0H.2       PUBLIC        P3_2
  B:00D8H.6       PUBLIC        CR
  B:00B0H.3       PUBLIC        P3_3
  B:00C8H.6       PUBLIC        EXF2
  D:00B8H         PUBLIC        IPL0
  B:00B0H.4       PUBLIC        P3_4
  B:00B0H.5       PUBLIC        P3_5
  B:00B0H.6       PUBLIC        nWR
  B:00A8H.4       PUBLIC        ES
  B:0098H.0       PUBLIC        RI
  B:00D0H.7       PUBLIC        CY
  B:0098H.1       PUBLIC        TI
  C:2621H         PUBLIC        _SPI_Select_Set
  B:00B8H.1       PUBLIC        PT0L
  B:00B8H.3       PUBLIC        PT1L
  B:00B8H.5       PUBLIC        PT2L
  B:0090H.1       PUBLIC        T2EX
  D:00D8H         PUBLIC        CCON
  B:00B0H.6       PUBLIC        RS
  B:00B8H.0       PUBLIC        PX0L
  B:00D0H.2       PUBLIC        OV
  B:0090H.1       PUBLIC        SS
BL51 BANKED LINKER/LOCATER V4.02                                                      11/08/2019  22:45:15  PAGE 25


  B:00B8H.2       PUBLIC        PX1L
  B:00C8H.5       PUBLIC        RCLK
  B:00C8H.4       PUBLIC        TCLK
  B:00B8H.6       PUBLIC        PPCL
  B:00A0H.4       PUBLIC        REDLED
  D:0098H         PUBLIC        SCON
  B:00A0H.6       PUBLIC        YELLOWLED
  B:0090H.4       PUBLIC        nCS0
  B:0080H.0       PUBLIC        AD0
  D:0088H         PUBLIC        TCON
  B:0080H.1       PUBLIC        AD1
  B:0080H.2       PUBLIC        AD2
  B:00B0H.1       PUBLIC        per_RxD
  B:00C8H.1       PUBLIC        CnT2
  B:0080H.3       PUBLIC        AD3
  B:0090H.5       PUBLIC        MISO
  B:0090H.7       PUBLIC        MOSI
  B:0080H.4       PUBLIC        AD4
  B:00B0H.0       PUBLIC        per_TxD
  B:0080H.5       PUBLIC        AD5
  B:0080H.6       PUBLIC        AD6
  B:0080H.7       PUBLIC        AD7
  B:00A0H.0       PUBLIC        AD8
  B:00A0H.1       PUBLIC        AD9
  B:0088H.1       PUBLIC        IE0
  B:00A0H.7       PUBLIC        AMBERLED
  B:0088H.3       PUBLIC        IE1
  B:00B0H.7       PUBLIC        E
  B:00A0H.5       PUBLIC        GREENLED
  B:00A8H.1       PUBLIC        ET0
  B:00A8H.3       PUBLIC        ET1
  B:0088H.5       PUBLIC        TF0
  B:00A8H.5       PUBLIC        ET2
  B:0088H.7       PUBLIC        TF1
  B:00C8H.7       PUBLIC        TF2
  B:0098H.2       PUBLIC        RB8
  B:00A8H.0       PUBLIC        EX0
  B:0088H.0       PUBLIC        IT0
  B:0098H.3       PUBLIC        TB8
  B:00A8H.2       PUBLIC        EX1
  B:0088H.2       PUBLIC        IT1
  B:00D0H.0       PUBLIC        P
  B:0098H.7       PUBLIC        SM0
  B:0090H.2       PUBLIC        ECI
  B:0098H.6       PUBLIC        SM1
  B:0098H.5       PUBLIC        SM2
  B:00D0H.3       PUBLIC        RS0
  B:0088H.4       PUBLIC        TR0
  B:00D0H.4       PUBLIC        RS1
  B:0090H.6       PUBLIC        per_SCLK
  B:0088H.6       PUBLIC        TR1
  B:00C8H.2       PUBLIC        TR2
  C:260BH         PUBLIC        _SPI_Select_Clear
  B:00A0H.0       PUBLIC        SW1
  B:00A0H.1       PUBLIC        SW2
  B:00A0H.2       PUBLIC        SW3
  B:00A0H.3       PUBLIC        SW4
BL51 BANKED LINKER/LOCATER V4.02                                                      11/08/2019  22:45:15  PAGE 26


  B:0090H.6       PUBLIC        SCK
  B:0090H.7       PUBLIC        per_MOSI
  B:0090H.5       PUBLIC        per_MISO
  B:00C8H.3       PUBLIC        EXEN2
  B:0098H.4       PUBLIC        REN
  B:00A0H.2       PUBLIC        AD10
  B:00A0H.3       PUBLIC        AD11
  D:00C8H         PUBLIC        T2CON
  B:00A0H.4       PUBLIC        AD12
  B:00A0H.5       PUBLIC        AD13
  B:00A0H.6       PUBLIC        AD14
  B:00A0H.7       PUBLIC        AD15
  B:00B8H.4       PUBLIC        PLS
  B:00D0H.5       PUBLIC        F0
  B:00D0H.1       PUBLIC        F1
  C:24C6H         PUBLIC        _SPI_Transfer
  D:00D0H         PUBLIC        PSW
  B:00D8H.0       PUBLIC        CCF0
  B:00D8H.1       PUBLIC        CCF1
  D:00C5H         PUBLIC        SPDAT
  -------         PROC          _SPI_MASTER_INIT
  D:0004H         SYMBOL        clock_rate
  -------         DO            clock_rate
  D:0007H         SYMBOL        divider
  D:0033H         SYMBOL        return_val
  -------         ENDDO         return_val
  C:205BH         LINE#         15
  C:205BH         LINE#         16
  C:205BH         LINE#         18
  C:205EH         LINE#         19
  C:2070H         LINE#         20
  C:2076H         LINE#         21
  C:2076H         LINE#         22
  C:2079H         LINE#         23
  C:207BH         LINE#         24
  C:2087H         LINE#         25
  C:2087H         LINE#         26
  C:208AH         LINE#         27
  C:208CH         LINE#         28
  C:2098H         LINE#         29
  C:2098H         LINE#         30
  C:209BH         LINE#         31
  C:209DH         LINE#         32
  C:20A9H         LINE#         33
  C:20A9H         LINE#         34
  C:20ACH         LINE#         35
  C:20AEH         LINE#         36
  C:20BAH         LINE#         37
  C:20BAH         LINE#         38
  C:20BDH         LINE#         39
  C:20BFH         LINE#         40
  C:20CBH         LINE#         41
  C:20CBH         LINE#         42
  C:20CEH         LINE#         43
  C:20D0H         LINE#         44
  C:20DCH         LINE#         45
  C:20DCH         LINE#         46
BL51 BANKED LINKER/LOCATER V4.02                                                      11/08/2019  22:45:15  PAGE 27


  C:20DFH         LINE#         47
  C:20E1H         LINE#         49
  C:20E1H         LINE#         50
  C:20E4H         LINE#         51
  C:20E4H         LINE#         52
  C:20E6H         LINE#         53
  -------         ENDPROC       _SPI_MASTER_INIT
  -------         PROC          _SPI_TRANSFER
  D:0007H         SYMBOL        data_input
  D:0001H         SYMBOL        data_output_p
  -------         DO            data_output_p
  D:0007H         SYMBOL        test
  D:0006H         SYMBOL        timeout
  -------         ENDDO         timeout
  C:24C6H         LINE#         64
  C:24C6H         LINE#         65
  C:24C6H         LINE#         67
  C:24C8H         LINE#         68
  C:24CAH         LINE#         70
  C:24CAH         LINE#         71
  C:24CCH         LINE#         72
  C:24CDH         LINE#         73
  C:24D5H         LINE#         74
  C:24D8H         LINE#         75
  C:24D8H         LINE#         76
  C:24DDH         LINE#         77
  C:24DDH         LINE#         78
  C:24E2H         LINE#         79
  C:24E4H         LINE#         80
  C:24E6H         LINE#         82
  C:24E6H         LINE#         83
  C:24EBH         LINE#         84
  C:24EDH         LINE#         85
  C:24EDH         LINE#         86
  C:24EFH         LINE#         88
  C:24EFH         LINE#         89
  C:24F4H         LINE#         90
  C:24F6H         LINE#         91
  C:24F6H         LINE#         92
  C:24F8H         LINE#         93
  -------         ENDPROC       _SPI_TRANSFER
  -------         PROC          _SPI_SELECT_SET
  D:0007H         SYMBOL        Output_Pin
  C:2621H         LINE#         103
  C:2621H         LINE#         104
  C:2621H         LINE#         105
  C:2624H         LINE#         106
  -------         ENDPROC       _SPI_SELECT_SET
  -------         PROC          _SPI_SELECT_CLEAR
  D:0007H         SYMBOL        Output_Pin
  C:260BH         LINE#         109
  C:260BH         LINE#         110
  C:260BH         LINE#         111
  C:260FH         LINE#         112
  -------         ENDPROC       _SPI_SELECT_CLEAR
  -------         ENDMOD        SPI

BL51 BANKED LINKER/LOCATER V4.02                                                      11/08/2019  22:45:15  PAGE 28


  -------         MODULE        TIMER0_HARDWARE_DELAY_1MS
  C:0000H         SYMBOL        _ICE_DUMMY_
  B:00D8H.2       PUBLIC        CCF2
  B:00D8H.3       PUBLIC        CCF3
  D:0080H         PUBLIC        P0
  B:00D8H.4       PUBLIC        CCF4
  D:0090H         PUBLIC        P1
  D:00A0H         PUBLIC        P2
  D:00B0H         PUBLIC        P3
  B:00B0H.4       PUBLIC        T0
  B:00D0H.6       PUBLIC        AC
  B:00B0H.5       PUBLIC        T1
  B:00B0H.7       PUBLIC        nRD
  B:0090H.0       PUBLIC        T2
  B:00A8H.7       PUBLIC        EA
  B:00A8H.6       PUBLIC        EC
  B:00D8H.7       PUBLIC        CF
  B:00B0H.2       PUBLIC        nINT0
  B:0098H.7       PUBLIC        FE
  B:00B0H.3       PUBLIC        nINT1
  D:00A8H         PUBLIC        IEN0
  B:00B0H.0       PUBLIC        RxD
  B:0090H.0       PUBLIC        P1_0
  B:00B0H.1       PUBLIC        TxD
  B:0090H.3       PUBLIC        CEX0
  B:0090H.1       PUBLIC        P1_1
  B:0090H.4       PUBLIC        CEX1
  B:0090H.2       PUBLIC        P1_2
  B:00C8H.0       PUBLIC        CP
  B:0090H.3       PUBLIC        P1_3
  B:00B0H.2       PUBLIC        P3_2
  B:00D8H.6       PUBLIC        CR
  B:00B0H.3       PUBLIC        P3_3
  B:00C8H.6       PUBLIC        EXF2
  D:00B8H         PUBLIC        IPL0
  B:00B0H.4       PUBLIC        P3_4
  B:00B0H.5       PUBLIC        P3_5
  B:00B0H.6       PUBLIC        nWR
  B:00A8H.4       PUBLIC        ES
  B:0098H.0       PUBLIC        RI
  B:00D0H.7       PUBLIC        CY
  B:0098H.1       PUBLIC        TI
  B:00B8H.1       PUBLIC        PT0L
  B:00B8H.3       PUBLIC        PT1L
  B:00B8H.5       PUBLIC        PT2L
  B:0090H.1       PUBLIC        T2EX
  D:00D8H         PUBLIC        CCON
  B:00B0H.6       PUBLIC        RS
  B:00B8H.0       PUBLIC        PX0L
  B:00D0H.2       PUBLIC        OV
  B:0090H.1       PUBLIC        SS
  B:00B8H.2       PUBLIC        PX1L
  B:00C8H.5       PUBLIC        RCLK
  B:00C8H.4       PUBLIC        TCLK
  B:00B8H.6       PUBLIC        PPCL
  B:00A0H.4       PUBLIC        REDLED
  D:0098H         PUBLIC        SCON
BL51 BANKED LINKER/LOCATER V4.02                                                      11/08/2019  22:45:15  PAGE 29


  B:00A0H.6       PUBLIC        YELLOWLED
  B:0090H.4       PUBLIC        nCS0
  B:0080H.0       PUBLIC        AD0
  D:0089H         PUBLIC        TMOD
  D:0088H         PUBLIC        TCON
  B:0080H.1       PUBLIC        AD1
  B:0080H.2       PUBLIC        AD2
  B:00B0H.1       PUBLIC        per_RxD
  B:00C8H.1       PUBLIC        CnT2
  B:0080H.3       PUBLIC        AD3
  B:0090H.5       PUBLIC        MISO
  B:0090H.7       PUBLIC        MOSI
  B:0080H.4       PUBLIC        AD4
  B:00B0H.0       PUBLIC        per_TxD
  B:0080H.5       PUBLIC        AD5
  B:0080H.6       PUBLIC        AD6
  B:0080H.7       PUBLIC        AD7
  B:00A0H.0       PUBLIC        AD8
  B:00A0H.1       PUBLIC        AD9
  B:0088H.1       PUBLIC        IE0
  B:00A0H.7       PUBLIC        AMBERLED
  B:0088H.3       PUBLIC        IE1
  B:00B0H.7       PUBLIC        E
  B:00A0H.5       PUBLIC        GREENLED
  B:00A8H.1       PUBLIC        ET0
  B:00A8H.3       PUBLIC        ET1
  B:0088H.5       PUBLIC        TF0
  B:00A8H.5       PUBLIC        ET2
  B:0088H.7       PUBLIC        TF1
  B:00C8H.7       PUBLIC        TF2
  B:0098H.2       PUBLIC        RB8
  D:008CH         PUBLIC        TH0
  B:00A8H.0       PUBLIC        EX0
  B:0088H.0       PUBLIC        IT0
  B:0098H.3       PUBLIC        TB8
  B:00A8H.2       PUBLIC        EX1
  B:0088H.2       PUBLIC        IT1
  B:00D0H.0       PUBLIC        P
  B:0098H.7       PUBLIC        SM0
  D:008AH         PUBLIC        TL0
  B:0090H.2       PUBLIC        ECI
  B:0098H.6       PUBLIC        SM1
  B:0098H.5       PUBLIC        SM2
  B:00D0H.3       PUBLIC        RS0
  B:0088H.4       PUBLIC        TR0
  B:00D0H.4       PUBLIC        RS1
  B:0090H.6       PUBLIC        per_SCLK
  B:0088H.6       PUBLIC        TR1
  C:254AH         PUBLIC        _Timer0_DELAY_1ms
  B:00C8H.2       PUBLIC        TR2
  B:00A0H.0       PUBLIC        SW1
  B:00A0H.1       PUBLIC        SW2
  B:00A0H.2       PUBLIC        SW3
  B:00A0H.3       PUBLIC        SW4
  B:0090H.6       PUBLIC        SCK
  B:0090H.7       PUBLIC        per_MOSI
  B:0090H.5       PUBLIC        per_MISO
BL51 BANKED LINKER/LOCATER V4.02                                                      11/08/2019  22:45:15  PAGE 30


  B:00C8H.3       PUBLIC        EXEN2
  B:0098H.4       PUBLIC        REN
  B:00A0H.2       PUBLIC        AD10
  B:00A0H.3       PUBLIC        AD11
  D:00C8H         PUBLIC        T2CON
  B:00A0H.4       PUBLIC        AD12
  B:00A0H.5       PUBLIC        AD13
  B:00A0H.6       PUBLIC        AD14
  B:00A0H.7       PUBLIC        AD15
  B:00B8H.4       PUBLIC        PLS
  B:00D0H.5       PUBLIC        F0
  B:00D0H.1       PUBLIC        F1
  D:00D0H         PUBLIC        PSW
  B:00D8H.0       PUBLIC        CCF0
  B:00D8H.1       PUBLIC        CCF1
  -------         PROC          _TIMER0_DELAY_1MS
  D:0006H         SYMBOL        duration
  C:254AH         LINE#         7
  C:254AH         LINE#         8
  C:254AH         LINE#         10
  C:254DH         LINE#         11
  C:2550H         LINE#         14
  C:2552H         LINE#         17
  C:2552H         LINE#         19
  C:2555H         LINE#         20
  C:2558H         LINE#         22
  C:255AH         LINE#         23
  C:255CH         LINE#         25
  C:255FH         LINE#         27
  C:2561H         LINE#         28
  C:2566H         LINE#         29
  C:256FH         LINE#         30
  -------         ENDPROC       _TIMER0_DELAY_1MS
  -------         ENDMOD        TIMER0_HARDWARE_DELAY_1MS

  -------         MODULE        UART
  C:0000H         SYMBOL        _ICE_DUMMY_
  B:00D8H.2       PUBLIC        CCF2
  B:00D8H.3       PUBLIC        CCF3
  D:0080H         PUBLIC        P0
  B:00D8H.4       PUBLIC        CCF4
  D:0090H         PUBLIC        P1
  D:00A0H         PUBLIC        P2
  D:00B0H         PUBLIC        P3
  B:00B0H.4       PUBLIC        T0
  B:00D0H.6       PUBLIC        AC
  B:00B0H.5       PUBLIC        T1
  B:00B0H.7       PUBLIC        nRD
  B:0090H.0       PUBLIC        T2
  B:00A8H.7       PUBLIC        EA
  B:00A8H.6       PUBLIC        EC
  B:00D8H.7       PUBLIC        CF
  B:00B0H.2       PUBLIC        nINT0
  B:0098H.7       PUBLIC        FE
  B:00B0H.3       PUBLIC        nINT1
  D:00A8H         PUBLIC        IEN0
  B:00B0H.0       PUBLIC        RxD
BL51 BANKED LINKER/LOCATER V4.02                                                      11/08/2019  22:45:15  PAGE 31


  B:00B0H.1       PUBLIC        TxD
  B:0090H.3       PUBLIC        CEX0
  B:0090H.4       PUBLIC        CEX1
  B:00C8H.0       PUBLIC        CP
  B:00D8H.6       PUBLIC        CR
  B:00C8H.6       PUBLIC        EXF2
  D:00B8H         PUBLIC        IPL0
  B:00B0H.6       PUBLIC        nWR
  B:00A8H.4       PUBLIC        ES
  B:0098H.0       PUBLIC        RI
  B:00D0H.7       PUBLIC        CY
  B:0098H.1       PUBLIC        TI
  B:00B8H.1       PUBLIC        PT0L
  B:00B8H.3       PUBLIC        PT1L
  B:00B8H.5       PUBLIC        PT2L
  B:0090H.1       PUBLIC        T2EX
  D:00D8H         PUBLIC        CCON
  B:00B8H.0       PUBLIC        PX0L
  B:00D0H.2       PUBLIC        OV
  B:0090H.1       PUBLIC        SS
  B:00B8H.2       PUBLIC        PX1L
  B:00C8H.5       PUBLIC        RCLK
  B:00C8H.4       PUBLIC        TCLK
  B:00B8H.6       PUBLIC        PPCL
  D:0099H         PUBLIC        SBUF
  D:0087H         PUBLIC        PCON
  D:0098H         PUBLIC        SCON
  C:245EH         PUBLIC        _uart_init
  B:0080H.0       PUBLIC        AD0
  D:0088H         PUBLIC        TCON
  B:0080H.1       PUBLIC        AD1
  B:0080H.2       PUBLIC        AD2
  B:00C8H.1       PUBLIC        CnT2
  B:0080H.3       PUBLIC        AD3
  B:0090H.5       PUBLIC        MISO
  B:0090H.7       PUBLIC        MOSI
  B:0080H.4       PUBLIC        AD4
  B:0080H.5       PUBLIC        AD5
  D:009BH         PUBLIC        BDRCON
  B:0080H.6       PUBLIC        AD6
  B:0080H.7       PUBLIC        AD7
  B:00A0H.0       PUBLIC        AD8
  B:00A0H.1       PUBLIC        AD9
  B:0088H.1       PUBLIC        IE0
  B:0088H.3       PUBLIC        IE1
  B:00A8H.1       PUBLIC        ET0
  B:00A8H.3       PUBLIC        ET1
  B:0088H.5       PUBLIC        TF0
  B:00A8H.5       PUBLIC        ET2
  B:0088H.7       PUBLIC        TF1
  B:00C8H.7       PUBLIC        TF2
  B:0098H.2       PUBLIC        RB8
  B:00A8H.0       PUBLIC        EX0
  B:0088H.0       PUBLIC        IT0
  B:0098H.3       PUBLIC        TB8
  B:00A8H.2       PUBLIC        EX1
  B:0088H.2       PUBLIC        IT1
BL51 BANKED LINKER/LOCATER V4.02                                                      11/08/2019  22:45:15  PAGE 32


  B:00D0H.0       PUBLIC        P
  B:0098H.7       PUBLIC        SM0
  B:0090H.2       PUBLIC        ECI
  B:0098H.6       PUBLIC        SM1
  B:0098H.5       PUBLIC        SM2
  C:2570H         PUBLIC        _UART_Transmit
  B:00D0H.3       PUBLIC        RS0
  B:0088H.4       PUBLIC        TR0
  B:00D0H.4       PUBLIC        RS1
  B:0088H.6       PUBLIC        TR1
  B:00C8H.2       PUBLIC        TR2
  D:009AH         PUBLIC        BRL
  B:0090H.6       PUBLIC        SCK
  B:00C8H.3       PUBLIC        EXEN2
  C:25F2H         PUBLIC        UART_Receive
  B:0098H.4       PUBLIC        REN
  B:00A0H.2       PUBLIC        AD10
  B:00A0H.3       PUBLIC        AD11
  D:00C8H         PUBLIC        T2CON
  B:00A0H.4       PUBLIC        AD12
  B:00A0H.5       PUBLIC        AD13
  B:00A0H.6       PUBLIC        AD14
  B:00A0H.7       PUBLIC        AD15
  B:00B8H.4       PUBLIC        PLS
  B:00D0H.5       PUBLIC        F0
  B:00D0H.1       PUBLIC        F1
  D:00D0H         PUBLIC        PSW
  B:00D8H.0       PUBLIC        CCF0
  B:00D8H.1       PUBLIC        CCF1
  -------         PROC          _UART_INIT
  D:0006H         SYMBOL        BAUD_RATE
  C:245EH         LINE#         13
  C:245EH         LINE#         14
  C:245EH         LINE#         18
  C:2461H         LINE#         19
  C:2464H         LINE#         22
  C:2466H         LINE#         24
  C:2469H         LINE#         27
  C:246CH         LINE#         29
  C:248DH         LINE#         30
  C:2490H         LINE#         35
  C:2492H         LINE#         38
  -------         ENDPROC       _UART_INIT
  -------         PROC          _UART_TRANSMIT
  D:0007H         SYMBOL        send_value
  -------         DO            send_value
  D:0006H         SYMBOL        return_value
  D:0004H         SYMBOL        timeout
  -------         ENDDO         timeout
  C:2570H         LINE#         48
  C:2570H         LINE#         49
  C:2570H         LINE#         52
  C:2573H         LINE#         54
  C:2573H         LINE#         55
  C:2578H         LINE#         56
  C:257FH         LINE#         57
  C:2583H         LINE#         58
BL51 BANKED LINKER/LOCATER V4.02                                                      11/08/2019  22:45:15  PAGE 33


  C:2583H         LINE#         59
  C:2585H         LINE#         60
  C:2587H         LINE#         61
  C:2589H         LINE#         62
  C:258BH         LINE#         64
  C:258BH         LINE#         65
  C:258DH         LINE#         66
  C:258DH         LINE#         67
  C:258FH         LINE#         68
  -------         ENDPROC       _UART_TRANSMIT
  -------         PROC          UART_RECEIVE
  -------         DO            UART_RECEIVE
  D:0007H         SYMBOL        return_value
  -------         ENDDO         return_value
  C:25F2H         LINE#         83
  C:25F2H         LINE#         84
  C:25F2H         LINE#         86
  C:25F5H         LINE#         87
  C:25F7H         LINE#         88
  C:25F9H         LINE#         89
  C:25F9H         LINE#         90
  -------         ENDPROC       UART_RECEIVE
  -------         ENDMOD        UART

  -------         MODULE        SDCARD
  C:0000H         SYMBOL        _ICE_DUMMY_
  B:00D8H.2       PUBLIC        CCF2
  B:00D8H.3       PUBLIC        CCF3
  D:0080H         PUBLIC        P0
  B:00D8H.4       PUBLIC        CCF4
  D:0090H         PUBLIC        P1
  D:00A0H         PUBLIC        P2
  D:00B0H         PUBLIC        P3
  B:00B0H.4       PUBLIC        T0
  B:00D0H.6       PUBLIC        AC
  B:00B0H.5       PUBLIC        T1
  B:00B0H.7       PUBLIC        nRD
  B:0090H.0       PUBLIC        T2
  B:00A8H.7       PUBLIC        EA
  B:00A8H.6       PUBLIC        EC
  B:00D8H.7       PUBLIC        CF
  B:00B0H.2       PUBLIC        nINT0
  B:0098H.7       PUBLIC        FE
  B:00B0H.3       PUBLIC        nINT1
  D:00A8H         PUBLIC        IEN0
  B:00B0H.0       PUBLIC        RxD
  B:0090H.0       PUBLIC        P1_0
  B:00B0H.1       PUBLIC        TxD
  B:0090H.3       PUBLIC        CEX0
  B:0090H.1       PUBLIC        P1_1
  B:0090H.4       PUBLIC        CEX1
  B:0090H.2       PUBLIC        P1_2
  B:00C8H.0       PUBLIC        CP
  B:0090H.3       PUBLIC        P1_3
  B:00B0H.2       PUBLIC        P3_2
  B:00D8H.6       PUBLIC        CR
  B:00B0H.3       PUBLIC        P3_3
BL51 BANKED LINKER/LOCATER V4.02                                                      11/08/2019  22:45:15  PAGE 34


  B:00C8H.6       PUBLIC        EXF2
  D:00B8H         PUBLIC        IPL0
  B:00B0H.4       PUBLIC        P3_4
  B:00B0H.5       PUBLIC        P3_5
  B:00B0H.6       PUBLIC        nWR
  B:00A8H.4       PUBLIC        ES
  B:0098H.0       PUBLIC        RI
  B:00D0H.7       PUBLIC        CY
  B:0098H.1       PUBLIC        TI
  C:2260H         PUBLIC        _print_error
  B:00B8H.1       PUBLIC        PT0L
  B:00B8H.3       PUBLIC        PT1L
  B:00B8H.5       PUBLIC        PT2L
  B:0090H.1       PUBLIC        T2EX
  D:00D8H         PUBLIC        CCON
  B:00B0H.6       PUBLIC        RS
  B:00B8H.0       PUBLIC        PX0L
  B:00D0H.2       PUBLIC        OV
  B:0090H.1       PUBLIC        SS
  B:00B8H.2       PUBLIC        PX1L
  C:080AH         PUBLIC        SD_card_init
  B:00C8H.5       PUBLIC        RCLK
  B:00C8H.4       PUBLIC        TCLK
  B:00B8H.6       PUBLIC        PPCL
  B:00A0H.4       PUBLIC        REDLED
  D:0098H         PUBLIC        SCON
  B:00A0H.6       PUBLIC        YELLOWLED
  B:0090H.4       PUBLIC        nCS0
  B:0080H.0       PUBLIC        AD0
  D:0088H         PUBLIC        TCON
  B:0080H.1       PUBLIC        AD1
  B:0080H.2       PUBLIC        AD2
  B:00B0H.1       PUBLIC        per_RxD
  B:00C8H.1       PUBLIC        CnT2
  B:0080H.3       PUBLIC        AD3
  B:0090H.5       PUBLIC        MISO
  B:0090H.7       PUBLIC        MOSI
  B:0080H.4       PUBLIC        AD4
  B:00B0H.0       PUBLIC        per_TxD
  B:0080H.5       PUBLIC        AD5
  B:0080H.6       PUBLIC        AD6
  B:0080H.7       PUBLIC        AD7
  B:00A0H.0       PUBLIC        AD8
  B:00A0H.1       PUBLIC        AD9
  B:0088H.1       PUBLIC        IE0
  B:00A0H.7       PUBLIC        AMBERLED
  B:0088H.3       PUBLIC        IE1
  B:00B0H.7       PUBLIC        E
  B:00A0H.5       PUBLIC        GREENLED
  B:00A8H.1       PUBLIC        ET0
  B:00A8H.3       PUBLIC        ET1
  B:0088H.5       PUBLIC        TF0
  B:00A8H.5       PUBLIC        ET2
  B:0088H.7       PUBLIC        TF1
  B:00C8H.7       PUBLIC        TF2
  B:0098H.2       PUBLIC        RB8
  B:00A8H.0       PUBLIC        EX0
[...]
  C:187EH         LINE#         175
  C:188EH         LINE#         176
  C:188EH         LINE#         177
  C:18A4H         LINE#         180
  C:18B8H         LINE#         181
  C:18B8H         LINE#         182
  C:18C0H         LINE#         183
  C:18C0H         LINE#         185
BL51 BANKED LINKER/LOCATER V4.02                                                      11/08/2019  22:45:15  PAGE 53


  C:18C0H         LINE#         186
  C:18C9H         LINE#         187
  C:18C9H         LINE#         188
  C:18C9H         LINE#         190
  C:18C9H         LINE#         191
  C:18D2H         LINE#         192
  C:18D8H         LINE#         193
  C:18D8H         LINE#         195
  C:18E1H         LINE#         196
  C:18E6H         LINE#         197
  -------         ENDPROC       _FIND_NEXT_CLUS
  -------         PROC          _PRINT_FILE
  D:0033H         SYMBOL        cluster_num
  D:0037H         SYMBOL        xram_data_array
  -------         DO            xram_data_array
  D:0039H         SYMBOL        base_sector
  D:003DH         SYMBOL        sector_offset
  D:0041H         SYMBOL        temp8
  D:0042H         SYMBOL        data_array
  D:0045H         SYMBOL        drive_values
  -------         ENDDO         drive_values
  C:18E7H         LINE#         200
  C:18EFH         LINE#         201
  C:18EFH         LINE#         205
  C:18F8H         LINE#         206
  C:1901H         LINE#         208
  C:190AH         LINE#         210
  C:1913H         LINE#         211
  C:191CH         LINE#         212
  C:1925H         LINE#         215
  C:1925H         LINE#         217
  C:194BH         LINE#         220
  C:197CH         LINE#         223
  C:19A9H         LINE#         224
  C:19C1H         LINE#         226
  C:19D6H         LINE#         229
  C:19F2H         LINE#         230
  C:19F2H         LINE#         231
  C:1A0BH         LINE#         232
  C:1A14H         LINE#         233
  C:1A14H         LINE#         237
  C:1A14H         LINE#         238
  C:1A19H         LINE#         239
  C:1A24H         LINE#         241
  C:1A2DH         LINE#         242
  -------         ENDPROC       _PRINT_FILE
  -------         ENDMOD        FILE_SYSTEM

  -------         MODULE        PRINT_BYTES
  C:0000H         SYMBOL        _ICE_DUMMY_
  B:00D8H.2       PUBLIC        CCF2
  B:00D8H.3       PUBLIC        CCF3
  D:0080H         PUBLIC        P0
  B:00D8H.4       PUBLIC        CCF4
  D:0090H         PUBLIC        P1
  D:00A0H         PUBLIC        P2
  C:21E8H         PUBLIC        _print_16bytes
BL51 BANKED LINKER/LOCATER V4.02                                                      11/08/2019  22:45:15  PAGE 54


  D:00B0H         PUBLIC        P3
  B:00B0H.4       PUBLIC        T0
  B:00D0H.6       PUBLIC        AC
  B:00B0H.5       PUBLIC        T1
  B:00B0H.7       PUBLIC        nRD
  B:0090H.0       PUBLIC        T2
  B:00A8H.7       PUBLIC        EA
  B:00A8H.6       PUBLIC        EC
  B:00D8H.7       PUBLIC        CF
  B:00B0H.2       PUBLIC        nINT0
  B:0098H.7       PUBLIC        FE
  B:00B0H.3       PUBLIC        nINT1
  D:00A8H         PUBLIC        IEN0
  C:2332H         PUBLIC        _print_memory
  B:00B0H.0       PUBLIC        RxD
  B:00B0H.1       PUBLIC        TxD
  B:0090H.3       PUBLIC        CEX0
  B:0090H.4       PUBLIC        CEX1
  B:00C8H.0       PUBLIC        CP
  B:00D8H.6       PUBLIC        CR
  B:00C8H.6       PUBLIC        EXF2
  D:00B8H         PUBLIC        IPL0
  B:00B0H.6       PUBLIC        nWR
  B:00A8H.4       PUBLIC        ES
  B:0098H.0       PUBLIC        RI
  B:00D0H.7       PUBLIC        CY
  B:0098H.1       PUBLIC        TI
  B:00B8H.1       PUBLIC        PT0L
  B:00B8H.3       PUBLIC        PT1L
  B:00B8H.5       PUBLIC        PT2L
  B:0090H.1       PUBLIC        T2EX
  D:00D8H         PUBLIC        CCON
  B:00B8H.0       PUBLIC        PX0L
  B:00D0H.2       PUBLIC        OV
  B:0090H.1       PUBLIC        SS
  B:00B8H.2       PUBLIC        PX1L
  B:00C8H.5       PUBLIC        RCLK
  B:00C8H.4       PUBLIC        TCLK
  B:00B8H.6       PUBLIC        PPCL
  D:0098H         PUBLIC        SCON
  B:0080H.0       PUBLIC        AD0
  D:0088H         PUBLIC        TCON
  B:0080H.1       PUBLIC        AD1
  B:0080H.2       PUBLIC        AD2
  B:00C8H.1       PUBLIC        CnT2
  B:0080H.3       PUBLIC        AD3
  B:0090H.5       PUBLIC        MISO
  B:0090H.7       PUBLIC        MOSI
  B:0080H.4       PUBLIC        AD4
  B:0080H.5       PUBLIC        AD5
  B:0080H.6       PUBLIC        AD6
  B:0080H.7       PUBLIC        AD7
  B:00A0H.0       PUBLIC        AD8
  B:00A0H.1       PUBLIC        AD9
  B:0088H.1       PUBLIC        IE0
  B:0088H.3       PUBLIC        IE1
  B:00A8H.1       PUBLIC        ET0
BL51 BANKED LINKER/LOCATER V4.02                                                      11/08/2019  22:45:15  PAGE 55


  B:00A8H.3       PUBLIC        ET1
  B:0088H.5       PUBLIC        TF0
  B:00A8H.5       PUBLIC        ET2
  B:0088H.7       PUBLIC        TF1
  B:00C8H.7       PUBLIC        TF2
  B:0098H.2       PUBLIC        RB8
  B:00A8H.0       PUBLIC        EX0
  B:0088H.0       PUBLIC        IT0
  B:0098H.3       PUBLIC        TB8
  B:00A8H.2       PUBLIC        EX1
  B:0088H.2       PUBLIC        IT1
  B:00D0H.0       PUBLIC        P
  B:0098H.7       PUBLIC        SM0
  B:0090H.2       PUBLIC        ECI
  B:0098H.6       PUBLIC        SM1
  B:0098H.5       PUBLIC        SM2
  B:00D0H.3       PUBLIC        RS0
  B:0088H.4       PUBLIC        TR0
  B:00D0H.4       PUBLIC        RS1
  B:0088H.6       PUBLIC        TR1
  B:00C8H.2       PUBLIC        TR2
  B:0090H.6       PUBLIC        SCK
  B:00C8H.3       PUBLIC        EXEN2
  B:0098H.4       PUBLIC        REN
  B:00A0H.2       PUBLIC        AD10
  B:00A0H.3       PUBLIC        AD11
  D:00C8H         PUBLIC        T2CON
  B:00A0H.4       PUBLIC        AD12
  B:00A0H.5       PUBLIC        AD13
  B:00A0H.6       PUBLIC        AD14
  B:00A0H.7       PUBLIC        AD15
  B:00B8H.4       PUBLIC        PLS
  B:00D0H.5       PUBLIC        F0
  B:00D0H.1       PUBLIC        F1
  D:00D0H         PUBLIC        PSW
  B:00D8H.0       PUBLIC        CCF0
  B:00D8H.1       PUBLIC        CCF1
  -------         PROC          _PRINT_16BYTES
  D:0001H         SYMBOL        array_in_p
  -------         DO            array_in_p
  D:0050H         SYMBOL        input_p
  D:0053H         SYMBOL        index
  D:0054H         SYMBOL        dat
  -------         ENDDO         dat
  C:21E8H         LINE#         16
  C:21E8H         LINE#         17
  C:21E8H         LINE#         20
  C:21EEH         LINE#         21
  C:21FDH         LINE#         22
  C:2200H         LINE#         23
  C:2200H         LINE#         24
  C:2211H         LINE#         25
  C:221CH         LINE#         26
  C:2225H         LINE#         27
  C:2228H         LINE#         28
  C:2228H         LINE#         29
  C:2239H         LINE#         30
BL51 BANKED LINKER/LOCATER V4.02                                                      11/08/2019  22:45:15  PAGE 56


  C:2248H         LINE#         31
  C:224DH         LINE#         32
  C:2256H         LINE#         33
  C:225BH         LINE#         34
  -------         ENDPROC       _PRINT_16BYTES
  -------         PROC          _PRINT_MEMORY
  D:0048H         SYMBOL        array_in_p
  D:004BH         SYMBOL        number_of_bytes
  -------         DO            number_of_bytes
  D:004DH         SYMBOL        input_p
  D:0006H         SYMBOL        i
  -------         ENDDO         i
  C:2332H         LINE#         44
  C:233CH         LINE#         45
  C:233CH         LINE#         48
  C:2342H         LINE#         49
  C:2346H         LINE#         50
  C:234BH         LINE#         51
  C:2357H         LINE#         52
  C:2360H         LINE#         54
  C:2360H         LINE#         55
  C:2369H         LINE#         56
  C:2374H         LINE#         57
  C:2390H         LINE#         58
  -------         ENDPROC       _PRINT_MEMORY
  -------         ENDMOD        PRINT_BYTES

  -------         MODULE        LONG_SERIAL_IN
  C:0000H         SYMBOL        _ICE_DUMMY_
  B:00D8H.2       PUBLIC        CCF2
  B:00D8H.3       PUBLIC        CCF3
  D:0080H         PUBLIC        P0
  B:00D8H.4       PUBLIC        CCF4
  D:0090H         PUBLIC        P1
  D:00A0H         PUBLIC        P2
  D:00B0H         PUBLIC        P3
  B:00B0H.4       PUBLIC        T0
  B:00D0H.6       PUBLIC        AC
  B:00B0H.5       PUBLIC        T1
  B:00B0H.7       PUBLIC        nRD
  B:0090H.0       PUBLIC        T2
  B:00A8H.7       PUBLIC        EA
  B:00A8H.6       PUBLIC        EC
  B:00D8H.7       PUBLIC        CF
  B:00B0H.2       PUBLIC        nINT0
  B:0098H.7       PUBLIC        FE
  B:00B0H.3       PUBLIC        nINT1
  D:00A8H         PUBLIC        IEN0
  B:00B0H.0       PUBLIC        RxD
  B:00B0H.1       PUBLIC        TxD
  B:0090H.3       PUBLIC        CEX0
  B:0090H.4       PUBLIC        CEX1
  B:00C8H.0       PUBLIC        CP
  B:00D8H.6       PUBLIC        CR
  B:00C8H.6       PUBLIC        EXF2
  D:00B8H         PUBLIC        IPL0
  B:00B0H.6       PUBLIC        nWR
BL51 BANKED LINKER/LOCATER V4.02                                                      11/08/2019  22:45:15  PAGE 57


  B:00A8H.4       PUBLIC        ES
  B:0098H.0       PUBLIC        RI
  B:00D0H.7       PUBLIC        CY
  B:0098H.1       PUBLIC        TI
  B:00B8H.1       PUBLIC        PT0L
  B:00B8H.3       PUBLIC        PT1L
  B:00B8H.5       PUBLIC        PT2L
  B:0090H.1       PUBLIC        T2EX
  D:00D8H         PUBLIC        CCON
  B:00B8H.0       PUBLIC        PX0L
  B:00D0H.2       PUBLIC        OV
  B:0090H.1       PUBLIC        SS
  B:00B8H.2       PUBLIC        PX1L
  C:1E3FH         PUBLIC        long_serial_input
  B:00C8H.5       PUBLIC        RCLK
  B:00C8H.4       PUBLIC        TCLK
  B:00B8H.6       PUBLIC        PPCL
  D:0098H         PUBLIC        SCON
  B:0080H.0       PUBLIC        AD0
  D:0088H         PUBLIC        TCON
  B:0080H.1       PUBLIC        AD1
  B:0080H.2       PUBLIC        AD2
  B:00C8H.1       PUBLIC        CnT2
  B:0080H.3       PUBLIC        AD3
  B:0090H.5       PUBLIC        MISO
  B:0090H.7       PUBLIC        MOSI
  B:0080H.4       PUBLIC        AD4
  B:0080H.5       PUBLIC        AD5
  B:0080H.6       PUBLIC        AD6
  B:0080H.7       PUBLIC        AD7
  B:00A0H.0       PUBLIC        AD8
  B:00A0H.1       PUBLIC        AD9
  B:0088H.1       PUBLIC        IE0
  B:0088H.3       PUBLIC        IE1
  B:00A8H.1       PUBLIC        ET0
  B:00A8H.3       PUBLIC        ET1
  B:0088H.5       PUBLIC        TF0
  B:00A8H.5       PUBLIC        ET2
  B:0088H.7       PUBLIC        TF1
  B:00C8H.7       PUBLIC        TF2
  B:0098H.2       PUBLIC        RB8
  B:00A8H.0       PUBLIC        EX0
  B:0088H.0       PUBLIC        IT0
  B:0098H.3       PUBLIC        TB8
  B:00A8H.2       PUBLIC        EX1
  B:0088H.2       PUBLIC        IT1
  B:00D0H.0       PUBLIC        P
  B:0098H.7       PUBLIC        SM0
  B:0090H.2       PUBLIC        ECI
  B:0098H.6       PUBLIC        SM1
  B:0098H.5       PUBLIC        SM2
  B:00D0H.3       PUBLIC        RS0
  B:0088H.4       PUBLIC        TR0
  B:00D0H.4       PUBLIC        RS1
  B:0088H.6       PUBLIC        TR1
  B:00C8H.2       PUBLIC        TR2
  B:0090H.6       PUBLIC        SCK
BL51 BANKED LINKER/LOCATER V4.02                                                      11/08/2019  22:45:15  PAGE 58


  B:00C8H.3       PUBLIC        EXEN2
  B:0098H.4       PUBLIC        REN
  B:00A0H.2       PUBLIC        AD10
  B:00A0H.3       PUBLIC        AD11
  D:00C8H         PUBLIC        T2CON
  B:00A0H.4       PUBLIC        AD12
  B:00A0H.5       PUBLIC        AD13
  B:00A0H.6       PUBLIC        AD14
  B:00A0H.7       PUBLIC        AD15
  B:00B8H.4       PUBLIC        PLS
  B:00D0H.5       PUBLIC        F0
  B:00D0H.1       PUBLIC        F1
  D:00D0H         PUBLIC        PSW
  B:00D8H.0       PUBLIC        CCF0
  B:00D8H.1       PUBLIC        CCF1
  -------         PROC          LONG_SERIAL_INPUT
  -------         DO            LONG_SERIAL_INPUT
  D:0033H         SYMBOL        index
  D:0034H         SYMBOL        input
  D:0035H         SYMBOL        input_values
  D:0040H         SYMBOL        output_value
  -------         ENDDO         output_value
  C:1E3FH         LINE#         16
  C:1E3FH         LINE#         17
  C:1E3FH         LINE#         20
  C:1E42H         LINE#         21
  C:1E42H         LINE#         22
  C:1E49H         LINE#         23
  C:1E50H         LINE#         24
  C:1E5AH         LINE#         25
  C:1E5DH         LINE#         27
  C:1E5DH         LINE#         28
  C:1E62H         LINE#         29
  C:1E70H         LINE#         30
  C:1E70H         LINE#         31
  C:1E77H         LINE#         32
  C:1E79H         LINE#         33
  C:1E7EH         LINE#         34
  C:1E80H         LINE#         35
  C:1E8BH         LINE#         36
  C:1E8BH         LINE#         37
  C:1E8DH         LINE#         38
  C:1E94H         LINE#         39
  C:1E99H         LINE#         40
  C:1E9EH         LINE#         41
  C:1EA3H         LINE#         42
  C:1EA5H         LINE#         43
  C:1EB0H         LINE#         44
  C:1EB0H         LINE#         45
  C:1EC1H         LINE#         46
  C:1EC6H         LINE#         47
  C:1ECBH         LINE#         48
  C:1ECDH         LINE#         50
  C:1ECDH         LINE#         51
  C:1ED0H         LINE#         52
  C:1ED0H         LINE#         53
  C:1ED5H         LINE#         54
BL51 BANKED LINKER/LOCATER V4.02                                                      11/08/2019  22:45:15  PAGE 59


  C:1ED5H         LINE#         55
  C:1EE6H         LINE#         56
  C:1EEBH         LINE#         57
  C:1EF0H         LINE#         58
  C:1EF0H         LINE#         59
  C:1F07H         LINE#         61
  C:1F0FH         LINE#         62
  -------         ENDPROC       LONG_SERIAL_INPUT
  -------         ENDMOD        LONG_SERIAL_IN

  -------         MODULE        ?C?CLDPTR
  C:0003H         PUBLIC        ?C?CLDPTR
  -------         ENDMOD        ?C?CLDPTR

  -------         MODULE        ?C?CLDOPTR
  C:001CH         PUBLIC        ?C?CLDOPTR
  -------         ENDMOD        ?C?CLDOPTR

  -------         MODULE        ?C?CILDOPTR
  C:0049H         PUBLIC        ?C?CILDOPTR
  -------         ENDMOD        ?C?CILDOPTR

  -------         MODULE        ?C?CSTPTR
  C:007CH         PUBLIC        ?C?CSTPTR
  -------         ENDMOD        ?C?CSTPTR

  -------         MODULE        ?C?CSTOPTR
  C:008EH         PUBLIC        ?C?CSTOPTR
  -------         ENDMOD        ?C?CSTOPTR

  -------         MODULE        ?C?UIDIV
  C:00B0H         PUBLIC        ?C?UIDIV
  -------         ENDMOD        ?C?UIDIV

  -------         MODULE        ?C?ILDOPTR
  C:0105H         PUBLIC        ?C?ILDOPTR
  -------         ENDMOD        ?C?ILDOPTR

  -------         MODULE        ?C?ISTOPTR
  C:013DH         PUBLIC        ?C?ISTOPTR
  -------         ENDMOD        ?C?ISTOPTR

  -------         MODULE        ?C?LMUL
  C:016AH         PUBLIC        ?C?LMUL
  -------         ENDMOD        ?C?LMUL

  -------         MODULE        ?C?ULDIV
  C:01F5H         PUBLIC        ?C?ULDIV
  -------         ENDMOD        ?C?ULDIV

  -------         MODULE        ?C?ULCMP
  C:0287H         PUBLIC        ?C?ULCMP
  -------         ENDMOD        ?C?ULCMP

  -------         MODULE        ?C?ULSHR
  C:0298H         PUBLIC        ?C?ULSHR
  -------         ENDMOD        ?C?ULSHR
BL51 BANKED LINKER/LOCATER V4.02                                                      11/08/2019  22:45:15  PAGE 60



  -------         MODULE        ?C?LSHL
  C:02ABH         PUBLIC        ?C?LSHL
  -------         ENDMOD        ?C?LSHL

  -------         MODULE        ?C?LLDOPTR
  C:02BEH         PUBLIC        ?C?LLDOPTR
  -------         ENDMOD        ?C?LLDOPTR

  -------         MODULE        ?C?LSTOPTR
  C:02EEH         PUBLIC        ?C?LSTOPTR
  -------         ENDMOD        ?C?LSTOPTR

  -------         MODULE        ?C?LLDIDATA
  C:0312H         PUBLIC        ?C?LLDIDATA
  -------         ENDMOD        ?C?LLDIDATA

  -------         MODULE        ?C?LLDOPTR0
  C:031EH         PUBLIC        ?C?LLDOPTR0
  -------         ENDMOD        ?C?LLDOPTR0

  -------         MODULE        PUTCHAR
  C:2523H         PUBLIC        _PUTCHAR
  -------         ENDMOD        PUTCHAR

  -------         MODULE        PRINTF
  D:005BH         PUBLIC        ?_PRINTF517?BYTE
  D:005BH         PUBLIC        ?_PRINTF?BYTE
  D:005BH         PUBLIC        ?_SPRINTF517?BYTE
  D:005BH         PUBLIC        ?_SPRINTF?BYTE
  C:0C5EH         PUBLIC        _PRINTF
  C:0C5EH         PUBLIC        _PRINTF517
  C:0C58H         PUBLIC        _SPRINTF
  C:0C58H         PUBLIC        _SPRINTF517
  -------         ENDMOD        PRINTF

  -------         MODULE        GETCHAR
  B:0021H.1       PUBLIC        ?C?CHARLOADED
  D:0008H         PUBLIC        ?_UNGETCHAR?BYTE
  C:25A3H         PUBLIC        GETCHAR
  -------         ENDMOD        GETCHAR

  -------         MODULE        ATOL
  C:1D61H         PUBLIC        _ATOL
  -------         ENDMOD        ATOL

  -------         MODULE        ?C?LNEG
  C:034EH         PUBLIC        ?C?LNEG
  -------         ENDMOD        ?C?LNEG

  -------         MODULE        ?C?LLDXDATA
  C:035CH         PUBLIC        ?C?LLDXDATA
  -------         ENDMOD        ?C?LLDXDATA

  -------         MODULE        ?C?LLDPDATA
  C:0368H         PUBLIC        ?C?LLDPDATA
  -------         ENDMOD        ?C?LLDPDATA
BL51 BANKED LINKER/LOCATER V4.02                                                      11/08/2019  22:45:15  PAGE 61



  -------         MODULE        ?C?LLDCODE
  C:0374H         PUBLIC        ?C?LLDCODE
  -------         ENDMOD        ?C?LLDCODE

  -------         MODULE        ?C?LLDIDATA0
  C:0384H         PUBLIC        ?C?LLDIDATA0
  -------         ENDMOD        ?C?LLDIDATA0

  -------         MODULE        ?C?LLDXDATA0
  C:0391H         PUBLIC        ?C?LLDXDATA0
  -------         ENDMOD        ?C?LLDXDATA0

  -------         MODULE        ?C?LLDPDATA0
  C:039DH         PUBLIC        ?C?LLDPDATA0
  -------         ENDMOD        ?C?LLDPDATA0

  -------         MODULE        ?C?LLDCODE0
  C:03AAH         PUBLIC        ?C?LLDCODE0
  -------         ENDMOD        ?C?LLDCODE0

  -------         MODULE        ?C?LSTIDATA
  C:03BAH         PUBLIC        ?C?LSTIDATA
  -------         ENDMOD        ?C?LSTIDATA

  -------         MODULE        ?C?LSTXDATA
  C:03C6H         PUBLIC        ?C?LSTXDATA
  -------         ENDMOD        ?C?LSTXDATA

  -------         MODULE        ?C?LSTPDATA
  C:03D2H         PUBLIC        ?C?LSTPDATA
  -------         ENDMOD        ?C?LSTPDATA

  -------         MODULE        ?C?PLDIIDATA
  C:03DEH         PUBLIC        ?C?PLDIIDATA
  -------         ENDMOD        ?C?PLDIIDATA

  -------         MODULE        ?C?CCASE
  C:03EEH         PUBLIC        ?C?CCASE
  -------         ENDMOD        ?C?CCASE

  -------         MODULE        _GETKEY
  C:25E8H         PUBLIC        _GETKEY
  -------         ENDMOD        _GETKEY

  -------         MODULE        ISDIGIT
  C:25B4H         PUBLIC        _ISDIGIT
  -------         ENDMOD        ISDIGIT

  -------         MODULE        ISSPACE
  C:2590H         PUBLIC        _ISSPACE
  -------         ENDMOD        ISSPACE

LINK/LOCATE RUN COMPLETE.  0 WARNING(S),  0 ERROR(S)
