BL51 BANKED LINKER/LOCATER V4.02                                                        11/08/2019  17:19:49  PAGE 1


BL51 BANKED LINKER/LOCATER V4.02, INVOKED BY:
C:\KEIL\C51\BIN\BL51.EXE .\Directory_Functions_struct.obj, .\exp_4_main.obj, .\file_system.obj, .\LCD_hardware_functions
>> .obj, .\LCD_routines.obj, .\LED_Control.obj, .\Long_Serial_In.obj, .\Outputs.obj, .\print_bytes.obj, .\SDCard.obj, .\
>> sector_reader.obj, .\SPI.obj, .\Timer0_hardware_delay_1ms.obj, .\UART.obj TO exp4_project


MEMORY MODEL: SMALL


INPUT MODULES INCLUDED:
  .\Directory_Functions_struct.obj (DIRECTORY_FUNCTIONS_STRUCT)
  .\exp_4_main.obj (EXP_4_MAIN)
  .\file_system.obj (FILE_SYSTEM)
  .\LCD_hardware_functions.obj (LCD_HARDWARE_FUNCTIONS)
  .\LCD_routines.obj (LCD_ROUTINES)
  .\LED_Control.obj (LED_CONTROL)
  .\Long_Serial_In.obj (LONG_SERIAL_IN)
  .\Outputs.obj (OUTPUTS)
  .\print_bytes.obj (PRINT_BYTES)
  .\SDCard.obj (SDCARD)
  .\sector_reader.obj (SECTOR_READER)
  .\SPI.obj (SPI)
  .\Timer0_hardware_delay_1ms.obj (TIMER0_HARDWARE_DELAY_1MS)
  .\UART.obj (UART)
  C:\KEIL\C51\LIB\C51S.LIB (?C_STARTUP)
  C:\KEIL\C51\LIB\C51S.LIB (?C?CLDPTR)
  C:\KEIL\C51\LIB\C51S.LIB (?C?CLDOPTR)
  C:\KEIL\C51\LIB\C51S.LIB (?C?CILDOPTR)
  C:\KEIL\C51\LIB\C51S.LIB (?C?CSTPTR)
  C:\KEIL\C51\LIB\C51S.LIB (?C?CSTOPTR)
  C:\KEIL\C51\LIB\C51S.LIB (?C?IMUL)
  C:\KEIL\C51\LIB\C51S.LIB (?C?UIDIV)
  C:\KEIL\C51\LIB\C51S.LIB (?C?ILDOPTR)
  C:\KEIL\C51\LIB\C51S.LIB (?C?ISTOPTR)
  C:\KEIL\C51\LIB\C51S.LIB (?C?LMUL)
  C:\KEIL\C51\LIB\C51S.LIB (?C?ULDIV)
  C:\KEIL\C51\LIB\C51S.LIB (?C?ULCMP)
  C:\KEIL\C51\LIB\C51S.LIB (?C?ULSHR)
  C:\KEIL\C51\LIB\C51S.LIB (?C?LSHL)
  C:\KEIL\C51\LIB\C51S.LIB (?C?LLDOPTR)
  C:\KEIL\C51\LIB\C51S.LIB (?C?LSTOPTR)
  C:\KEIL\C51\LIB\C51S.LIB (?C?LLDIDATA)
  C:\KEIL\C51\LIB\C51S.LIB (?C?LLDOPTR0)
  C:\KEIL\C51\LIB\C51S.LIB (PUTCHAR)
  C:\KEIL\C51\LIB\C51S.LIB (PRINTF)
  C:\KEIL\C51\LIB\C51S.LIB (GETCHAR)
  C:\KEIL\C51\LIB\C51S.LIB (ATOL)
  C:\KEIL\C51\LIB\C51S.LIB (?C?LNEG)
  C:\KEIL\C51\LIB\C51S.LIB (?C?LLDXDATA)
  C:\KEIL\C51\LIB\C51S.LIB (?C?LLDPDATA)
  C:\KEIL\C51\LIB\C51S.LIB (?C?LLDCODE)
  C:\KEIL\C51\LIB\C51S.LIB (?C?LLDIDATA0)
  C:\KEIL\C51\LIB\C51S.LIB (?C?LLDXDATA0)
  C:\KEIL\C51\LIB\C51S.LIB (?C?LLDPDATA0)
  C:\KEIL\C51\LIB\C51S.LIB (?C?LLDCODE0)
  C:\KEIL\C51\LIB\C51S.LIB (?C?LSTIDATA)
  C:\KEIL\C51\LIB\C51S.LIB (?C?LSTXDATA)
  C:\KEIL\C51\LIB\C51S.LIB (?C?LSTPDATA)
BL51 BANKED LINKER/LOCATER V4.02                                                      11/08/2019  17:19:49  PAGE 2


  C:\KEIL\C51\LIB\C51S.LIB (?C?PLDIIDATA)
  C:\KEIL\C51\LIB\C51S.LIB (?C?CCASE)
  C:\KEIL\C51\LIB\C51S.LIB (_GETKEY)
  C:\KEIL\C51\LIB\C51S.LIB (ISDIGIT)
  C:\KEIL\C51\LIB\C51S.LIB (ISSPACE)


LINK MAP OF MODULE:  exp4_project (DIRECTORY_FUNCTIONS_STRUCT)


            TYPE    BASE      LENGTH    RELOCATION   SEGMENT NAME
            -----------------------------------------------------

            * * * * * * *   D A T A   M E M O R Y   * * * * * * *
            REG     0000H     0008H     ABSOLUTE     "REG BANK 0"
            DATA    0008H     0001H     UNIT         ?DT?GETCHAR
            IDATA   0009H     0016H     UNIT         ?ID?DIRECTORY_FUNCTIONS_STRUCT
            IDATA   001FH     0001H     UNIT         ?ID?SDCARD
            BIT     0020H.0   0001H.1   UNIT         _BIT_GROUP_
            BIT     0021H.1   0000H.1   UNIT         ?BI?GETCHAR
                    0021H.2   0000H.6                *** GAP ***
            DATA    0022H     0049H     UNIT         _DATA_GROUP_
            IDATA   006BH     0001H     UNIT         ?STACK

            * * * * * * *  X D A T A   M E M O R Y  * * * * * * *
            XDATA   0000H     0200H     UNIT         ?XD?EXP_4_MAIN

            * * * * * * *   C O D E   M E M O R Y   * * * * * * *
            CODE    0000H     0003H     ABSOLUTE     
            CODE    0003H     0423H     UNIT         ?C?LIB_CODE
            CODE    0426H     03F4H     UNIT         ?PR?_MOUNT_DRIVE?FILE_SYSTEM
            CODE    081AH     03F2H     UNIT         ?PR?SD_CARD_INIT?SDCARD
            CODE    0C0CH     035CH     UNIT         ?PR?PRINTF?PRINTF
            CODE    0F68H     027DH     UNIT         ?PR?_READ_DIR_ENTRY?DIRECTORY_FUNCTIONS_STRUCT
            CODE    11E5H     020EH     UNIT         ?CO?SDCARD
            CODE    13F3H     01E6H     UNIT         ?PR?_PRINT_DIRECTORY?DIRECTORY_FUNCTIONS_STRUCT
            CODE    15D9H     0169H     UNIT         ?PR?MAIN?EXP_4_MAIN
            CODE    1742H     0168H     UNIT         ?PR?_FIND_NEXT_CLUS?FILE_SYSTEM
            CODE    18AAH     0142H     UNIT         ?PR?_PRINT_FILE?FILE_SYSTEM
            CODE    19ECH     010BH     UNIT         ?PR?_SEND_COMMAND?SDCARD
            CODE    1AF7H     0108H     UNIT         ?CO?FILE_SYSTEM
            CODE    1BFFH     00FFH     UNIT         ?PR?_READ_BLOCK?SDCARD
            CODE    1CFEH     00DEH     UNIT         ?PR?_ATOL?ATOL
            CODE    1DDCH     00D1H     UNIT         ?PR?LONG_SERIAL_INPUT?LONG_SERIAL_IN
            CODE    1EADH     0099H     UNIT         ?PR?_RESPONSE?SDCARD
            CODE    1F46H     008FH     UNIT         ?CO?EXP_4_MAIN
            CODE    1FD5H     008CH     UNIT         ?PR?_SPI_MASTER_INIT?SPI
            CODE    2061H     0085H     UNIT         ?PR?_LCD_PRINT?LCD_ROUTINES
            CODE    20E6H     007CH     UNIT         ?PR?_FIRST_SECTOR?FILE_SYSTEM
            CODE    2162H     0078H     UNIT         ?PR?_PRINT_16BYTES?PRINT_BYTES
            CODE    21DAH     006EH     UNIT         ?PR?_PRINT_ERROR?SDCARD
            CODE    2248H     0064H     UNIT         ?PR?_READ32?SECTOR_READER
            CODE    22ACH     005FH     UNIT         ?PR?_PRINT_MEMORY?PRINT_BYTES
            CODE    230BH     0048H     UNIT         ?PR?_READ_SECTOR?SECTOR_READER
            CODE    2353H     0045H     UNIT         ?CO?PRINT_BYTES
            CODE    2398H     0038H     UNIT         ?PR?LCD_INIT?LCD_ROUTINES
            CODE    23D0H     0035H     UNIT         ?PR?_UART_INIT?UART
BL51 BANKED LINKER/LOCATER V4.02                                                      11/08/2019  17:19:49  PAGE 3


            CODE    2405H     0033H     UNIT         ?PR?_READ16?SECTOR_READER
            CODE    2438H     0033H     UNIT         ?PR?_SPI_TRANSFER?SPI
            CODE    246BH     002AH     UNIT         ?PR?_LCD_WRITE?LCD_HARDWARE_FUNCTIONS
            CODE    2495H     0027H     UNIT         ?PR?PUTCHAR?PUTCHAR
            CODE    24BCH     0026H     UNIT         ?PR?_TIMER0_DELAY_1MS?TIMER0_HARDWARE_DELAY_1MS
            CODE    24E2H     0020H     UNIT         ?PR?_UART_TRANSMIT?UART
            CODE    2502H     0013H     UNIT         ?PR?_ISSPACE?ISSPACE
            CODE    2515H     0011H     UNIT         ?PR?GETCHAR?GETCHAR
            CODE    2526H     000FH     UNIT         ?PR?_ISDIGIT?ISDIGIT
            CODE    2535H     000DH     UNIT         ?CO?DIRECTORY_FUNCTIONS_STRUCT
            CODE    2542H     000CH     UNIT         ?PR?_READ8?SECTOR_READER
            CODE    254EH     000CH     UNIT         ?C_C51STARTUP
            CODE    255AH     000AH     UNIT         ?PR?_GETKEY?_GETKEY
            CODE    2564H     0008H     UNIT         ?PR?UART_RECEIVE?UART
            CODE    256CH     0007H     UNIT         ?PR?EXPORT_DRIVE_VALUES?DIRECTORY_FUNCTIONS_STRUCT
            CODE    2573H     0005H     UNIT         ?PR?_LEDS_ON?LED_CONTROL
            CODE    2578H     0005H     UNIT         ?PR?_P3_CLEAR_BIT?OUTPUTS
            CODE    257DH     0005H     UNIT         ?PR?RETURN_SD_CARD_TYPE?SDCARD
            CODE    2582H     0005H     UNIT         ?PR?_SPI_SELECT_CLEAR?SPI
            CODE    2587H     0004H     UNIT         ?PR?_LEDS_OFF?LED_CONTROL
            CODE    258BH     0004H     UNIT         ?PR?_P3_SET_BIT?OUTPUTS
            CODE    258FH     0004H     UNIT         ?PR?_SPI_SELECT_SET?SPI
            CODE    2593H     0003H     UNIT         ?PR?_P0_OUTPUT_BITS?OUTPUTS



OVERLAY MAP OF MODULE:   exp4_project (DIRECTORY_FUNCTIONS_STRUCT)


SEGMENT                                                       BIT_GROUP          DATA_GROUP 
  +--> CALLED SEGMENT                                      START    LENGTH     START    LENGTH
----------------------------------------------------------------------------------------------
?C_C51STARTUP                                              -----    -----      -----    -----
  +--> ?PR?MAIN?EXP_4_MAIN

?PR?MAIN?EXP_4_MAIN                                        -----    -----      0022H    000BH
  +--> ?PR?_LEDS_ON?LED_CONTROL
  +--> ?PR?_TIMER0_DELAY_1MS?TIMER0_HARDWARE_DELAY_1MS
  +--> ?PR?_UART_INIT?UART
  +--> ?PR?LCD_INIT?LCD_ROUTINES
  +--> ?CO?EXP_4_MAIN
  +--> ?PR?_LCD_PRINT?LCD_ROUTINES
  +--> ?PR?_SPI_MASTER_INIT?SPI
  +--> ?PR?_UART_TRANSMIT?UART
  +--> ?PR?SD_CARD_INIT?SDCARD
  +--> ?PR?_LEDS_OFF?LED_CONTROL
  +--> ?PR?PRINTF?PRINTF
  +--> ?PR?_MOUNT_DRIVE?FILE_SYSTEM
  +--> ?PR?EXPORT_DRIVE_VALUES?DIRECTORY_FUNCTIONS_STRUCT
  +--> ?PR?_PRINT_DIRECTORY?DIRECTORY_FUNCTIONS_STRUCT
  +--> ?PR?LONG_SERIAL_INPUT?LONG_SERIAL_IN
  +--> ?PR?_READ_DIR_ENTRY?DIRECTORY_FUNCTIONS_STRUCT
  +--> ?PR?_FIRST_SECTOR?FILE_SYSTEM
  +--> ?PR?_PRINT_FILE?FILE_SYSTEM

?PR?LCD_INIT?LCD_ROUTINES                                  -----    -----      -----    -----
  +--> ?PR?_LCD_WRITE?LCD_HARDWARE_FUNCTIONS
BL51 BANKED LINKER/LOCATER V4.02                                                      11/08/2019  17:19:49  PAGE 4


  +--> ?PR?_TIMER0_DELAY_1MS?TIMER0_HARDWARE_DELAY_1MS

?PR?_LCD_WRITE?LCD_HARDWARE_FUNCTIONS                      -----    -----      0033H    0001H
  +--> ?PR?_P3_CLEAR_BIT?OUTPUTS
  +--> ?PR?_P3_SET_BIT?OUTPUTS
  +--> ?PR?_P0_OUTPUT_BITS?OUTPUTS

?PR?_LCD_PRINT?LCD_ROUTINES                                -----    -----      002DH    0006H
  +--> ?PR?_LCD_WRITE?LCD_HARDWARE_FUNCTIONS
  +--> ?PR?_TIMER0_DELAY_1MS?TIMER0_HARDWARE_DELAY_1MS

?PR?_SPI_MASTER_INIT?SPI                                   -----    -----      002DH    0001H

?PR?SD_CARD_INIT?SDCARD                                    -----    -----      002DH    0014H
  +--> ?PR?_SPI_SELECT_SET?SPI
  +--> ?CO?SDCARD
  +--> ?PR?PRINTF?PRINTF
  +--> ?PR?_SPI_TRANSFER?SPI
  +--> ?PR?_LEDS_ON?LED_CONTROL
  +--> ?PR?_SPI_SELECT_CLEAR?SPI
  +--> ?PR?_SEND_COMMAND?SDCARD
  +--> ?PR?_RESPONSE?SDCARD
  +--> ?PR?_LEDS_OFF?LED_CONTROL
  +--> ?PR?PUTCHAR?PUTCHAR
  +--> ?PR?_PRINT_ERROR?SDCARD

?PR?PRINTF?PRINTF                                          0020H.0  0001H.1    0057H    0014H
  +--> ?PR?PUTCHAR?PUTCHAR

?PR?_SEND_COMMAND?SDCARD                                   -----    -----      0061H    0009H
  +--> ?PR?_SPI_TRANSFER?SPI

?PR?_RESPONSE?SDCARD                                       -----    -----      0041H    0008H
  +--> ?PR?_SPI_TRANSFER?SPI

?PR?_PRINT_ERROR?SDCARD                                    -----    -----      0041H    0001H
  +--> ?CO?SDCARD
  +--> ?PR?PRINTF?PRINTF

?PR?_MOUNT_DRIVE?FILE_SYSTEM                               -----    -----      002DH    002AH
  +--> ?PR?EXPORT_DRIVE_VALUES?DIRECTORY_FUNCTIONS_STRUCT
  +--> ?CO?FILE_SYSTEM
  +--> ?PR?PRINTF?PRINTF
  +--> ?PR?_READ_SECTOR?SECTOR_READER
  +--> ?PR?_READ8?SECTOR_READER
  +--> ?PR?_READ32?SECTOR_READER
  +--> ?PR?_READ16?SECTOR_READER

?PR?_READ_SECTOR?SECTOR_READER                             -----    -----      0057H    000AH
  +--> ?PR?RETURN_SD_CARD_TYPE?SDCARD
  +--> ?PR?_SEND_COMMAND?SDCARD
  +--> ?PR?_READ_BLOCK?SDCARD

?PR?_READ_BLOCK?SDCARD                                     -----    -----      0061H    000AH
  +--> ?PR?_SPI_TRANSFER?SPI

?PR?_READ32?SECTOR_READER                                  -----    -----      0057H    0008H
BL51 BANKED LINKER/LOCATER V4.02                                                      11/08/2019  17:19:49  PAGE 5



?PR?_READ16?SECTOR_READER                                  -----    -----      0057H    0005H

?PR?_PRINT_DIRECTORY?DIRECTORY_FUNCTIONS_STRUCT            -----    -----      002DH    001AH
  +--> ?PR?_READ_SECTOR?SECTOR_READER
  +--> ?PR?_READ8?SECTOR_READER
  +--> ?CO?DIRECTORY_FUNCTIONS_STRUCT
  +--> ?PR?PRINTF?PRINTF
  +--> ?PR?PUTCHAR?PUTCHAR

?PR?LONG_SERIAL_INPUT?LONG_SERIAL_IN                       -----    -----      002DH    0011H
  +--> ?PR?UART_RECEIVE?UART
  +--> ?PR?PUTCHAR?PUTCHAR
  +--> ?PR?_UART_TRANSMIT?UART
  +--> ?PR?_ATOL?ATOL

?PR?_ATOL?ATOL                                             0020H.0  0000H.1    003EH    0007H
  +--> ?PR?_ISSPACE?ISSPACE
  +--> ?PR?_ISDIGIT?ISDIGIT

?PR?_READ_DIR_ENTRY?DIRECTORY_FUNCTIONS_STRUCT             -----    -----      002DH    001EH
  +--> ?PR?_READ_SECTOR?SECTOR_READER
  +--> ?PR?_READ8?SECTOR_READER

?PR?_FIRST_SECTOR?FILE_SYSTEM                              -----    -----      0042H    0007H
  +--> ?PR?EXPORT_DRIVE_VALUES?DIRECTORY_FUNCTIONS_STRUCT

?PR?_PRINT_FILE?FILE_SYSTEM                                -----    -----      002DH    0015H
  +--> ?PR?EXPORT_DRIVE_VALUES?DIRECTORY_FUNCTIONS_STRUCT
  +--> ?CO?FILE_SYSTEM
  +--> ?PR?PRINTF?PRINTF
  +--> ?PR?_FIRST_SECTOR?FILE_SYSTEM
  +--> ?PR?_READ_SECTOR?SECTOR_READER
  +--> ?PR?_PRINT_MEMORY?PRINT_BYTES
  +--> ?PR?_FIND_NEXT_CLUS?FILE_SYSTEM
  +--> ?PR?GETCHAR?GETCHAR

?PR?_PRINT_MEMORY?PRINT_BYTES                              -----    -----      0042H    0008H
  +--> ?CO?PRINT_BYTES
  +--> ?PR?PRINTF?PRINTF
  +--> ?PR?_PRINT_16BYTES?PRINT_BYTES

?PR?_PRINT_16BYTES?PRINT_BYTES                             -----    -----      004AH    0005H
  +--> ?CO?PRINT_BYTES
  +--> ?PR?PRINTF?PRINTF
  +--> ?PR?_UART_TRANSMIT?UART

?PR?_FIND_NEXT_CLUS?FILE_SYSTEM                            -----    -----      0042H    0012H
  +--> ?PR?EXPORT_DRIVE_VALUES?DIRECTORY_FUNCTIONS_STRUCT
  +--> ?PR?_READ_SECTOR?SECTOR_READER
  +--> ?PR?_READ32?SECTOR_READER
  +--> ?PR?_READ16?SECTOR_READER
  +--> ?CO?FILE_SYSTEM
  +--> ?PR?PRINTF?PRINTF

?PR?GETCHAR?GETCHAR                                        -----    -----      -----    -----
  +--> ?PR?_GETKEY?_GETKEY
BL51 BANKED LINKER/LOCATER V4.02                                                      11/08/2019  17:19:49  PAGE 6


  +--> ?PR?PUTCHAR?PUTCHAR



SYMBOL TABLE OF MODULE:  exp4_project (DIRECTORY_FUNCTIONS_STRUCT)

  VALUE           TYPE          NAME
  ----------------------------------

  -------         MODULE        DIRECTORY_FUNCTIONS_STRUCT
  C:0000H         SYMBOL        _ICE_DUMMY_
  B:00D8H.2       PUBLIC        CCF2
  B:00D8H.3       PUBLIC        CCF3
  D:0080H         PUBLIC        P0
  B:00D8H.4       PUBLIC        CCF4
  D:0090H         PUBLIC        P1
  D:00A0H         PUBLIC        P2
  D:00B0H         PUBLIC        P3
  B:00B0H.4       PUBLIC        T0
  B:00D0H.6       PUBLIC        AC
  B:00B0H.5       PUBLIC        T1
  B:00B0H.7       PUBLIC        nRD
  B:0090H.0       PUBLIC        T2
  B:00A8H.7       PUBLIC        EA
  B:00A8H.6       PUBLIC        EC
  B:00D8H.7       PUBLIC        CF
  B:00B0H.2       PUBLIC        nINT0
  B:0098H.7       PUBLIC        FE
  C:13F3H         PUBLIC        _Print_Directory
  B:00B0H.3       PUBLIC        nINT1
  D:00A8H         PUBLIC        IEN0
  B:00B0H.0       PUBLIC        RxD
  B:0090H.0       PUBLIC        P1_0
  B:00B0H.1       PUBLIC        TxD
  B:0090H.3       PUBLIC        CEX0
  B:0090H.1       PUBLIC        P1_1
  B:0090H.4       PUBLIC        CEX1
  B:0090H.2       PUBLIC        P1_2
  B:00C8H.0       PUBLIC        CP
  B:0090H.3       PUBLIC        P1_3
  B:00B0H.2       PUBLIC        P3_2
  B:00D8H.6       PUBLIC        CR
  B:00B0H.3       PUBLIC        P3_3
  B:00C8H.6       PUBLIC        EXF2
  D:00B8H         PUBLIC        IPL0
  B:00B0H.4       PUBLIC        P3_4
  B:00B0H.5       PUBLIC        P3_5
  B:00B0H.6       PUBLIC        nWR
  B:00A8H.4       PUBLIC        ES
  B:0098H.0       PUBLIC        RI
  B:00D0H.7       PUBLIC        CY
  B:0098H.1       PUBLIC        TI
  B:00B8H.1       PUBLIC        PT0L
  B:00B8H.3       PUBLIC        PT1L
  B:00B8H.5       PUBLIC        PT2L
  B:0090H.1       PUBLIC        T2EX
  D:00D8H         PUBLIC        CCON
BL51 BANKED LINKER/LOCATER V4.02                                                      11/08/2019  17:19:49  PAGE 7


  B:00B0H.6       PUBLIC        RS
  B:00B8H.0       PUBLIC        PX0L
  B:00D0H.2       PUBLIC        OV
  B:0090H.1       PUBLIC        SS
  B:00B8H.2       PUBLIC        PX1L
  B:00C8H.5       PUBLIC        RCLK
  B:00C8H.4       PUBLIC        TCLK
  B:00B8H.6       PUBLIC        PPCL
  B:00A0H.4       PUBLIC        REDLED
  D:0098H         PUBLIC        SCON
  B:00A0H.6       PUBLIC        YELLOWLED
  B:0090H.4       PUBLIC        nCS0
  B:0080H.0       PUBLIC        AD0
  D:0088H         PUBLIC        TCON
  B:0080H.1       PUBLIC        AD1
  B:0080H.2       PUBLIC        AD2
  B:00B0H.1       PUBLIC        per_RxD
  B:00C8H.1       PUBLIC        CnT2
  B:0080H.3       PUBLIC        AD3
  B:0090H.5       PUBLIC        MISO
  B:0090H.7       PUBLIC        MOSI
  B:0080H.4       PUBLIC        AD4
  B:00B0H.0       PUBLIC        per_TxD
  B:0080H.5       PUBLIC        AD5
  B:0080H.6       PUBLIC        AD6
  B:0080H.7       PUBLIC        AD7
  B:00A0H.0       PUBLIC        AD8
  B:00A0H.1       PUBLIC        AD9
  B:0088H.1       PUBLIC        IE0
  B:00A0H.7       PUBLIC        AMBERLED
  B:0088H.3       PUBLIC        IE1
  B:00B0H.7       PUBLIC        E
  B:00A0H.5       PUBLIC        GREENLED
  B:00A8H.1       PUBLIC        ET0
  B:00A8H.3       PUBLIC        ET1
  B:0088H.5       PUBLIC        TF0
  B:00A8H.5       PUBLIC        ET2
  B:0088H.7       PUBLIC        TF1
  B:00C8H.7       PUBLIC        TF2
  B:0098H.2       PUBLIC        RB8
  B:00A8H.0       PUBLIC        EX0
  B:0088H.0       PUBLIC        IT0
  B:0098H.3       PUBLIC        TB8
  B:00A8H.2       PUBLIC        EX1
  B:0088H.2       PUBLIC        IT1
  B:00D0H.0       PUBLIC        P
  B:0098H.7       PUBLIC        SM0
  B:0090H.2       PUBLIC        ECI
  B:0098H.6       PUBLIC        SM1
  B:0098H.5       PUBLIC        SM2
  C:0F68H         PUBLIC        _Read_Dir_Entry
  B:00D0H.3       PUBLIC        RS0
  B:0088H.4       PUBLIC        TR0
  B:00D0H.4       PUBLIC        RS1
  B:0090H.6       PUBLIC        per_SCLK
  B:0088H.6       PUBLIC        TR1
  C:256CH         PUBLIC        Export_Drive_values
BL51 BANKED LINKER/LOCATER V4.02                                                      11/08/2019  17:19:49  PAGE 8


  B:00C8H.2       PUBLIC        TR2
  B:00A0H.0       PUBLIC        SW1
  B:00A0H.1       PUBLIC        SW2
  B:00A0H.2       PUBLIC        SW3
  B:00A0H.3       PUBLIC        SW4
  B:0090H.6       PUBLIC        SCK
  B:0090H.7       PUBLIC        per_MOSI
  B:0090H.5       PUBLIC        per_MISO
  B:00C8H.3       PUBLIC        EXEN2
  B:0098H.4       PUBLIC        REN
  B:00A0H.2       PUBLIC        AD10
  B:00A0H.3       PUBLIC        AD11
  D:00C8H         PUBLIC        T2CON
  B:00A0H.4       PUBLIC        AD12
  B:00A0H.5       PUBLIC        AD13
  B:00A0H.6       PUBLIC        AD14
  B:00A0H.7       PUBLIC        AD15
  B:00B8H.4       PUBLIC        PLS
  I:0009H         PUBLIC        Drive_values
  B:00D0H.5       PUBLIC        F0
  B:00D0H.1       PUBLIC        F1
  D:00D0H         PUBLIC        PSW
  B:00D8H.0       PUBLIC        CCF0
  B:00D8H.1       PUBLIC        CCF1
  -------         PROC          EXPORT_DRIVE_VALUES
  C:256CH         LINE#         24
  C:256CH         LINE#         25
  C:256CH         LINE#         26
  C:2572H         LINE#         27
  -------         ENDPROC       EXPORT_DRIVE_VALUES
  -------         PROC          _PRINT_DIRECTORY
  D:002DH         SYMBOL        Sector_num
  D:0031H         SYMBOL        array_in
  -------         DO            array_in
  D:0033H         SYMBOL        Sector
  D:0037H         SYMBOL        max_sectors
  D:003BH         SYMBOL        i
  D:003DH         SYMBOL        entries
  D:003FH         SYMBOL        temp8
  D:0040H         SYMBOL        j
  D:0041H         SYMBOL        attr
  D:0042H         SYMBOL        out_val
  D:0043H         SYMBOL        error_flag
  D:0044H         SYMBOL        values
  -------         ENDDO         values
  C:13F3H         LINE#         40
  C:13FBH         LINE#         41
  C:13FBH         LINE#         48
  C:1404H         LINE#         49
  C:1409H         LINE#         50
  C:140DH         LINE#         51
  C:1413H         LINE#         52
  C:1413H         LINE#         53
  C:1420H         LINE#         54
  C:1422H         LINE#         56
  C:1422H         LINE#         57
  C:142FH         LINE#         58
BL51 BANKED LINKER/LOCATER V4.02                                                      11/08/2019  17:19:49  PAGE 9


  C:142FH         LINE#         59
  C:143BH         LINE#         60
  C:145AH         LINE#         61
  C:1461H         LINE#         62
  C:1461H         LINE#         64
  C:1461H         LINE#         65
  C:1470H         LINE#         66
  C:1480H         LINE#         67
  C:1480H         LINE#         68
  C:1494H         LINE#         69
  C:149DH         LINE#         70
  C:149DH         LINE#         71
  C:14A5H         LINE#         72
  C:14B3H         LINE#         73
  C:14B6H         LINE#         74
  C:14B6H         LINE#         75
  C:14CCH         LINE#         76
  C:14CFH         LINE#         77
  C:14D8H         LINE#         78
  C:14DDH         LINE#         79
  C:14DDH         LINE#         80
  C:14E0H         LINE#         81
  C:14E0H         LINE#         82
  C:14F6H         LINE#         83
  C:14F9H         LINE#         84
  C:1502H         LINE#         85
  C:150BH         LINE#         86
  C:150DH         LINE#         88
  C:150DH         LINE#         89
  C:1512H         LINE#         90
  C:1515H         LINE#         91
  C:1515H         LINE#         92
  C:152BH         LINE#         93
  C:152EH         LINE#         94
  C:1537H         LINE#         95
  C:153CH         LINE#         96
  C:1541H         LINE#         97
  C:1541H         LINE#         98
  C:1541H         LINE#         99
  C:1541H         LINE#         100
  C:154CH         LINE#         101
  C:1557H         LINE#         102
  C:1557H         LINE#         103
  C:156CH         LINE#         104
  C:158FH         LINE#         105
  C:158FH         LINE#         106
  C:15AEH         LINE#         107
  C:15B2H         LINE#         108
  C:15B2H         LINE#         109
  C:15B7H         LINE#         110
  C:15B9H         LINE#         111
  C:15B9H         LINE#         112
  C:15BEH         LINE#         113
  C:15C0H         LINE#         115
  C:15C0H         LINE#         116
  C:15C3H         LINE#         117
  C:15C6H         LINE#         118
BL51 BANKED LINKER/LOCATER V4.02                                                      11/08/2019  17:19:49  PAGE 10


  C:15C6H         LINE#         119
  C:15C6H         LINE#         121
  C:15CDH         LINE#         122
  C:15CFH         LINE#         124
  C:15CFH         LINE#         125
  C:15D4H         LINE#         126
  C:15D4H         LINE#         127
  C:15D8H         LINE#         128
  -------         ENDPROC       _PRINT_DIRECTORY
  -------         PROC          _READ_DIR_ENTRY
  D:002DH         SYMBOL        Sector_num
  D:0031H         SYMBOL        Entry
  D:0033H         SYMBOL        array_in
  -------         DO            array_in
  D:0035H         SYMBOL        Sector
  D:0039H         SYMBOL        max_sectors
  D:003DH         SYMBOL        return_clus
  D:0041H         SYMBOL        i
  D:0043H         SYMBOL        entries
  D:0045H         SYMBOL        temp8
  D:0046H         SYMBOL        attr
  D:0047H         SYMBOL        error_flag
  D:0048H         SYMBOL        values
  -------         ENDDO         values
  C:0F68H         LINE#         141
  C:0F70H         LINE#         142
  C:0F70H         LINE#         148
  C:0F79H         LINE#         149
  C:0F7EH         LINE#         150
  C:0F82H         LINE#         151
  C:0F8AH         LINE#         152
  C:0F90H         LINE#         153
  C:0F90H         LINE#         154
  C:0F9DH         LINE#         155
  C:0F9FH         LINE#         157
  C:0F9FH         LINE#         158
  C:0FACH         LINE#         159
  C:0FACH         LINE#         160
  C:0FB8H         LINE#         161
  C:0FD7H         LINE#         162
  C:0FDEH         LINE#         163
  C:0FDEH         LINE#         165
  C:0FDEH         LINE#         166
  C:0FEDH         LINE#         167
  C:0FFDH         LINE#         168
  C:0FFDH         LINE#         169
  C:1011H         LINE#         170
  C:101AH         LINE#         171
  C:101AH         LINE#         172
  C:1022H         LINE#         173
  C:102FH         LINE#         174
  C:102FH         LINE#         175
  C:1036H         LINE#         176
  C:1036H         LINE#         177
  C:1051H         LINE#         178
  C:1064H         LINE#         179
  C:1088H         LINE#         180
BL51 BANKED LINKER/LOCATER V4.02                                                      11/08/2019  17:19:49  PAGE 11


  C:109CH         LINE#         181
  C:109CH         LINE#         182
  C:10C0H         LINE#         183
  C:10D4H         LINE#         184
  C:10F8H         LINE#         185
  C:110CH         LINE#         186
  C:1123H         LINE#         187
  C:1126H         LINE#         188
  C:1126H         LINE#         190
  C:1126H         LINE#         191
  C:1126H         LINE#         192
  C:1131H         LINE#         193
  C:113CH         LINE#         194
  C:113CH         LINE#         195
  C:1151H         LINE#         196
  C:1174H         LINE#         197
  C:1174H         LINE#         198
  C:1193H         LINE#         199
  C:1197H         LINE#         200
  C:1197H         LINE#         201
  C:11A1H         LINE#         202
  C:11A3H         LINE#         203
  C:11A3H         LINE#         204
  C:11A8H         LINE#         205
  C:11AAH         LINE#         207
  C:11AAH         LINE#         208
  C:11ADH         LINE#         209
  C:11ADH         LINE#         210
  C:11ADH         LINE#         212
  C:11B4H         LINE#         213
  C:11B6H         LINE#         215
  C:11B6H         LINE#         216
  C:11C0H         LINE#         217
  C:11C0H         LINE#         218
  C:11DCH         LINE#         219
  C:11E4H         LINE#         220
  -------         ENDPROC       _READ_DIR_ENTRY
  -------         ENDMOD        DIRECTORY_FUNCTIONS_STRUCT

  -------         MODULE        EXP_4_MAIN
  C:0000H         SYMBOL        _ICE_DUMMY_
  B:00D8H.2       PUBLIC        CCF2
  B:00D8H.3       PUBLIC        CCF3
  D:0080H         PUBLIC        P0
  B:00D8H.4       PUBLIC        CCF4
  D:0090H         PUBLIC        P1
  D:00A0H         PUBLIC        P2
  D:00B0H         PUBLIC        P3
  B:00B0H.4       PUBLIC        T0
  B:00D0H.6       PUBLIC        AC
  B:00B0H.5       PUBLIC        T1
  B:00B0H.7       PUBLIC        nRD
  B:0090H.0       PUBLIC        T2
  B:00A8H.7       PUBLIC        EA
  B:00A8H.6       PUBLIC        EC
  B:00D8H.7       PUBLIC        CF
  B:00B0H.2       PUBLIC        nINT0
BL51 BANKED LINKER/LOCATER V4.02                                                      11/08/2019  17:19:49  PAGE 12


  B:0098H.7       PUBLIC        FE
  B:00B0H.3       PUBLIC        nINT1
  D:00A8H         PUBLIC        IEN0
  B:00B0H.0       PUBLIC        RxD
  B:0090H.0       PUBLIC        P1_0
  B:00B0H.1       PUBLIC        TxD
  B:0090H.3       PUBLIC        CEX0
  B:0090H.1       PUBLIC        P1_1
  B:0090H.4       PUBLIC        CEX1
  B:0090H.2       PUBLIC        P1_2
  B:00C8H.0       PUBLIC        CP
  B:0090H.3       PUBLIC        P1_3
  B:00B0H.2       PUBLIC        P3_2
  B:00D8H.6       PUBLIC        CR
  B:00B0H.3       PUBLIC        P3_3
  B:00C8H.6       PUBLIC        EXF2
  D:00B8H         PUBLIC        IPL0
  B:00B0H.4       PUBLIC        P3_4
  B:00B0H.5       PUBLIC        P3_5
  B:00B0H.6       PUBLIC        nWR
  B:00A8H.4       PUBLIC        ES
  B:0098H.0       PUBLIC        RI
  B:00D0H.7       PUBLIC        CY
  B:0098H.1       PUBLIC        TI
  D:008FH         PUBLIC        CKCON0
  C:1FC9H         PUBLIC        LCD_str_start
  B:00B8H.1       PUBLIC        PT0L
  B:00B8H.3       PUBLIC        PT1L
  B:00B8H.5       PUBLIC        PT2L
  B:0090H.1       PUBLIC        T2EX
  D:00D8H         PUBLIC        CCON
  B:00B0H.6       PUBLIC        RS
  B:00B8H.0       PUBLIC        PX0L
  B:00D0H.2       PUBLIC        OV
  B:0090H.1       PUBLIC        SS
  B:00B8H.2       PUBLIC        PX1L
  C:15D9H         PUBLIC        main
  B:00C8H.5       PUBLIC        RCLK
  B:00C8H.4       PUBLIC        TCLK
  B:00B8H.6       PUBLIC        PPCL
  B:00A0H.4       PUBLIC        REDLED
  D:0098H         PUBLIC        SCON
  B:00A0H.6       PUBLIC        YELLOWLED
  B:0090H.4       PUBLIC        nCS0
  B:0080H.0       PUBLIC        AD0
  D:0088H         PUBLIC        TCON
  B:0080H.1       PUBLIC        AD1
  B:0080H.2       PUBLIC        AD2
  B:00B0H.1       PUBLIC        per_RxD
  B:00C8H.1       PUBLIC        CnT2
  B:0080H.3       PUBLIC        AD3
  B:0090H.5       PUBLIC        MISO
  B:0090H.7       PUBLIC        MOSI
  B:0080H.4       PUBLIC        AD4
  B:00B0H.0       PUBLIC        per_TxD
  B:0080H.5       PUBLIC        AD5
  B:0080H.6       PUBLIC        AD6
BL51 BANKED LINKER/LOCATER V4.02                                                      11/08/2019  17:19:49  PAGE 13


  B:0080H.7       PUBLIC        AD7
  B:00A0H.0       PUBLIC        AD8
  B:00A0H.1       PUBLIC        AD9
  B:0088H.1       PUBLIC        IE0
  B:00A0H.7       PUBLIC        AMBERLED
  B:0088H.3       PUBLIC        IE1
  D:008EH         PUBLIC        AUXR
  B:00B0H.7       PUBLIC        E
  B:00A0H.5       PUBLIC        GREENLED
  B:00A8H.1       PUBLIC        ET0
  B:00A8H.3       PUBLIC        ET1
  B:0088H.5       PUBLIC        TF0
  B:00A8H.5       PUBLIC        ET2
  B:0088H.7       PUBLIC        TF1
  B:00C8H.7       PUBLIC        TF2
  B:0098H.2       PUBLIC        RB8
  B:00A8H.0       PUBLIC        EX0
  B:0088H.0       PUBLIC        IT0
  B:0098H.3       PUBLIC        TB8
  B:00A8H.2       PUBLIC        EX1
  B:0088H.2       PUBLIC        IT1
  B:00D0H.0       PUBLIC        P
  B:0098H.7       PUBLIC        SM0
  B:0090H.2       PUBLIC        ECI
  B:0098H.6       PUBLIC        SM1
  B:0098H.5       PUBLIC        SM2
  B:00D0H.3       PUBLIC        RS0
  B:0088H.4       PUBLIC        TR0
  B:00D0H.4       PUBLIC        RS1
  B:0090H.6       PUBLIC        per_SCLK
  B:0088H.6       PUBLIC        TR1
  B:00C8H.2       PUBLIC        TR2
  B:00A0H.0       PUBLIC        SW1
  B:00A0H.1       PUBLIC        SW2
  B:00A0H.2       PUBLIC        SW3
  B:00A0H.3       PUBLIC        SW4
  B:0090H.6       PUBLIC        SCK
  B:0090H.7       PUBLIC        per_MOSI
  B:0090H.5       PUBLIC        per_MISO
  B:00C8H.3       PUBLIC        EXEN2
  B:0098H.4       PUBLIC        REN
  B:00A0H.2       PUBLIC        AD10
  B:00A0H.3       PUBLIC        AD11
  D:00C8H         PUBLIC        T2CON
  B:00A0H.4       PUBLIC        AD12
  B:00A0H.5       PUBLIC        AD13
  B:00A0H.6       PUBLIC        AD14
  B:00A0H.7       PUBLIC        AD15
  X:0000H         PUBLIC        buf1
  B:00B8H.4       PUBLIC        PLS
  B:00D0H.5       PUBLIC        F0
  B:00D0H.1       PUBLIC        F1
  D:00D0H         PUBLIC        PSW
  B:00D8H.0       PUBLIC        CCF0
  B:00D8H.1       PUBLIC        CCF1
  -------         PROC          MAIN
  -------         DO            MAIN
BL51 BANKED LINKER/LOCATER V4.02                                                      11/08/2019  17:19:49  PAGE 14


  D:0022H         SYMBOL        error_flag
  D:0023H         SYMBOL        entry_num
  D:0025H         SYMBOL        cwd
  D:0029H         SYMBOL        clus
  -------         ENDDO         clus
  C:15D9H         LINE#         18
  C:15D9H         LINE#         19
  C:15D9H         LINE#         24
  C:15DEH         LINE#         25
  C:15E1H         LINE#         26
  C:15E1H         LINE#         27
  C:15E1H         LINE#         28
  C:15E4H         LINE#         29
  C:15E4H         LINE#         30
  C:15E4H         LINE#         31
  C:15E4H         LINE#         32
  C:15E4H         LINE#         33
  C:15E4H         LINE#         34
  C:15EBH         LINE#         35
  C:15F2H         LINE#         38
  C:15F5H         LINE#         39
  C:1602H         LINE#         41
  C:160FH         LINE#         42
  C:1613H         LINE#         43
  C:1613H         LINE#         44
  C:1618H         LINE#         45
  C:161DH         LINE#         46
  C:161FH         LINE#         47
  C:161FH         LINE#         48
  C:1624H         LINE#         50
  C:1629H         LINE#         51
  C:162DH         LINE#         52
  C:162DH         LINE#         53
  C:1632H         LINE#         54
  C:1637H         LINE#         55
  C:1639H         LINE#         56
  C:1639H         LINE#         57
  C:163EH         LINE#         58
  C:164BH         LINE#         59
  C:164FH         LINE#         60
  C:164FH         LINE#         61
  C:1654H         LINE#         62
  C:1659H         LINE#         63
  C:165BH         LINE#         64
  C:165BH         LINE#         66
  C:1664H         LINE#         67
  C:166EH         LINE#         68
  C:166EH         LINE#         69
  C:1677H         LINE#         70
  C:1679H         LINE#         72
  C:1679H         LINE#         73
  C:1682H         LINE#         74
  C:1684H         LINE#         75
  C:1684H         LINE#         77
  C:168DH         LINE#         78
  C:16A8H         LINE#         81
  C:16A8H         LINE#         82
BL51 BANKED LINKER/LOCATER V4.02                                                      11/08/2019  17:19:49  PAGE 15


  C:16A8H         LINE#         83
  C:16B1H         LINE#         84
  C:16B8H         LINE#         86
  C:16D2H         LINE#         87
  C:16D2H         LINE#         88
  C:16F1H         LINE#         89
  C:16FCH         LINE#         90
  C:16FCH         LINE#         91
  C:170EH         LINE#         92
  C:1720H         LINE#         93
  C:1722H         LINE#         95
  C:1722H         LINE#         96
  C:1733H         LINE#         97
  C:1733H         LINE#         98
  C:1736H         LINE#         100
  C:1736H         LINE#         101
  C:173FH         LINE#         102
  C:173FH         LINE#         103
  -------         ENDPROC       MAIN
  -------         ENDMOD        EXP_4_MAIN

  -------         MODULE        FILE_SYSTEM
  C:0000H         SYMBOL        _ICE_DUMMY_
  B:00D8H.2       PUBLIC        CCF2
  C:20E6H         PUBLIC        _first_sector
  B:00D8H.3       PUBLIC        CCF3
  D:0080H         PUBLIC        P0
  B:00D8H.4       PUBLIC        CCF4
  D:0090H         PUBLIC        P1
  D:00A0H         PUBLIC        P2
  D:00B0H         PUBLIC        P3
  B:00B0H.4       PUBLIC        T0
  B:00D0H.6       PUBLIC        AC
  B:00B0H.5       PUBLIC        T1
  B:00B0H.7       PUBLIC        nRD
  B:0090H.0       PUBLIC        T2
  B:00A8H.7       PUBLIC        EA
  B:00A8H.6       PUBLIC        EC
  B:00D8H.7       PUBLIC        CF
  B:00B0H.2       PUBLIC        nINT0
  B:0098H.7       PUBLIC        FE
  B:00B0H.3       PUBLIC        nINT1
  D:00A8H         PUBLIC        IEN0
  B:00B0H.0       PUBLIC        RxD
  B:00B0H.1       PUBLIC        TxD
  B:0090H.3       PUBLIC        CEX0
  B:0090H.4       PUBLIC        CEX1
  C:18AAH         PUBLIC        _print_file
  B:00C8H.0       PUBLIC        CP
  C:0426H         PUBLIC        _mount_drive
  B:00D8H.6       PUBLIC        CR
  B:00C8H.6       PUBLIC        EXF2
  D:00B8H         PUBLIC        IPL0
  B:00B0H.6       PUBLIC        nWR
  B:00A8H.4       PUBLIC        ES
  B:0098H.0       PUBLIC        RI
  B:00D0H.7       PUBLIC        CY
BL51 BANKED LINKER/LOCATER V4.02                                                      11/08/2019  17:19:49  PAGE 16


  B:0098H.1       PUBLIC        TI
  B:00B8H.1       PUBLIC        PT0L
  B:00B8H.3       PUBLIC        PT1L
  B:00B8H.5       PUBLIC        PT2L
  B:0090H.1       PUBLIC        T2EX
  D:00D8H         PUBLIC        CCON
  B:00B8H.0       PUBLIC        PX0L
  B:00D0H.2       PUBLIC        OV
  B:0090H.1       PUBLIC        SS
  B:00B8H.2       PUBLIC        PX1L
  B:00C8H.5       PUBLIC        RCLK
  B:00C8H.4       PUBLIC        TCLK
  B:00B8H.6       PUBLIC        PPCL
  D:0098H         PUBLIC        SCON
  B:0080H.0       PUBLIC        AD0
  D:0088H         PUBLIC        TCON
  B:0080H.1       PUBLIC        AD1
  B:0080H.2       PUBLIC        AD2
  B:00C8H.1       PUBLIC        CnT2
  B:0080H.3       PUBLIC        AD3
  B:0090H.5       PUBLIC        MISO
  B:0090H.7       PUBLIC        MOSI
  B:0080H.4       PUBLIC        AD4
  B:0080H.5       PUBLIC        AD5
  B:0080H.6       PUBLIC        AD6
  B:0080H.7       PUBLIC        AD7
  B:00A0H.0       PUBLIC        AD8
  B:00A0H.1       PUBLIC        AD9
  B:0088H.1       PUBLIC        IE0
  C:1742H         PUBLIC        _find_next_clus
  B:0088H.3       PUBLIC        IE1
  B:00A8H.1       PUBLIC        ET0
  B:00A8H.3       PUBLIC        ET1
  B:0088H.5       PUBLIC        TF0
  B:00A8H.5       PUBLIC        ET2
  B:0088H.7       PUBLIC        TF1
  B:00C8H.7       PUBLIC        TF2
  B:0098H.2       PUBLIC        RB8
  B:00A8H.0       PUBLIC        EX0
  B:0088H.0       PUBLIC        IT0
  B:0098H.3       PUBLIC        TB8
  B:00A8H.2       PUBLIC        EX1
  B:0088H.2       PUBLIC        IT1
  B:00D0H.0       PUBLIC        P
  B:0098H.7       PUBLIC        SM0
  B:0090H.2       PUBLIC        ECI
  B:0098H.6       PUBLIC        SM1
  B:0098H.5       PUBLIC        SM2
  B:00D0H.3       PUBLIC        RS0
  B:0088H.4       PUBLIC        TR0
  B:00D0H.4       PUBLIC        RS1
  B:0088H.6       PUBLIC        TR1
  B:00C8H.2       PUBLIC        TR2
  B:0090H.6       PUBLIC        SCK
  B:00C8H.3       PUBLIC        EXEN2
  B:0098H.4       PUBLIC        REN
  B:00A0H.2       PUBLIC        AD10
BL51 BANKED LINKER/LOCATER V4.02                                                      11/08/2019  17:19:49  PAGE 17


  B:00A0H.3       PUBLIC        AD11
  D:00C8H         PUBLIC        T2CON
  B:00A0H.4       PUBLIC        AD12
  B:00A0H.5       PUBLIC        AD13
  B:00A0H.6       PUBLIC        AD14
  B:00A0H.7       PUBLIC        AD15
  B:00B8H.4       PUBLIC        PLS
  B:00D0H.5       PUBLIC        F0
  B:00D0H.1       PUBLIC        F1
  D:00D0H         PUBLIC        PSW
  B:00D8H.0       PUBLIC        CCF0
  B:00D8H.1       PUBLIC        CCF1
  -------         PROC          _MOUNT_DRIVE
  D:0006H         SYMBOL        xram_data_array
  -------         DO            xram_data_array
  D:002DH         SYMBOL        temp8
  D:002EH         SYMBOL        NumFAT
  D:0004H         SYMBOL        temp16
  D:002FH         SYMBOL        RootEntCnt
  D:0031H         SYMBOL        RsvdSecCnt
  D:0033H         SYMBOL        FATSz16
  D:0035H         SYMBOL        ClusterCount
  D:0039H         SYMBOL        FATSz
  D:003DH         SYMBOL        TotSec
  D:0041H         SYMBOL        DataSec
  D:0045H         SYMBOL        MBR_RelSec
  D:0049H         SYMBOL        FATSz32
  D:004DH         SYMBOL        RootClus
  D:0051H         SYMBOL        data_array
  D:0054H         SYMBOL        drive_values
  -------         ENDDO         drive_values
  C:0426H         LINE#         24
  C:0426H         LINE#         25
  C:0426H         LINE#         31
  C:0431H         LINE#         33
  C:043AH         LINE#         37
  C:0443H         LINE#         38
  C:045DH         LINE#         39
  C:046BH         LINE#         40
  C:0474H         LINE#         41
  C:0480H         LINE#         42
  C:0480H         LINE#         45
  C:0495H         LINE#         47
  C:04A7H         LINE#         48
  C:04B5H         LINE#         49
  C:04B5H         LINE#         52
  C:04C1H         LINE#         53
  C:04C1H         LINE#         54
  C:04CAH         LINE#         55
  C:04CDH         LINE#         56
  C:04CDH         LINE#         59
  C:04E9H         LINE#         62
  C:04F0H         LINE#         64
  C:04F9H         LINE#         66
  C:04FFH         LINE#         67
  C:04FFH         LINE#         68
  C:050DH         LINE#         69
BL51 BANKED LINKER/LOCATER V4.02                                                      11/08/2019  17:19:49  PAGE 18


  C:0514H         LINE#         70
  C:0516H         LINE#         72
  C:052DH         LINE#         74
  C:053EH         LINE#         75
  C:054DH         LINE#         76
  C:055EH         LINE#         77
  C:056FH         LINE#         78
  C:0584H         LINE#         79
  C:0599H         LINE#         82
  C:059FH         LINE#         83
  C:059FH         LINE#         84
  C:05B5H         LINE#         85
  C:05B7H         LINE#         87
  C:05B7H         LINE#         88
  C:05CCH         LINE#         89
  C:05CCH         LINE#         91
  C:05DFH         LINE#         92
  C:05DFH         LINE#         93
  C:05F5H         LINE#         94
  C:05F7H         LINE#         96
  C:05F7H         LINE#         97
  C:060CH         LINE#         98
  C:060CH         LINE#         101
  C:0646H         LINE#         104
  C:069DH         LINE#         107
  C:06BCH         LINE#         110
  C:0713H         LINE#         113
  C:0738H         LINE#         114
  C:074DH         LINE#         115
  C:074DH         LINE#         117
  C:0756H         LINE#         118
  C:0759H         LINE#         119
  C:0759H         LINE#         120
  C:076EH         LINE#         121
  C:076EH         LINE#         123
  C:077CH         LINE#         124
  C:0785H         LINE#         125
  C:07A7H         LINE#         126
  C:07A9H         LINE#         128
  C:07A9H         LINE#         130
  C:07B7H         LINE#         131
  C:07C0H         LINE#         132
  C:0817H         LINE#         133
  C:0817H         LINE#         135
  C:0819H         LINE#         136
  -------         ENDPROC       _MOUNT_DRIVE
  -------         PROC          _FIRST_SECTOR
  D:0042H         SYMBOL        cluster_num
  -------         DO            cluster_num
  D:0046H         SYMBOL        drive_values
  -------         ENDDO         drive_values
  C:20E6H         LINE#         138
  C:20EEH         LINE#         139
  C:20EEH         LINE#         140
  C:20F7H         LINE#         143
  C:210AH         LINE#         144
  C:210AH         LINE#         145
BL51 BANKED LINKER/LOCATER V4.02                                                      11/08/2019  17:19:49  PAGE 19


  C:2116H         LINE#         146
  C:2116H         LINE#         148
  C:2116H         LINE#         149
  C:2161H         LINE#         150
  C:2161H         LINE#         151
  -------         ENDPROC       _FIRST_SECTOR
  -------         PROC          _FIND_NEXT_CLUS
  D:0042H         SYMBOL        cluster_num
  D:0046H         SYMBOL        xram_data_array
  -------         DO            xram_data_array
  D:0048H         SYMBOL        data_array
  D:004BH         SYMBOL        FAToffset
  D:0004H         SYMBOL        sector
  D:004DH         SYMBOL        next_clus
  D:0051H         SYMBOL        drive_values
  -------         ENDDO         drive_values
  C:1742H         LINE#         153
  C:174AH         LINE#         154
  C:174AH         LINE#         158
  C:1753H         LINE#         160
  C:175CH         LINE#         163
  C:17B5H         LINE#         164
  C:17D2H         LINE#         167
  C:1821H         LINE#         170
  C:1830H         LINE#         171
  C:1830H         LINE#         172
  C:1841H         LINE#         173
  C:1841H         LINE#         174
  C:1851H         LINE#         175
  C:1851H         LINE#         176
  C:1867H         LINE#         179
  C:187BH         LINE#         180
  C:187BH         LINE#         181
  C:1883H         LINE#         182
  C:1883H         LINE#         184
  C:1883H         LINE#         185
  C:188CH         LINE#         186
  C:188CH         LINE#         187
  C:188CH         LINE#         189
  C:188CH         LINE#         190
  C:1895H         LINE#         191
  C:189BH         LINE#         192
  C:189BH         LINE#         194
  C:18A4H         LINE#         195
  C:18A9H         LINE#         196
  -------         ENDPROC       _FIND_NEXT_CLUS
  -------         PROC          _PRINT_FILE
  D:002DH         SYMBOL        cluster_num
  D:0031H         SYMBOL        xram_data_array
  -------         DO            xram_data_array
  D:0033H         SYMBOL        base_sector
  D:0037H         SYMBOL        sector_offset
  D:003BH         SYMBOL        temp8
  D:003CH         SYMBOL        data_array
  D:003FH         SYMBOL        drive_values
  -------         ENDDO         drive_values
  C:18AAH         LINE#         199
BL51 BANKED LINKER/LOCATER V4.02                                                      11/08/2019  17:19:49  PAGE 20


  C:18B2H         LINE#         200
  C:18B2H         LINE#         204
  C:18BBH         LINE#         205
  C:18C4H         LINE#         207
  C:18CDH         LINE#         209
  C:18D6H         LINE#         210
  C:18DFH         LINE#         213
  C:18DFH         LINE#         215
  C:1905H         LINE#         218
  C:1936H         LINE#         221
  C:1963H         LINE#         222
  C:197BH         LINE#         224
  C:1990H         LINE#         227
  C:19B0H         LINE#         228
  C:19B0H         LINE#         229
  C:19C9H         LINE#         230
  C:19D2H         LINE#         231
  C:19D2H         LINE#         235
  C:19D2H         LINE#         236
  C:19D7H         LINE#         237
  C:19E2H         LINE#         239
  C:19EBH         LINE#         240
  -------         ENDPROC       _PRINT_FILE
  -------         ENDMOD        FILE_SYSTEM

  -------         MODULE        LCD_HARDWARE_FUNCTIONS
  C:0000H         SYMBOL        _ICE_DUMMY_
  B:00D8H.2       PUBLIC        CCF2
  B:00D8H.3       PUBLIC        CCF3
  D:0080H         PUBLIC        P0
  B:00D8H.4       PUBLIC        CCF4
  D:0090H         PUBLIC        P1
  D:00A0H         PUBLIC        P2
  D:00B0H         PUBLIC        P3
  B:00B0H.4       PUBLIC        T0
  B:00D0H.6       PUBLIC        AC
  B:00B0H.5       PUBLIC        T1
  B:00B0H.7       PUBLIC        nRD
  B:0090H.0       PUBLIC        T2
  B:00A8H.7       PUBLIC        EA
  B:00A8H.6       PUBLIC        EC
  B:00D8H.7       PUBLIC        CF
  B:00B0H.2       PUBLIC        nINT0
  B:0098H.7       PUBLIC        FE
  B:00B0H.3       PUBLIC        nINT1
  D:00A8H         PUBLIC        IEN0
  B:00B0H.0       PUBLIC        RxD
  B:0090H.0       PUBLIC        P1_0
  B:00B0H.1       PUBLIC        TxD
  B:0090H.3       PUBLIC        CEX0
  B:0090H.1       PUBLIC        P1_1
  B:0090H.4       PUBLIC        CEX1
  B:0090H.2       PUBLIC        P1_2
  B:00C8H.0       PUBLIC        CP
  B:0090H.3       PUBLIC        P1_3
  B:00B0H.2       PUBLIC        P3_2
  B:00D8H.6       PUBLIC        CR
BL51 BANKED LINKER/LOCATER V4.02                                                      11/08/2019  17:19:49  PAGE 21


  B:00B0H.3       PUBLIC        P3_3
  B:00C8H.6       PUBLIC        EXF2
  D:00B8H         PUBLIC        IPL0
  B:00B0H.4       PUBLIC        P3_4
  B:00B0H.5       PUBLIC        P3_5
  B:00B0H.6       PUBLIC        nWR
  B:00A8H.4       PUBLIC        ES
  B:0098H.0       PUBLIC        RI
  B:00D0H.7       PUBLIC        CY
  B:0098H.1       PUBLIC        TI
  B:00B8H.1       PUBLIC        PT0L
  C:246BH         PUBLIC        _LCD_Write
  B:00B8H.3       PUBLIC        PT1L
  B:00B8H.5       PUBLIC        PT2L
  B:0090H.1       PUBLIC        T2EX
  D:00D8H         PUBLIC        CCON
  B:00B0H.6       PUBLIC        RS
  B:00B8H.0       PUBLIC        PX0L
  B:00D0H.2       PUBLIC        OV
  B:0090H.1       PUBLIC        SS
  B:00B8H.2       PUBLIC        PX1L
  B:00C8H.5       PUBLIC        RCLK
  B:00C8H.4       PUBLIC        TCLK
  B:00B8H.6       PUBLIC        PPCL
  B:00A0H.4       PUBLIC        REDLED
  D:0098H         PUBLIC        SCON
  B:00A0H.6       PUBLIC        YELLOWLED
  B:0090H.4       PUBLIC        nCS0
  B:0080H.0       PUBLIC        AD0
  D:0088H         PUBLIC        TCON
  B:0080H.1       PUBLIC        AD1
  B:0080H.2       PUBLIC        AD2
  B:00B0H.1       PUBLIC        per_RxD
  B:00C8H.1       PUBLIC        CnT2
  B:0080H.3       PUBLIC        AD3
  B:0090H.5       PUBLIC        MISO
  B:0090H.7       PUBLIC        MOSI
  B:0080H.4       PUBLIC        AD4
  B:00B0H.0       PUBLIC        per_TxD
  B:0080H.5       PUBLIC        AD5
  B:0080H.6       PUBLIC        AD6
  B:0080H.7       PUBLIC        AD7
  B:00A0H.0       PUBLIC        AD8
  B:00A0H.1       PUBLIC        AD9
  B:0088H.1       PUBLIC        IE0
  B:00A0H.7       PUBLIC        AMBERLED
  B:0088H.3       PUBLIC        IE1
  B:00B0H.7       PUBLIC        E
  B:00A0H.5       PUBLIC        GREENLED
  B:00A8H.1       PUBLIC        ET0
  B:00A8H.3       PUBLIC        ET1
  B:0088H.5       PUBLIC        TF0
  B:00A8H.5       PUBLIC        ET2
  B:0088H.7       PUBLIC        TF1
  B:00C8H.7       PUBLIC        TF2
  B:0098H.2       PUBLIC        RB8
  B:00A8H.0       PUBLIC        EX0
BL51 BANKED LINKER/LOCATER V4.02                                                      11/08/2019  17:19:49  PAGE 22


  B:0088H.0       PUBLIC        IT0
  B:0098H.3       PUBLIC        TB8
  B:00A8H.2       PUBLIC        EX1
  B:0088H.2       PUBLIC        IT1
  B:00D0H.0       PUBLIC        P
  B:0098H.7       PUBLIC        SM0
  B:0090H.2       PUBLIC        ECI
  B:0098H.6       PUBLIC        SM1
  B:0098H.5       PUBLIC        SM2
  B:00D0H.3       PUBLIC        RS0
  B:0088H.4       PUBLIC        TR0
  B:00D0H.4       PUBLIC        RS1
  B:0090H.6       PUBLIC        per_SCLK
  B:0088H.6       PUBLIC        TR1
  B:00C8H.2       PUBLIC        TR2
  B:00A0H.0       PUBLIC        SW1
  B:00A0H.1       PUBLIC        SW2
  B:00A0H.2       PUBLIC        SW3
  B:00A0H.3       PUBLIC        SW4
  B:0090H.6       PUBLIC        SCK
  B:0090H.7       PUBLIC        per_MOSI
  B:0090H.5       PUBLIC        per_MISO
  B:00C8H.3       PUBLIC        EXEN2
  B:0098H.4       PUBLIC        REN
  B:00A0H.2       PUBLIC        AD10
  B:00A0H.3       PUBLIC        AD11
  D:00C8H         PUBLIC        T2CON
  B:00A0H.4       PUBLIC        AD12
  B:00A0H.5       PUBLIC        AD13
  B:00A0H.6       PUBLIC        AD14
  B:00A0H.7       PUBLIC        AD15
  B:00B8H.4       PUBLIC        PLS
  B:00D0H.5       PUBLIC        F0
  B:00D0H.1       PUBLIC        F1
  D:00D0H         PUBLIC        PSW
  B:00D8H.0       PUBLIC        CCF0
  B:00D8H.1       PUBLIC        CCF1
  -------         PROC          _LCD_WRITE
  D:0007H         SYMBOL        RegSelect
  D:0033H         SYMBOL        LCD_Data
  C:246BH         LINE#         14
  C:246DH         LINE#         15
  C:246DH         LINE#         16
  C:2470H         LINE#         17
  C:2470H         LINE#         18
  C:2475H         LINE#         19
  C:2477H         LINE#         21
  C:2477H         LINE#         22
  C:247CH         LINE#         23
  C:247CH         LINE#         24
  C:2481H         LINE#         25
  C:2486H         LINE#         26
  C:248BH         LINE#         27
  C:2490H         LINE#         28
  -------         ENDPROC       _LCD_WRITE
  -------         ENDMOD        LCD_HARDWARE_FUNCTIONS

BL51 BANKED LINKER/LOCATER V4.02                                                      11/08/2019  17:19:49  PAGE 23


  -------         MODULE        LCD_ROUTINES
  C:0000H         SYMBOL        _ICE_DUMMY_
  B:00D8H.2       PUBLIC        CCF2
  B:00D8H.3       PUBLIC        CCF3
  D:0080H         PUBLIC        P0
  B:00D8H.4       PUBLIC        CCF4
  D:0090H         PUBLIC        P1
  D:00A0H         PUBLIC        P2
  D:00B0H         PUBLIC        P3
  B:00B0H.4       PUBLIC        T0
  B:00D0H.6       PUBLIC        AC
  B:00B0H.5       PUBLIC        T1
  B:00B0H.7       PUBLIC        nRD
  B:0090H.0       PUBLIC        T2
  B:00A8H.7       PUBLIC        EA
  B:00A8H.6       PUBLIC        EC
  B:00D8H.7       PUBLIC        CF
  B:00B0H.2       PUBLIC        nINT0
  B:0098H.7       PUBLIC        FE
  B:00B0H.3       PUBLIC        nINT1
  D:00A8H         PUBLIC        IEN0
  B:00B0H.0       PUBLIC        RxD
  B:00B0H.1       PUBLIC        TxD
  B:0090H.3       PUBLIC        CEX0
  B:0090H.4       PUBLIC        CEX1
  B:00C8H.0       PUBLIC        CP
  B:00D8H.6       PUBLIC        CR
  B:00C8H.6       PUBLIC        EXF2
  D:00B8H         PUBLIC        IPL0
  B:00B0H.6       PUBLIC        nWR
  B:00A8H.4       PUBLIC        ES
  B:0098H.0       PUBLIC        RI
  B:00D0H.7       PUBLIC        CY
  B:0098H.1       PUBLIC        TI
  B:00B8H.1       PUBLIC        PT0L
  B:00B8H.3       PUBLIC        PT1L
  B:00B8H.5       PUBLIC        PT2L
  B:0090H.1       PUBLIC        T2EX
  D:00D8H         PUBLIC        CCON
  B:00B8H.0       PUBLIC        PX0L
  B:00D0H.2       PUBLIC        OV
  B:0090H.1       PUBLIC        SS
  B:00B8H.2       PUBLIC        PX1L
  B:00C8H.5       PUBLIC        RCLK
  B:00C8H.4       PUBLIC        TCLK
  B:00B8H.6       PUBLIC        PPCL
  D:0098H         PUBLIC        SCON
  B:0080H.0       PUBLIC        AD0
  D:0088H         PUBLIC        TCON
  B:0080H.1       PUBLIC        AD1
  B:0080H.2       PUBLIC        AD2
  B:00C8H.1       PUBLIC        CnT2
  B:0080H.3       PUBLIC        AD3
  B:0090H.5       PUBLIC        MISO
  B:0090H.7       PUBLIC        MOSI
  B:0080H.4       PUBLIC        AD4
  B:0080H.5       PUBLIC        AD5
BL51 BANKED LINKER/LOCATER V4.02                                                      11/08/2019  17:19:49  PAGE 24


  B:0080H.6       PUBLIC        AD6
  B:0080H.7       PUBLIC        AD7
  B:00A0H.0       PUBLIC        AD8
  B:00A0H.1       PUBLIC        AD9
  B:0088H.1       PUBLIC        IE0
  B:0088H.3       PUBLIC        IE1
  C:2061H         PUBLIC        _LCD_print
  B:00A8H.1       PUBLIC        ET0
  C:2398H         PUBLIC        LCD_Init
  B:00A8H.3       PUBLIC        ET1
  B:0088H.5       PUBLIC        TF0
  B:00A8H.5       PUBLIC        ET2
  B:0088H.7       PUBLIC        TF1
  B:00C8H.7       PUBLIC        TF2
  B:0098H.2       PUBLIC        RB8
  B:00A8H.0       PUBLIC        EX0
  B:0088H.0       PUBLIC        IT0
  B:0098H.3       PUBLIC        TB8
  B:00A8H.2       PUBLIC        EX1
  B:0088H.2       PUBLIC        IT1
  B:00D0H.0       PUBLIC        P
  B:0098H.7       PUBLIC        SM0
  B:0090H.2       PUBLIC        ECI
  B:0098H.6       PUBLIC        SM1
  B:0098H.5       PUBLIC        SM2
  B:00D0H.3       PUBLIC        RS0
  B:0088H.4       PUBLIC        TR0
  B:00D0H.4       PUBLIC        RS1
  B:0088H.6       PUBLIC        TR1
  B:00C8H.2       PUBLIC        TR2
  B:0090H.6       PUBLIC        SCK
  B:00C8H.3       PUBLIC        EXEN2
  B:0098H.4       PUBLIC        REN
  B:00A0H.2       PUBLIC        AD10
  B:00A0H.3       PUBLIC        AD11
  D:00C8H         PUBLIC        T2CON
  B:00A0H.4       PUBLIC        AD12
  B:00A0H.5       PUBLIC        AD13
  B:00A0H.6       PUBLIC        AD14
  B:00A0H.7       PUBLIC        AD15
  B:00B8H.4       PUBLIC        PLS
  B:00D0H.5       PUBLIC        F0
  B:00D0H.1       PUBLIC        F1
  D:00D0H         PUBLIC        PSW
  B:00D8H.0       PUBLIC        CCF0
  B:00D8H.1       PUBLIC        CCF1
  -------         PROC          LCD_INIT
  C:2398H         LINE#         14
  C:2398H         LINE#         15
  C:2398H         LINE#         16
  C:239FH         LINE#         17
  C:23A6H         LINE#         18
  C:23ADH         LINE#         19
  C:23B4H         LINE#         20
  C:23BBH         LINE#         21
  C:23C2H         LINE#         22
  C:23C9H         LINE#         23
BL51 BANKED LINKER/LOCATER V4.02                                                      11/08/2019  17:19:49  PAGE 25


  -------         ENDPROC       LCD_INIT
  -------         PROC          _LCD_PRINT
  D:0007H         SYMBOL        address
  D:002DH         SYMBOL        num_bytes
  D:002EH         SYMBOL        array_name_p
  -------         DO            array_name_p
  D:0031H         SYMBOL        index
  D:0032H         SYMBOL        character
  -------         ENDDO         character
  C:2061H         LINE#         28
  C:2069H         LINE#         29
  C:2069H         LINE#         31
  C:206DH         LINE#         32
  C:206DH         LINE#         33
  C:2076H         LINE#         34
  C:207DH         LINE#         35
  C:207DH         LINE#         36
  C:2081H         LINE#         37
  C:2081H         LINE#         38
  C:2083H         LINE#         39
  C:2093H         LINE#         40
  C:2097H         LINE#         41
  C:2097H         LINE#         42
  C:209DH         LINE#         43
  C:20A4H         LINE#         44
  C:20A6H         LINE#         45
  C:20B7H         LINE#         46
  C:20B9H         LINE#         47
  C:20B9H         LINE#         49
  C:20B9H         LINE#         50
  C:20C3H         LINE#         51
  C:20C3H         LINE#         52
  C:20D4H         LINE#         53
  C:20DAH         LINE#         54
  C:20E1H         LINE#         55
  C:20E5H         LINE#         56
  C:20E5H         LINE#         57
  -------         ENDPROC       _LCD_PRINT
  -------         ENDMOD        LCD_ROUTINES

  -------         MODULE        LED_CONTROL
  C:0000H         SYMBOL        _ICE_DUMMY_
  B:00D8H.2       PUBLIC        CCF2
  B:00D8H.3       PUBLIC        CCF3
  D:0080H         PUBLIC        P0
  B:00D8H.4       PUBLIC        CCF4
  D:0090H         PUBLIC        P1
  D:00A0H         PUBLIC        P2
  D:00B0H         PUBLIC        P3
  B:00B0H.4       PUBLIC        T0
  B:00D0H.6       PUBLIC        AC
  B:00B0H.5       PUBLIC        T1
  B:00B0H.7       PUBLIC        nRD
  B:0090H.0       PUBLIC        T2
  B:00A8H.7       PUBLIC        EA
  C:2573H         PUBLIC        _LEDS_ON
  B:00A8H.6       PUBLIC        EC
BL51 BANKED LINKER/LOCATER V4.02                                                      11/08/2019  17:19:49  PAGE 26


  B:00D8H.7       PUBLIC        CF
  B:00B0H.2       PUBLIC        nINT0
  B:0098H.7       PUBLIC        FE
  B:00B0H.3       PUBLIC        nINT1
  D:00A8H         PUBLIC        IEN0
  B:00B0H.0       PUBLIC        RxD
  B:0090H.0       PUBLIC        P1_0
  B:00B0H.1       PUBLIC        TxD
  B:0090H.3       PUBLIC        CEX0
  B:0090H.1       PUBLIC        P1_1
  B:0090H.4       PUBLIC        CEX1
  B:0090H.2       PUBLIC        P1_2
  B:00C8H.0       PUBLIC        CP
  B:0090H.3       PUBLIC        P1_3
  B:00B0H.2       PUBLIC        P3_2
  B:00D8H.6       PUBLIC        CR
  B:00B0H.3       PUBLIC        P3_3
  B:00C8H.6       PUBLIC        EXF2
  D:00B8H         PUBLIC        IPL0
  B:00B0H.4       PUBLIC        P3_4
  B:00B0H.5       PUBLIC        P3_5
  B:00B0H.6       PUBLIC        nWR
  B:00A8H.4       PUBLIC        ES
  B:0098H.0       PUBLIC        RI
  B:00D0H.7       PUBLIC        CY
  B:0098H.1       PUBLIC        TI
  B:00B8H.1       PUBLIC        PT0L
  B:00B8H.3       PUBLIC        PT1L
  B:00B8H.5       PUBLIC        PT2L
  B:0090H.1       PUBLIC        T2EX
  D:00D8H         PUBLIC        CCON
  B:00B0H.6       PUBLIC        RS
  B:00B8H.0       PUBLIC        PX0L
  B:00D0H.2       PUBLIC        OV
  B:0090H.1       PUBLIC        SS
  B:00B8H.2       PUBLIC        PX1L
  B:00C8H.5       PUBLIC        RCLK
  B:00C8H.4       PUBLIC        TCLK
  B:00B8H.6       PUBLIC        PPCL
  B:00A0H.4       PUBLIC        REDLED
  D:0098H         PUBLIC        SCON
  B:00A0H.6       PUBLIC        YELLOWLED
  B:0090H.4       PUBLIC        nCS0
  B:0080H.0       PUBLIC        AD0
  D:0088H         PUBLIC        TCON
  B:0080H.1       PUBLIC        AD1
  B:0080H.2       PUBLIC        AD2
  B:00B0H.1       PUBLIC        per_RxD
  B:00C8H.1       PUBLIC        CnT2
  B:0080H.3       PUBLIC        AD3
  B:0090H.5       PUBLIC        MISO
  B:0090H.7       PUBLIC        MOSI
  B:0080H.4       PUBLIC        AD4
  B:00B0H.0       PUBLIC        per_TxD
  B:0080H.5       PUBLIC        AD5
  B:0080H.6       PUBLIC        AD6
  B:0080H.7       PUBLIC        AD7
BL51 BANKED LINKER/LOCATER V4.02                                                      11/08/2019  17:19:49  PAGE 27


  B:00A0H.0       PUBLIC        AD8
  B:00A0H.1       PUBLIC        AD9
  B:0088H.1       PUBLIC        IE0
  B:00A0H.7       PUBLIC        AMBERLED
  B:0088H.3       PUBLIC        IE1
  B:00B0H.7       PUBLIC        E
  C:2587H         PUBLIC        _LEDS_OFF
  B:00A0H.5       PUBLIC        GREENLED
  B:00A8H.1       PUBLIC        ET0
  B:00A8H.3       PUBLIC        ET1
  B:0088H.5       PUBLIC        TF0
  B:00A8H.5       PUBLIC        ET2
  B:0088H.7       PUBLIC        TF1
  B:00C8H.7       PUBLIC        TF2
  B:0098H.2       PUBLIC        RB8
  B:00A8H.0       PUBLIC        EX0
  B:0088H.0       PUBLIC        IT0
  B:0098H.3       PUBLIC        TB8
  B:00A8H.2       PUBLIC        EX1
  B:0088H.2       PUBLIC        IT1
  B:00D0H.0       PUBLIC        P
  B:0098H.7       PUBLIC        SM0
  B:0090H.2       PUBLIC        ECI
  B:0098H.6       PUBLIC        SM1
  B:0098H.5       PUBLIC        SM2
  B:00D0H.3       PUBLIC        RS0
  B:0088H.4       PUBLIC        TR0
  B:00D0H.4       PUBLIC        RS1
  B:0090H.6       PUBLIC        per_SCLK
  B:0088H.6       PUBLIC        TR1
  B:00C8H.2       PUBLIC        TR2
  B:00A0H.0       PUBLIC        SW1
  B:00A0H.1       PUBLIC        SW2
  B:00A0H.2       PUBLIC        SW3
  B:00A0H.3       PUBLIC        SW4
  B:0090H.6       PUBLIC        SCK
  B:0090H.7       PUBLIC        per_MOSI
  B:0090H.5       PUBLIC        per_MISO
  B:00C8H.3       PUBLIC        EXEN2
  B:0098H.4       PUBLIC        REN
  B:00A0H.2       PUBLIC        AD10
  B:00A0H.3       PUBLIC        AD11
  D:00C8H         PUBLIC        T2CON
  B:00A0H.4       PUBLIC        AD12
  B:00A0H.5       PUBLIC        AD13
  B:00A0H.6       PUBLIC        AD14
  B:00A0H.7       PUBLIC        AD15
  B:00B8H.4       PUBLIC        PLS
  B:00D0H.5       PUBLIC        F0
  B:00D0H.1       PUBLIC        F1
  D:00D0H         PUBLIC        PSW
  B:00D8H.0       PUBLIC        CCF0
  B:00D8H.1       PUBLIC        CCF1
  -------         PROC          _LEDS_ON
  D:0007H         SYMBOL        LED_mask
  C:2573H         LINE#         13
  C:2573H         LINE#         14
BL51 BANKED LINKER/LOCATER V4.02                                                      11/08/2019  17:19:49  PAGE 28


  C:2573H         LINE#         15
  C:2577H         LINE#         16
  -------         ENDPROC       _LEDS_ON
  -------         PROC          _LEDS_OFF
  D:0007H         SYMBOL        LED_mask
  C:2587H         LINE#         26
  C:2587H         LINE#         27
  C:2587H         LINE#         28
  C:258AH         LINE#         29
  -------         ENDPROC       _LEDS_OFF
  -------         ENDMOD        LED_CONTROL

  -------         MODULE        LONG_SERIAL_IN
  C:0000H         SYMBOL        _ICE_DUMMY_
  B:00D8H.2       PUBLIC        CCF2
  B:00D8H.3       PUBLIC        CCF3
  D:0080H         PUBLIC        P0
  B:00D8H.4       PUBLIC        CCF4
  D:0090H         PUBLIC        P1
  D:00A0H         PUBLIC        P2
  D:00B0H         PUBLIC        P3
  B:00B0H.4       PUBLIC        T0
  B:00D0H.6       PUBLIC        AC
  B:00B0H.5       PUBLIC        T1
  B:00B0H.7       PUBLIC        nRD
  B:0090H.0       PUBLIC        T2
  B:00A8H.7       PUBLIC        EA
  B:00A8H.6       PUBLIC        EC
  B:00D8H.7       PUBLIC        CF
  B:00B0H.2       PUBLIC        nINT0
  B:0098H.7       PUBLIC        FE
  B:00B0H.3       PUBLIC        nINT1
  D:00A8H         PUBLIC        IEN0
  B:00B0H.0       PUBLIC        RxD
  B:00B0H.1       PUBLIC        TxD
  B:0090H.3       PUBLIC        CEX0
  B:0090H.4       PUBLIC        CEX1
  B:00C8H.0       PUBLIC        CP
  B:00D8H.6       PUBLIC        CR
  B:00C8H.6       PUBLIC        EXF2
  D:00B8H         PUBLIC        IPL0
  B:00B0H.6       PUBLIC        nWR
  B:00A8H.4       PUBLIC        ES
  B:0098H.0       PUBLIC        RI
  B:00D0H.7       PUBLIC        CY
  B:0098H.1       PUBLIC        TI
  B:00B8H.1       PUBLIC        PT0L
  B:00B8H.3       PUBLIC        PT1L
  B:00B8H.5       PUBLIC        PT2L
  B:0090H.1       PUBLIC        T2EX
  D:00D8H         PUBLIC        CCON
  B:00B8H.0       PUBLIC        PX0L
  B:00D0H.2       PUBLIC        OV
  B:0090H.1       PUBLIC        SS
  B:00B8H.2       PUBLIC        PX1L
  C:1DDCH         PUBLIC        long_serial_input
  B:00C8H.5       PUBLIC        RCLK
BL51 BANKED LINKER/LOCATER V4.02                                                      11/08/2019  17:19:49  PAGE 29


  B:00C8H.4       PUBLIC        TCLK
  B:00B8H.6       PUBLIC        PPCL
  D:0098H         PUBLIC        SCON
  B:0080H.0       PUBLIC        AD0
  D:0088H         PUBLIC        TCON
  B:0080H.1       PUBLIC        AD1
  B:0080H.2       PUBLIC        AD2
  B:00C8H.1       PUBLIC        CnT2
  B:0080H.3       PUBLIC        AD3
  B:0090H.5       PUBLIC        MISO
  B:0090H.7       PUBLIC        MOSI
  B:0080H.4       PUBLIC        AD4
  B:0080H.5       PUBLIC        AD5
  B:0080H.6       PUBLIC        AD6
  B:0080H.7       PUBLIC        AD7
  B:00A0H.0       PUBLIC        AD8
  B:00A0H.1       PUBLIC        AD9
  B:0088H.1       PUBLIC        IE0
  B:0088H.3       PUBLIC        IE1
  B:00A8H.1       PUBLIC        ET0
  B:00A8H.3       PUBLIC        ET1
  B:0088H.5       PUBLIC        TF0
  B:00A8H.5       PUBLIC        ET2
  B:0088H.7       PUBLIC        TF1
  B:00C8H.7       PUBLIC        TF2
  B:0098H.2       PUBLIC        RB8
  B:00A8H.0       PUBLIC        EX0
  B:0088H.0       PUBLIC        IT0
  B:0098H.3       PUBLIC        TB8
  B:00A8H.2       PUBLIC        EX1
  B:0088H.2       PUBLIC        IT1
  B:00D0H.0       PUBLIC        P
  B:0098H.7       PUBLIC        SM0
  B:0090H.2       PUBLIC        ECI
  B:0098H.6       PUBLIC        SM1
  B:0098H.5       PUBLIC        SM2
  B:00D0H.3       PUBLIC        RS0
  B:0088H.4       PUBLIC        TR0
  B:00D0H.4       PUBLIC        RS1
  B:0088H.6       PUBLIC        TR1
  B:00C8H.2       PUBLIC        TR2
  B:0090H.6       PUBLIC        SCK
  B:00C8H.3       PUBLIC        EXEN2
  B:0098H.4       PUBLIC        REN
  B:00A0H.2       PUBLIC        AD10
  B:00A0H.3       PUBLIC        AD11
  D:00C8H         PUBLIC        T2CON
  B:00A0H.4       PUBLIC        AD12
  B:00A0H.5       PUBLIC        AD13
  B:00A0H.6       PUBLIC        AD14
  B:00A0H.7       PUBLIC        AD15
  B:00B8H.4       PUBLIC        PLS
  B:00D0H.5       PUBLIC        F0
  B:00D0H.1       PUBLIC        F1
  D:00D0H         PUBLIC        PSW
  B:00D8H.0       PUBLIC        CCF0
  B:00D8H.1       PUBLIC        CCF1
BL51 BANKED LINKER/LOCATER V4.02                                                      11/08/2019  17:19:49  PAGE 30


  -------         PROC          LONG_SERIAL_INPUT
  -------         DO            LONG_SERIAL_INPUT
  D:002DH         SYMBOL        index
  D:002EH         SYMBOL        input
  D:002FH         SYMBOL        input_values
  D:003AH         SYMBOL        output_value
  -------         ENDDO         output_value
  C:1DDCH         LINE#         16
  C:1DDCH         LINE#         17
  C:1DDCH         LINE#         20
  C:1DDFH         LINE#         21
  C:1DDFH         LINE#         22
  C:1DE6H         LINE#         23
  C:1DEDH         LINE#         24
  C:1DF7H         LINE#         25
  C:1DFAH         LINE#         27
  C:1DFAH         LINE#         28
  C:1DFFH         LINE#         29
  C:1E0DH         LINE#         30
  C:1E0DH         LINE#         31
  C:1E14H         LINE#         32
  C:1E16H         LINE#         33
  C:1E1BH         LINE#         34
  C:1E1DH         LINE#         35
  C:1E28H         LINE#         36
  C:1E28H         LINE#         37
  C:1E2AH         LINE#         38
  C:1E31H         LINE#         39
  C:1E36H         LINE#         40
  C:1E3BH         LINE#         41
  C:1E40H         LINE#         42
  C:1E42H         LINE#         43
  C:1E4DH         LINE#         44
  C:1E4DH         LINE#         45
  C:1E5EH         LINE#         46
  C:1E63H         LINE#         47
  C:1E68H         LINE#         48
  C:1E6AH         LINE#         50
  C:1E6AH         LINE#         51
  C:1E6DH         LINE#         52
  C:1E6DH         LINE#         53
  C:1E72H         LINE#         54
  C:1E72H         LINE#         55
  C:1E83H         LINE#         56
  C:1E88H         LINE#         57
  C:1E8DH         LINE#         58
  C:1E8DH         LINE#         59
  C:1EA4H         LINE#         61
  C:1EACH         LINE#         62
  -------         ENDPROC       LONG_SERIAL_INPUT
  -------         ENDMOD        LONG_SERIAL_IN

  -------         MODULE        OUTPUTS
  C:0000H         SYMBOL        _ICE_DUMMY_
  B:00D8H.2       PUBLIC        CCF2
  B:00D8H.3       PUBLIC        CCF3
  D:0080H         PUBLIC        P0
BL51 BANKED LINKER/LOCATER V4.02                                                      11/08/2019  17:19:49  PAGE 31


  B:00D8H.4       PUBLIC        CCF4
  D:0090H         PUBLIC        P1
  D:00A0H         PUBLIC        P2
  D:00B0H         PUBLIC        P3
  B:00B0H.4       PUBLIC        T0
  B:00D0H.6       PUBLIC        AC
  B:00B0H.5       PUBLIC        T1
  B:00B0H.7       PUBLIC        nRD
  B:0090H.0       PUBLIC        T2
  B:00A8H.7       PUBLIC        EA
  B:00A8H.6       PUBLIC        EC
  B:00D8H.7       PUBLIC        CF
  C:2593H         PUBLIC        _P0_output_bits
  B:00B0H.2       PUBLIC        nINT0
  B:0098H.7       PUBLIC        FE
  B:00B0H.3       PUBLIC        nINT1
  D:00A8H         PUBLIC        IEN0
  B:00B0H.0       PUBLIC        RxD
  B:0090H.0       PUBLIC        P1_0
  B:00B0H.1       PUBLIC        TxD
  B:0090H.3       PUBLIC        CEX0
  B:0090H.1       PUBLIC        P1_1
  B:0090H.4       PUBLIC        CEX1
  B:0090H.2       PUBLIC        P1_2
  B:00C8H.0       PUBLIC        CP
  B:0090H.3       PUBLIC        P1_3
  B:00B0H.2       PUBLIC        P3_2
  B:00D8H.6       PUBLIC        CR
  B:00B0H.3       PUBLIC        P3_3
  B:00C8H.6       PUBLIC        EXF2
  D:00B8H         PUBLIC        IPL0
  B:00B0H.4       PUBLIC        P3_4
  B:00B0H.5       PUBLIC        P3_5
  B:00B0H.6       PUBLIC        nWR
  B:00A8H.4       PUBLIC        ES
  B:0098H.0       PUBLIC        RI
  B:00D0H.7       PUBLIC        CY
  B:0098H.1       PUBLIC        TI
  B:00B8H.1       PUBLIC        PT0L
  B:00B8H.3       PUBLIC        PT1L
  B:00B8H.5       PUBLIC        PT2L
  B:0090H.1       PUBLIC        T2EX
  D:00D8H         PUBLIC        CCON
  B:00B0H.6       PUBLIC        RS
  B:00B8H.0       PUBLIC        PX0L
  B:00D0H.2       PUBLIC        OV
  B:0090H.1       PUBLIC        SS
  B:00B8H.2       PUBLIC        PX1L
  B:00C8H.5       PUBLIC        RCLK
  B:00C8H.4       PUBLIC        TCLK
  B:00B8H.6       PUBLIC        PPCL
  C:258BH         PUBLIC        _P3_set_bit
  B:00A0H.4       PUBLIC        REDLED
  D:0098H         PUBLIC        SCON
  B:00A0H.6       PUBLIC        YELLOWLED
  B:0090H.4       PUBLIC        nCS0
  B:0080H.0       PUBLIC        AD0
BL51 BANKED LINKER/LOCATER V4.02                                                      11/08/2019  17:19:49  PAGE 32


  D:0088H         PUBLIC        TCON
  B:0080H.1       PUBLIC        AD1
  B:0080H.2       PUBLIC        AD2
  B:00B0H.1       PUBLIC        per_RxD
  B:00C8H.1       PUBLIC        CnT2
  B:0080H.3       PUBLIC        AD3
  B:0090H.5       PUBLIC        MISO
  B:0090H.7       PUBLIC        MOSI
  B:0080H.4       PUBLIC        AD4
  B:00B0H.0       PUBLIC        per_TxD
  B:0080H.5       PUBLIC        AD5
  B:0080H.6       PUBLIC        AD6
  B:0080H.7       PUBLIC        AD7
  B:00A0H.0       PUBLIC        AD8
  B:00A0H.1       PUBLIC        AD9
  B:0088H.1       PUBLIC        IE0
  B:00A0H.7       PUBLIC        AMBERLED
  B:0088H.3       PUBLIC        IE1
  B:00B0H.7       PUBLIC        E
  B:00A0H.5       PUBLIC        GREENLED
  B:00A8H.1       PUBLIC        ET0
  B:00A8H.3       PUBLIC        ET1
  B:0088H.5       PUBLIC        TF0
  B:00A8H.5       PUBLIC        ET2
  B:0088H.7       PUBLIC        TF1
  B:00C8H.7       PUBLIC        TF2
  B:0098H.2       PUBLIC        RB8
  B:00A8H.0       PUBLIC        EX0
  B:0088H.0       PUBLIC        IT0
  B:0098H.3       PUBLIC        TB8
  B:00A8H.2       PUBLIC        EX1
  B:0088H.2       PUBLIC        IT1
  B:00D0H.0       PUBLIC        P
  B:0098H.7       PUBLIC        SM0
  B:0090H.2       PUBLIC        ECI
  B:0098H.6       PUBLIC        SM1
  B:0098H.5       PUBLIC        SM2
  B:00D0H.3       PUBLIC        RS0
  B:0088H.4       PUBLIC        TR0
  B:00D0H.4       PUBLIC        RS1
  B:0090H.6       PUBLIC        per_SCLK
  B:0088H.6       PUBLIC        TR1
  B:00C8H.2       PUBLIC        TR2
  B:00A0H.0       PUBLIC        SW1
  B:00A0H.1       PUBLIC        SW2
  B:00A0H.2       PUBLIC        SW3
  B:00A0H.3       PUBLIC        SW4
  B:0090H.6       PUBLIC        SCK
  B:0090H.7       PUBLIC        per_MOSI
  B:0090H.5       PUBLIC        per_MISO
  B:00C8H.3       PUBLIC        EXEN2
  B:0098H.4       PUBLIC        REN
  B:00A0H.2       PUBLIC        AD10
  B:00A0H.3       PUBLIC        AD11
  D:00C8H         PUBLIC        T2CON
  B:00A0H.4       PUBLIC        AD12
  B:00A0H.5       PUBLIC        AD13
BL51 BANKED LINKER/LOCATER V4.02                                                      11/08/2019  17:19:49  PAGE 33


  B:00A0H.6       PUBLIC        AD14
  B:00A0H.7       PUBLIC        AD15
  C:2578H         PUBLIC        _P3_clear_bit
  B:00B8H.4       PUBLIC        PLS
  B:00D0H.5       PUBLIC        F0
  B:00D0H.1       PUBLIC        F1
  D:00D0H         PUBLIC        PSW
  B:00D8H.0       PUBLIC        CCF0
  B:00D8H.1       PUBLIC        CCF1
  -------         PROC          _P0_OUTPUT_BITS
  D:0007H         SYMBOL        Port_Data
  C:2593H         LINE#         14
  C:2593H         LINE#         15
  C:2593H         LINE#         16
  C:2595H         LINE#         17
  -------         ENDPROC       _P0_OUTPUT_BITS
  -------         PROC          _P3_CLEAR_BIT
  D:0007H         SYMBOL        Bit_Data
  C:2578H         LINE#         60
  C:2578H         LINE#         61
  C:2578H         LINE#         62
  C:257CH         LINE#         63
  -------         ENDPROC       _P3_CLEAR_BIT
  -------         PROC          _P3_SET_BIT
  D:0007H         SYMBOL        Bit_Data
  C:258BH         LINE#         86
  C:258BH         LINE#         87
  C:258BH         LINE#         88
  C:258EH         LINE#         89
  -------         ENDPROC       _P3_SET_BIT
  -------         ENDMOD        OUTPUTS

  -------         MODULE        PRINT_BYTES
  C:0000H         SYMBOL        _ICE_DUMMY_
  B:00D8H.2       PUBLIC        CCF2
  B:00D8H.3       PUBLIC        CCF3
  D:0080H         PUBLIC        P0
  B:00D8H.4       PUBLIC        CCF4
  D:0090H         PUBLIC        P1
  D:00A0H         PUBLIC        P2
  C:2162H         PUBLIC        _print_16bytes
  D:00B0H         PUBLIC        P3
  B:00B0H.4       PUBLIC        T0
  B:00D0H.6       PUBLIC        AC
  B:00B0H.5       PUBLIC        T1
  B:00B0H.7       PUBLIC        nRD
  B:0090H.0       PUBLIC        T2
  B:00A8H.7       PUBLIC        EA
  B:00A8H.6       PUBLIC        EC
  B:00D8H.7       PUBLIC        CF
  B:00B0H.2       PUBLIC        nINT0
  B:0098H.7       PUBLIC        FE
  B:00B0H.3       PUBLIC        nINT1
  D:00A8H         PUBLIC        IEN0
  C:22ACH         PUBLIC        _print_memory
  B:00B0H.0       PUBLIC        RxD
  B:00B0H.1       PUBLIC        TxD
BL51 BANKED LINKER/LOCATER V4.02                                                      11/08/2019  17:19:49  PAGE 34


  B:0090H.3       PUBLIC        CEX0
  B:0090H.4       PUBLIC        CEX1
  B:00C8H.0       PUBLIC        CP
  B:00D8H.6       PUBLIC        CR
  B:00C8H.6       PUBLIC        EXF2
  D:00B8H         PUBLIC        IPL0
  B:00B0H.6       PUBLIC        nWR
  B:00A8H.4       PUBLIC        ES
  B:0098H.0       PUBLIC        RI
  B:00D0H.7       PUBLIC        CY
  B:0098H.1       PUBLIC        TI
  B:00B8H.1       PUBLIC        PT0L
  B:00B8H.3       PUBLIC        PT1L
  B:00B8H.5       PUBLIC        PT2L
  B:0090H.1       PUBLIC        T2EX
  D:00D8H         PUBLIC        CCON
  B:00B8H.0       PUBLIC        PX0L
  B:00D0H.2       PUBLIC        OV
  B:0090H.1       PUBLIC        SS
  B:00B8H.2       PUBLIC        PX1L
  B:00C8H.5       PUBLIC        RCLK
  B:00C8H.4       PUBLIC        TCLK
  B:00B8H.6       PUBLIC        PPCL
  D:0098H         PUBLIC        SCON
  B:0080H.0       PUBLIC        AD0
  D:0088H         PUBLIC        TCON
  B:0080H.1       PUBLIC        AD1
  B:0080H.2       PUBLIC        AD2
  B:00C8H.1       PUBLIC        CnT2
  B:0080H.3       PUBLIC        AD3
  B:0090H.5       PUBLIC        MISO
  B:0090H.7       PUBLIC        MOSI
  B:0080H.4       PUBLIC        AD4
  B:0080H.5       PUBLIC        AD5
  B:0080H.6       PUBLIC        AD6
  B:0080H.7       PUBLIC        AD7
  B:00A0H.0       PUBLIC        AD8
  B:00A0H.1       PUBLIC        AD9
  B:0088H.1       PUBLIC        IE0
  B:0088H.3       PUBLIC        IE1
  B:00A8H.1       PUBLIC        ET0
  B:00A8H.3       PUBLIC        ET1
  B:0088H.5       PUBLIC        TF0
  B:00A8H.5       PUBLIC        ET2
  B:0088H.7       PUBLIC        TF1
  B:00C8H.7       PUBLIC        TF2
  B:0098H.2       PUBLIC        RB8
  B:00A8H.0       PUBLIC        EX0
  B:0088H.0       PUBLIC        IT0
  B:0098H.3       PUBLIC        TB8
  B:00A8H.2       PUBLIC        EX1
  B:0088H.2       PUBLIC        IT1
  B:00D0H.0       PUBLIC        P
  B:0098H.7       PUBLIC        SM0
  B:0090H.2       PUBLIC        ECI
  B:0098H.6       PUBLIC        SM1
  B:0098H.5       PUBLIC        SM2
[...]
  -------         DO            data_output_p
  D:0007H         SYMBOL        test
  D:0006H         SYMBOL        timeout
  -------         ENDDO         timeout
  C:2438H         LINE#         64
  C:2438H         LINE#         65
  C:2438H         LINE#         67
  C:243AH         LINE#         68
  C:243CH         LINE#         70
  C:243CH         LINE#         71
  C:243EH         LINE#         72
  C:243FH         LINE#         73
  C:2447H         LINE#         74
  C:244AH         LINE#         75
  C:244AH         LINE#         76
  C:244FH         LINE#         77
  C:244FH         LINE#         78
  C:2454H         LINE#         79
  C:2456H         LINE#         80
  C:2458H         LINE#         82
  C:2458H         LINE#         83
  C:245DH         LINE#         84
  C:245FH         LINE#         85
  C:245FH         LINE#         86
BL51 BANKED LINKER/LOCATER V4.02                                                      11/08/2019  17:19:49  PAGE 53


  C:2461H         LINE#         88
  C:2461H         LINE#         89
  C:2466H         LINE#         90
  C:2468H         LINE#         91
  C:2468H         LINE#         92
  C:246AH         LINE#         93
  -------         ENDPROC       _SPI_TRANSFER
  -------         PROC          _SPI_SELECT_SET
  D:0007H         SYMBOL        Output_Pin
  C:258FH         LINE#         103
  C:258FH         LINE#         104
  C:258FH         LINE#         105
  C:2592H         LINE#         106
  -------         ENDPROC       _SPI_SELECT_SET
  -------         PROC          _SPI_SELECT_CLEAR
  D:0007H         SYMBOL        Output_Pin
  C:2582H         LINE#         109
  C:2582H         LINE#         110
  C:2582H         LINE#         111
  C:2586H         LINE#         112
  -------         ENDPROC       _SPI_SELECT_CLEAR
  -------         ENDMOD        SPI

  -------         MODULE        TIMER0_HARDWARE_DELAY_1MS
  C:0000H         SYMBOL        _ICE_DUMMY_
  B:00D8H.2       PUBLIC        CCF2
  B:00D8H.3       PUBLIC        CCF3
  D:0080H         PUBLIC        P0
  B:00D8H.4       PUBLIC        CCF4
  D:0090H         PUBLIC        P1
  D:00A0H         PUBLIC        P2
  D:00B0H         PUBLIC        P3
  B:00B0H.4       PUBLIC        T0
  B:00D0H.6       PUBLIC        AC
  B:00B0H.5       PUBLIC        T1
  B:00B0H.7       PUBLIC        nRD
  B:0090H.0       PUBLIC        T2
  B:00A8H.7       PUBLIC        EA
  B:00A8H.6       PUBLIC        EC
  B:00D8H.7       PUBLIC        CF
  B:00B0H.2       PUBLIC        nINT0
  B:0098H.7       PUBLIC        FE
  B:00B0H.3       PUBLIC        nINT1
  D:00A8H         PUBLIC        IEN0
  B:00B0H.0       PUBLIC        RxD
  B:0090H.0       PUBLIC        P1_0
  B:00B0H.1       PUBLIC        TxD
  B:0090H.3       PUBLIC        CEX0
  B:0090H.1       PUBLIC        P1_1
  B:0090H.4       PUBLIC        CEX1
  B:0090H.2       PUBLIC        P1_2
  B:00C8H.0       PUBLIC        CP
  B:0090H.3       PUBLIC        P1_3
  B:00B0H.2       PUBLIC        P3_2
  B:00D8H.6       PUBLIC        CR
  B:00B0H.3       PUBLIC        P3_3
  B:00C8H.6       PUBLIC        EXF2
BL51 BANKED LINKER/LOCATER V4.02                                                      11/08/2019  17:19:49  PAGE 54


  D:00B8H         PUBLIC        IPL0
  B:00B0H.4       PUBLIC        P3_4
  B:00B0H.5       PUBLIC        P3_5
  B:00B0H.6       PUBLIC        nWR
  B:00A8H.4       PUBLIC        ES
  B:0098H.0       PUBLIC        RI
  B:00D0H.7       PUBLIC        CY
  B:0098H.1       PUBLIC        TI
  B:00B8H.1       PUBLIC        PT0L
  B:00B8H.3       PUBLIC        PT1L
  B:00B8H.5       PUBLIC        PT2L
  B:0090H.1       PUBLIC        T2EX
  D:00D8H         PUBLIC        CCON
  B:00B0H.6       PUBLIC        RS
  B:00B8H.0       PUBLIC        PX0L
  B:00D0H.2       PUBLIC        OV
  B:0090H.1       PUBLIC        SS
  B:00B8H.2       PUBLIC        PX1L
  B:00C8H.5       PUBLIC        RCLK
  B:00C8H.4       PUBLIC        TCLK
  B:00B8H.6       PUBLIC        PPCL
  B:00A0H.4       PUBLIC        REDLED
  D:0098H         PUBLIC        SCON
  B:00A0H.6       PUBLIC        YELLOWLED
  B:0090H.4       PUBLIC        nCS0
  B:0080H.0       PUBLIC        AD0
  D:0089H         PUBLIC        TMOD
  D:0088H         PUBLIC        TCON
  B:0080H.1       PUBLIC        AD1
  B:0080H.2       PUBLIC        AD2
  B:00B0H.1       PUBLIC        per_RxD
  B:00C8H.1       PUBLIC        CnT2
  B:0080H.3       PUBLIC        AD3
  B:0090H.5       PUBLIC        MISO
  B:0090H.7       PUBLIC        MOSI
  B:0080H.4       PUBLIC        AD4
  B:00B0H.0       PUBLIC        per_TxD
  B:0080H.5       PUBLIC        AD5
  B:0080H.6       PUBLIC        AD6
  B:0080H.7       PUBLIC        AD7
  B:00A0H.0       PUBLIC        AD8
  B:00A0H.1       PUBLIC        AD9
  B:0088H.1       PUBLIC        IE0
  B:00A0H.7       PUBLIC        AMBERLED
  B:0088H.3       PUBLIC        IE1
  B:00B0H.7       PUBLIC        E
  B:00A0H.5       PUBLIC        GREENLED
  B:00A8H.1       PUBLIC        ET0
  B:00A8H.3       PUBLIC        ET1
  B:0088H.5       PUBLIC        TF0
  B:00A8H.5       PUBLIC        ET2
  B:0088H.7       PUBLIC        TF1
  B:00C8H.7       PUBLIC        TF2
  B:0098H.2       PUBLIC        RB8
  D:008CH         PUBLIC        TH0
  B:00A8H.0       PUBLIC        EX0
  B:0088H.0       PUBLIC        IT0
BL51 BANKED LINKER/LOCATER V4.02                                                      11/08/2019  17:19:49  PAGE 55


  B:0098H.3       PUBLIC        TB8
  B:00A8H.2       PUBLIC        EX1
  B:0088H.2       PUBLIC        IT1
  B:00D0H.0       PUBLIC        P
  B:0098H.7       PUBLIC        SM0
  D:008AH         PUBLIC        TL0
  B:0090H.2       PUBLIC        ECI
  B:0098H.6       PUBLIC        SM1
  B:0098H.5       PUBLIC        SM2
  B:00D0H.3       PUBLIC        RS0
  B:0088H.4       PUBLIC        TR0
  B:00D0H.4       PUBLIC        RS1
  B:0090H.6       PUBLIC        per_SCLK
  B:0088H.6       PUBLIC        TR1
  C:24BCH         PUBLIC        _Timer0_DELAY_1ms
  B:00C8H.2       PUBLIC        TR2
  B:00A0H.0       PUBLIC        SW1
  B:00A0H.1       PUBLIC        SW2
  B:00A0H.2       PUBLIC        SW3
  B:00A0H.3       PUBLIC        SW4
  B:0090H.6       PUBLIC        SCK
  B:0090H.7       PUBLIC        per_MOSI
  B:0090H.5       PUBLIC        per_MISO
  B:00C8H.3       PUBLIC        EXEN2
  B:0098H.4       PUBLIC        REN
  B:00A0H.2       PUBLIC        AD10
  B:00A0H.3       PUBLIC        AD11
  D:00C8H         PUBLIC        T2CON
  B:00A0H.4       PUBLIC        AD12
  B:00A0H.5       PUBLIC        AD13
  B:00A0H.6       PUBLIC        AD14
  B:00A0H.7       PUBLIC        AD15
  B:00B8H.4       PUBLIC        PLS
  B:00D0H.5       PUBLIC        F0
  B:00D0H.1       PUBLIC        F1
  D:00D0H         PUBLIC        PSW
  B:00D8H.0       PUBLIC        CCF0
  B:00D8H.1       PUBLIC        CCF1
  -------         PROC          _TIMER0_DELAY_1MS
  D:0006H         SYMBOL        duration
  C:24BCH         LINE#         7
  C:24BCH         LINE#         8
  C:24BCH         LINE#         10
  C:24BFH         LINE#         11
  C:24C2H         LINE#         14
  C:24C4H         LINE#         17
  C:24C4H         LINE#         19
  C:24C7H         LINE#         20
  C:24CAH         LINE#         22
  C:24CCH         LINE#         23
  C:24CEH         LINE#         25
  C:24D1H         LINE#         27
  C:24D3H         LINE#         28
  C:24D8H         LINE#         29
  C:24E1H         LINE#         30
  -------         ENDPROC       _TIMER0_DELAY_1MS
  -------         ENDMOD        TIMER0_HARDWARE_DELAY_1MS
BL51 BANKED LINKER/LOCATER V4.02                                                      11/08/2019  17:19:49  PAGE 56



  -------         MODULE        UART
  C:0000H         SYMBOL        _ICE_DUMMY_
  B:00D8H.2       PUBLIC        CCF2
  B:00D8H.3       PUBLIC        CCF3
  D:0080H         PUBLIC        P0
  B:00D8H.4       PUBLIC        CCF4
  D:0090H         PUBLIC        P1
  D:00A0H         PUBLIC        P2
  D:00B0H         PUBLIC        P3
  B:00B0H.4       PUBLIC        T0
  B:00D0H.6       PUBLIC        AC
  B:00B0H.5       PUBLIC        T1
  B:00B0H.7       PUBLIC        nRD
  B:0090H.0       PUBLIC        T2
  B:00A8H.7       PUBLIC        EA
  B:00A8H.6       PUBLIC        EC
  B:00D8H.7       PUBLIC        CF
  B:00B0H.2       PUBLIC        nINT0
  B:0098H.7       PUBLIC        FE
  B:00B0H.3       PUBLIC        nINT1
  D:00A8H         PUBLIC        IEN0
  B:00B0H.0       PUBLIC        RxD
  B:00B0H.1       PUBLIC        TxD
  B:0090H.3       PUBLIC        CEX0
  B:0090H.4       PUBLIC        CEX1
  B:00C8H.0       PUBLIC        CP
  B:00D8H.6       PUBLIC        CR
  B:00C8H.6       PUBLIC        EXF2
  D:00B8H         PUBLIC        IPL0
  B:00B0H.6       PUBLIC        nWR
  B:00A8H.4       PUBLIC        ES
  B:0098H.0       PUBLIC        RI
  B:00D0H.7       PUBLIC        CY
  B:0098H.1       PUBLIC        TI
  B:00B8H.1       PUBLIC        PT0L
  B:00B8H.3       PUBLIC        PT1L
  B:00B8H.5       PUBLIC        PT2L
  B:0090H.1       PUBLIC        T2EX
  D:00D8H         PUBLIC        CCON
  B:00B8H.0       PUBLIC        PX0L
  B:00D0H.2       PUBLIC        OV
  B:0090H.1       PUBLIC        SS
  B:00B8H.2       PUBLIC        PX1L
  B:00C8H.5       PUBLIC        RCLK
  B:00C8H.4       PUBLIC        TCLK
  B:00B8H.6       PUBLIC        PPCL
  D:0099H         PUBLIC        SBUF
  D:0087H         PUBLIC        PCON
  D:0098H         PUBLIC        SCON
  C:23D0H         PUBLIC        _uart_init
  B:0080H.0       PUBLIC        AD0
  D:0088H         PUBLIC        TCON
  B:0080H.1       PUBLIC        AD1
  B:0080H.2       PUBLIC        AD2
  B:00C8H.1       PUBLIC        CnT2
  B:0080H.3       PUBLIC        AD3
BL51 BANKED LINKER/LOCATER V4.02                                                      11/08/2019  17:19:49  PAGE 57


  B:0090H.5       PUBLIC        MISO
  B:0090H.7       PUBLIC        MOSI
  B:0080H.4       PUBLIC        AD4
  B:0080H.5       PUBLIC        AD5
  D:009BH         PUBLIC        BDRCON
  B:0080H.6       PUBLIC        AD6
  B:0080H.7       PUBLIC        AD7
  B:00A0H.0       PUBLIC        AD8
  B:00A0H.1       PUBLIC        AD9
  B:0088H.1       PUBLIC        IE0
  B:0088H.3       PUBLIC        IE1
  B:00A8H.1       PUBLIC        ET0
  B:00A8H.3       PUBLIC        ET1
  B:0088H.5       PUBLIC        TF0
  B:00A8H.5       PUBLIC        ET2
  B:0088H.7       PUBLIC        TF1
  B:00C8H.7       PUBLIC        TF2
  B:0098H.2       PUBLIC        RB8
  B:00A8H.0       PUBLIC        EX0
  B:0088H.0       PUBLIC        IT0
  B:0098H.3       PUBLIC        TB8
  B:00A8H.2       PUBLIC        EX1
  B:0088H.2       PUBLIC        IT1
  B:00D0H.0       PUBLIC        P
  B:0098H.7       PUBLIC        SM0
  B:0090H.2       PUBLIC        ECI
  B:0098H.6       PUBLIC        SM1
  B:0098H.5       PUBLIC        SM2
  C:24E2H         PUBLIC        _UART_Transmit
  B:00D0H.3       PUBLIC        RS0
  B:0088H.4       PUBLIC        TR0
  B:00D0H.4       PUBLIC        RS1
  B:0088H.6       PUBLIC        TR1
  B:00C8H.2       PUBLIC        TR2
  D:009AH         PUBLIC        BRL
  B:0090H.6       PUBLIC        SCK
  B:00C8H.3       PUBLIC        EXEN2
  C:2564H         PUBLIC        UART_Receive
  B:0098H.4       PUBLIC        REN
  B:00A0H.2       PUBLIC        AD10
  B:00A0H.3       PUBLIC        AD11
  D:00C8H         PUBLIC        T2CON
  B:00A0H.4       PUBLIC        AD12
  B:00A0H.5       PUBLIC        AD13
  B:00A0H.6       PUBLIC        AD14
  B:00A0H.7       PUBLIC        AD15
  B:00B8H.4       PUBLIC        PLS
  B:00D0H.5       PUBLIC        F0
  B:00D0H.1       PUBLIC        F1
  D:00D0H         PUBLIC        PSW
  B:00D8H.0       PUBLIC        CCF0
  B:00D8H.1       PUBLIC        CCF1
  -------         PROC          _UART_INIT
  D:0006H         SYMBOL        BAUD_RATE
  C:23D0H         LINE#         13
  C:23D0H         LINE#         14
  C:23D0H         LINE#         18
BL51 BANKED LINKER/LOCATER V4.02                                                      11/08/2019  17:19:49  PAGE 58


  C:23D3H         LINE#         19
  C:23D6H         LINE#         22
  C:23D8H         LINE#         24
  C:23DBH         LINE#         27
  C:23DEH         LINE#         29
  C:23FFH         LINE#         30
  C:2402H         LINE#         35
  C:2404H         LINE#         38
  -------         ENDPROC       _UART_INIT
  -------         PROC          _UART_TRANSMIT
  D:0007H         SYMBOL        send_value
  -------         DO            send_value
  D:0006H         SYMBOL        return_value
  D:0004H         SYMBOL        timeout
  -------         ENDDO         timeout
  C:24E2H         LINE#         48
  C:24E2H         LINE#         49
  C:24E2H         LINE#         52
  C:24E5H         LINE#         54
  C:24E5H         LINE#         55
  C:24EAH         LINE#         56
  C:24F1H         LINE#         57
  C:24F5H         LINE#         58
  C:24F5H         LINE#         59
  C:24F7H         LINE#         60
  C:24F9H         LINE#         61
  C:24FBH         LINE#         62
  C:24FDH         LINE#         64
  C:24FDH         LINE#         65
  C:24FFH         LINE#         66
  C:24FFH         LINE#         67
  C:2501H         LINE#         68
  -------         ENDPROC       _UART_TRANSMIT
  -------         PROC          UART_RECEIVE
  -------         DO            UART_RECEIVE
  D:0007H         SYMBOL        return_value
  -------         ENDDO         return_value
  C:2564H         LINE#         83
  C:2564H         LINE#         84
  C:2564H         LINE#         86
  C:2567H         LINE#         87
  C:2569H         LINE#         88
  C:256BH         LINE#         89
  C:256BH         LINE#         90
  -------         ENDPROC       UART_RECEIVE
  -------         ENDMOD        UART

  -------         MODULE        ?C?CLDPTR
  C:0003H         PUBLIC        ?C?CLDPTR
  -------         ENDMOD        ?C?CLDPTR

  -------         MODULE        ?C?CLDOPTR
  C:001CH         PUBLIC        ?C?CLDOPTR
  -------         ENDMOD        ?C?CLDOPTR

  -------         MODULE        ?C?CILDOPTR
  C:0049H         PUBLIC        ?C?CILDOPTR
BL51 BANKED LINKER/LOCATER V4.02                                                      11/08/2019  17:19:49  PAGE 59


  -------         ENDMOD        ?C?CILDOPTR

  -------         MODULE        ?C?CSTPTR
  C:007CH         PUBLIC        ?C?CSTPTR
  -------         ENDMOD        ?C?CSTPTR

  -------         MODULE        ?C?CSTOPTR
  C:008EH         PUBLIC        ?C?CSTOPTR
  -------         ENDMOD        ?C?CSTOPTR

  -------         MODULE        ?C?IMUL
  C:00B0H         PUBLIC        ?C?IMUL
  -------         ENDMOD        ?C?IMUL

  -------         MODULE        ?C?UIDIV
  C:00C2H         PUBLIC        ?C?UIDIV
  -------         ENDMOD        ?C?UIDIV

  -------         MODULE        ?C?ILDOPTR
  C:0117H         PUBLIC        ?C?ILDOPTR
  -------         ENDMOD        ?C?ILDOPTR

  -------         MODULE        ?C?ISTOPTR
  C:014FH         PUBLIC        ?C?ISTOPTR
  -------         ENDMOD        ?C?ISTOPTR

  -------         MODULE        ?C?LMUL
  C:017CH         PUBLIC        ?C?LMUL
  -------         ENDMOD        ?C?LMUL

  -------         MODULE        ?C?ULDIV
  C:0207H         PUBLIC        ?C?ULDIV
  -------         ENDMOD        ?C?ULDIV

  -------         MODULE        ?C?ULCMP
  C:0299H         PUBLIC        ?C?ULCMP
  -------         ENDMOD        ?C?ULCMP

  -------         MODULE        ?C?ULSHR
  C:02AAH         PUBLIC        ?C?ULSHR
  -------         ENDMOD        ?C?ULSHR

  -------         MODULE        ?C?LSHL
  C:02BDH         PUBLIC        ?C?LSHL
  -------         ENDMOD        ?C?LSHL

  -------         MODULE        ?C?LLDOPTR
  C:02D0H         PUBLIC        ?C?LLDOPTR
  -------         ENDMOD        ?C?LLDOPTR

  -------         MODULE        ?C?LSTOPTR
  C:0300H         PUBLIC        ?C?LSTOPTR
  -------         ENDMOD        ?C?LSTOPTR

  -------         MODULE        ?C?LLDIDATA
  C:0324H         PUBLIC        ?C?LLDIDATA
  -------         ENDMOD        ?C?LLDIDATA
BL51 BANKED LINKER/LOCATER V4.02                                                      11/08/2019  17:19:49  PAGE 60



  -------         MODULE        ?C?LLDOPTR0
  C:0330H         PUBLIC        ?C?LLDOPTR0
  -------         ENDMOD        ?C?LLDOPTR0

  -------         MODULE        PUTCHAR
  C:2495H         PUBLIC        _PUTCHAR
  -------         ENDMOD        PUTCHAR

  -------         MODULE        PRINTF
  D:0057H         PUBLIC        ?_PRINTF517?BYTE
  D:0057H         PUBLIC        ?_PRINTF?BYTE
  D:0057H         PUBLIC        ?_SPRINTF517?BYTE
  D:0057H         PUBLIC        ?_SPRINTF?BYTE
  C:0C6EH         PUBLIC        _PRINTF
  C:0C6EH         PUBLIC        _PRINTF517
  C:0C68H         PUBLIC        _SPRINTF
  C:0C68H         PUBLIC        _SPRINTF517
  -------         ENDMOD        PRINTF

  -------         MODULE        GETCHAR
  B:0021H.1       PUBLIC        ?C?CHARLOADED
  D:0008H         PUBLIC        ?_UNGETCHAR?BYTE
  C:2515H         PUBLIC        GETCHAR
  -------         ENDMOD        GETCHAR

  -------         MODULE        ATOL
  C:1CFEH         PUBLIC        _ATOL
  -------         ENDMOD        ATOL

  -------         MODULE        ?C?LNEG
  C:0360H         PUBLIC        ?C?LNEG
  -------         ENDMOD        ?C?LNEG

  -------         MODULE        ?C?LLDXDATA
  C:036EH         PUBLIC        ?C?LLDXDATA
  -------         ENDMOD        ?C?LLDXDATA

  -------         MODULE        ?C?LLDPDATA
  C:037AH         PUBLIC        ?C?LLDPDATA
  -------         ENDMOD        ?C?LLDPDATA

  -------         MODULE        ?C?LLDCODE
  C:0386H         PUBLIC        ?C?LLDCODE
  -------         ENDMOD        ?C?LLDCODE

  -------         MODULE        ?C?LLDIDATA0
  C:0396H         PUBLIC        ?C?LLDIDATA0
  -------         ENDMOD        ?C?LLDIDATA0

  -------         MODULE        ?C?LLDXDATA0
  C:03A3H         PUBLIC        ?C?LLDXDATA0
  -------         ENDMOD        ?C?LLDXDATA0

  -------         MODULE        ?C?LLDPDATA0
  C:03AFH         PUBLIC        ?C?LLDPDATA0
  -------         ENDMOD        ?C?LLDPDATA0
BL51 BANKED LINKER/LOCATER V4.02                                                      11/08/2019  17:19:49  PAGE 61



  -------         MODULE        ?C?LLDCODE0
  C:03BCH         PUBLIC        ?C?LLDCODE0
  -------         ENDMOD        ?C?LLDCODE0

  -------         MODULE        ?C?LSTIDATA
  C:03CCH         PUBLIC        ?C?LSTIDATA
  -------         ENDMOD        ?C?LSTIDATA

  -------         MODULE        ?C?LSTXDATA
  C:03D8H         PUBLIC        ?C?LSTXDATA
  -------         ENDMOD        ?C?LSTXDATA

  -------         MODULE        ?C?LSTPDATA
  C:03E4H         PUBLIC        ?C?LSTPDATA
  -------         ENDMOD        ?C?LSTPDATA

  -------         MODULE        ?C?PLDIIDATA
  C:03F0H         PUBLIC        ?C?PLDIIDATA
  -------         ENDMOD        ?C?PLDIIDATA

  -------         MODULE        ?C?CCASE
  C:0400H         PUBLIC        ?C?CCASE
  -------         ENDMOD        ?C?CCASE

  -------         MODULE        _GETKEY
  C:255AH         PUBLIC        _GETKEY
  -------         ENDMOD        _GETKEY

  -------         MODULE        ISDIGIT
  C:2526H         PUBLIC        _ISDIGIT
  -------         ENDMOD        ISDIGIT

  -------         MODULE        ISSPACE
  C:2502H         PUBLIC        _ISSPACE
  -------         ENDMOD        ISSPACE

LINK/LOCATE RUN COMPLETE.  0 WARNING(S),  0 ERROR(S)
